Archive member included to satisfy reference by file (symbol)

lib/orangescrt.a(printf.o)    kernel/main.o (printf)
lib/orangescrt.a(vsprintf.o)  kernel/main.o (vsprintf)
lib/orangescrt.a(string.o)    kernel/start.o (memcpy)
lib/orangescrt.a(misc.o)      kernel/main.o (send_recv)
lib/orangescrt.a(open.o)      kernel/main.o (open)
lib/orangescrt.a(read.o)      kernel/main.o (read)
lib/orangescrt.a(write.o)     kernel/main.o (write)
lib/orangescrt.a(close.o)     kernel/main.o (close)
lib/orangescrt.a(getpid.o)    kernel/main.o (getpid)
lib/orangescrt.a(stat.o)      mm/exec.o (stat)
lib/orangescrt.a(fork.o)      kernel/main.o (fork)
lib/orangescrt.a(wait.o)      kernel/main.o (wait)
lib/orangescrt.a(exec.o)      kernel/main.o (execv)
lib/orangescrt.a(shell.o)     kernel/main.o (Init_Shell)
lib/orangescrt.a(syscall.o)   lib/orangescrt.a(misc.o) (sendrec)

Allocating common symbols
Common symbol       size              file

idt_ptr             0x6               kernel/global.o
inode_table         0xb00             kernel/global.o
task_stack          0x24000           kernel/global.o
k_reenter           0x4               kernel/global.o
gdt                 0x400             kernel/global.o
current_console     0x4               kernel/global.o
pcaller             0x4               kernel/global.o
tty_table           0xc6c             kernel/global.o
tss                 0x68              kernel/global.o
fs_msg              0x30              kernel/global.o
tmp_path            0x465             lib/orangescrt.a(shell.o)
memory_size         0x4               kernel/global.o
f_desc_table        0x500             kernel/global.o
root_inode          0x4               kernel/global.o
disp_pos            0x4               kernel/global.o
mm_msg              0x30              kernel/global.o
Working_Directory   0x400             kernel/global.o
key_pressed         0x4               kernel/global.o
gdt_ptr             0x6               kernel/global.o
idt                 0x800             kernel/global.o
super_block         0x1e0             kernel/global.o
PARTITION_ENTRY     0x10              kernel/hd.o
ticks               0x4               kernel/global.o
console_table       0x3c              kernel/global.o
irq_table           0x40              kernel/global.o
p_proc_ready        0x4               kernel/global.o
proc_table          0x3af8            kernel/global.o

Discarded input sections

 .note.GNU-stack
                0x0000000000000000        0x0 kernel/start.o
 .note.GNU-stack
                0x0000000000000000        0x0 kernel/main.o
 .note.GNU-stack
                0x0000000000000000        0x0 kernel/clock.o
 .note.GNU-stack
                0x0000000000000000        0x0 kernel/keyboard.o
 .note.GNU-stack
                0x0000000000000000        0x0 kernel/tty.o
 .note.GNU-stack
                0x0000000000000000        0x0 kernel/console.o
 .note.GNU-stack
                0x0000000000000000        0x0 kernel/i8259.o
 .note.GNU-stack
                0x0000000000000000        0x0 kernel/global.o
 .note.GNU-stack
                0x0000000000000000        0x0 kernel/protect.o
 .note.GNU-stack
                0x0000000000000000        0x0 kernel/proc.o
 .note.GNU-stack
                0x0000000000000000        0x0 kernel/systask.o
 .note.GNU-stack
                0x0000000000000000        0x0 kernel/hd.o
 .note.GNU-stack
                0x0000000000000000        0x0 kernel/klib.o
 .note.GNU-stack
                0x0000000000000000        0x0 lib/syslog.o
 .note.GNU-stack
                0x0000000000000000        0x0 mm/main.o
 .note.GNU-stack
                0x0000000000000000        0x0 mm/forkexit.o
 .note.GNU-stack
                0x0000000000000000        0x0 mm/exec.o
 .note.GNU-stack
                0x0000000000000000        0x0 fs/main.o
 .note.GNU-stack
                0x0000000000000000        0x0 fs/open.o
 .note.GNU-stack
                0x0000000000000000        0x0 fs/misc.o
 .note.GNU-stack
                0x0000000000000000        0x0 fs/read_write.o
 .note.GNU-stack
                0x0000000000000000        0x0 fs/link.o
 .note.GNU-stack
                0x0000000000000000        0x0 fs/disklog.o
 .note.GNU-stack
                0x0000000000000000        0x0 lib/orangescrt.a(printf.o)
 .note.GNU-stack
                0x0000000000000000        0x0 lib/orangescrt.a(vsprintf.o)
 .note.GNU-stack
                0x0000000000000000        0x0 lib/orangescrt.a(misc.o)
 .note.GNU-stack
                0x0000000000000000        0x0 lib/orangescrt.a(open.o)
 .note.GNU-stack
                0x0000000000000000        0x0 lib/orangescrt.a(read.o)
 .note.GNU-stack
                0x0000000000000000        0x0 lib/orangescrt.a(write.o)
 .note.GNU-stack
                0x0000000000000000        0x0 lib/orangescrt.a(close.o)
 .note.GNU-stack
                0x0000000000000000        0x0 lib/orangescrt.a(getpid.o)
 .note.GNU-stack
                0x0000000000000000        0x0 lib/orangescrt.a(stat.o)
 .note.GNU-stack
                0x0000000000000000        0x0 lib/orangescrt.a(fork.o)
 .note.GNU-stack
                0x0000000000000000        0x0 lib/orangescrt.a(wait.o)
 .note.GNU-stack
                0x0000000000000000        0x0 lib/orangescrt.a(exec.o)
 .note.GNU-stack
                0x0000000000000000        0x0 lib/orangescrt.a(shell.o)

Memory Configuration

Name             Origin             Length             Attributes
*default*        0x0000000000000000 0xffffffffffffffff

Linker script and memory map

Address of section .text set to 0x1000
LOAD kernel/kernel.o
LOAD kernel/start.o
LOAD kernel/main.o
LOAD kernel/clock.o
LOAD kernel/keyboard.o
LOAD kernel/tty.o
LOAD kernel/console.o
LOAD kernel/i8259.o
LOAD kernel/global.o
LOAD kernel/protect.o
LOAD kernel/proc.o
LOAD kernel/systask.o
LOAD kernel/hd.o
LOAD kernel/kliba.o
LOAD kernel/klib.o
LOAD lib/syslog.o
LOAD mm/main.o
LOAD mm/forkexit.o
LOAD mm/exec.o
LOAD fs/main.o
LOAD fs/open.o
LOAD fs/misc.o
LOAD fs/read_write.o
LOAD fs/link.o
LOAD fs/disklog.o
LOAD lib/orangescrt.a
                [!provide]                        PROVIDE (__executable_start, 0x8048000)
                0x0000000008048094                . = (0x8048000 + SIZEOF_HEADERS)

.interp
 *(.interp)

.note.gnu.build-id
 *(.note.gnu.build-id)

.hash
 *(.hash)

.gnu.hash
 *(.gnu.hash)

.dynsym
 *(.dynsym)

.dynstr
 *(.dynstr)

.gnu.version
 *(.gnu.version)

.gnu.version_d
 *(.gnu.version_d)

.gnu.version_r
 *(.gnu.version_r)

.rel.dyn        0x0000000008048094        0x0
 *(.rel.init)
 *(.rel.text .rel.text.* .rel.gnu.linkonce.t.*)
 .rel.text      0x0000000008048094        0x0 kernel/kernel.o
 *(.rel.fini)
 *(.rel.rodata .rel.rodata.* .rel.gnu.linkonce.r.*)
 *(.rel.data.rel.ro .rel.data.rel.ro.* .rel.gnu.linkonce.d.rel.ro.*)
 *(.rel.data .rel.data.* .rel.gnu.linkonce.d.*)
 .rel.data      0x0000000008048094        0x0 kernel/kernel.o
 *(.rel.tdata .rel.tdata.* .rel.gnu.linkonce.td.*)
 *(.rel.tbss .rel.tbss.* .rel.gnu.linkonce.tb.*)
 *(.rel.ctors)
 *(.rel.dtors)
 *(.rel.got)
 *(.rel.bss .rel.bss.* .rel.gnu.linkonce.b.*)
 *(.rel.ifunc)

.rel.plt        0x0000000008048094        0x0
 *(.rel.plt)
                [!provide]                        PROVIDE (__rel_iplt_start, .)
 *(.rel.iplt)
 .rel.iplt      0x0000000008048094        0x0 kernel/kernel.o
                [!provide]                        PROVIDE (__rel_iplt_end, .)

.init
 *(SORT(.init))

.plt            0x00000000080480a0        0x0
 *(.plt)
 *(.iplt)
 .iplt          0x00000000080480a0        0x0 kernel/kernel.o

.plt.got
 *(.plt.got)

.text           0x0000000000001000     0xca08
 *(.text.unlikely .text.*_unlikely .text.unlikely.*)
 *(.text.exit .text.exit.*)
 *(.text.startup .text.startup.*)
 *(.text.hot .text.hot.*)
 *(.text .stub .text.* .gnu.linkonce.t.*)
 .text          0x0000000000001000      0x410 kernel/kernel.o
                0x0000000000001000                _start
                0x0000000000001040                hwint00
                0x0000000000001070                hwint01
                0x00000000000010a0                hwint02
                0x00000000000010d0                hwint03
                0x0000000000001100                hwint04
                0x0000000000001130                hwint05
                0x0000000000001160                hwint06
                0x0000000000001190                hwint07
                0x00000000000011c0                hwint08
                0x00000000000011f0                hwint09
                0x0000000000001220                hwint10
                0x0000000000001250                hwint11
                0x0000000000001280                hwint12
                0x00000000000012b0                hwint13
                0x00000000000012e0                hwint14
                0x0000000000001310                hwint15
                0x0000000000001334                divide_error
                0x000000000000133a                single_step_exception
                0x0000000000001340                nmi
                0x0000000000001346                breakpoint_exception
                0x000000000000134c                overflow
                0x0000000000001352                bounds_check
                0x0000000000001358                inval_opcode
                0x000000000000135e                copr_not_available
                0x0000000000001364                double_fault
                0x0000000000001368                copr_seg_overrun
                0x000000000000136e                inval_tss
                0x0000000000001372                segment_not_present
                0x0000000000001376                stack_exception
                0x000000000000137a                general_protection
                0x000000000000137e                page_fault
                0x0000000000001382                copr_error
                0x00000000000013cb                sys_call
                0x00000000000013eb                restart
 .text          0x0000000000001410       0x95 kernel/start.o
                0x0000000000001410                cstart
 .text          0x00000000000014a5      0x982 kernel/main.o
                0x00000000000014a5                kernel_main
                0x00000000000017c0                get_ticks
                0x00000000000017f4                untar
                0x00000000000019e9                shabby_shell
                0x0000000000001c62                Init
                0x0000000000001dcf                TestA
                0x0000000000001dd4                TestB
                0x0000000000001dd9                TestC
                0x0000000000001dde                panic
 .text          0x0000000000001e27      0x10d kernel/clock.o
                0x0000000000001e27                clock_handler
                0x0000000000001ea2                milli_delay
                0x0000000000001edc                init_clock
 .text          0x0000000000001f34      0x6da kernel/keyboard.o
                0x0000000000001f34                keyboard_handler
                0x0000000000001f9e                init_keyboard
                0x000000000000204d                keyboard_read
 .text          0x000000000000260e      0xa2c kernel/tty.o
                0x000000000000260e                task_tty
                0x00000000000027ff                in_process
                0x0000000000002d3a                sys_printx
                0x0000000000002ed9                dump_tty_buf
 .text          0x000000000000303a      0x7d7 kernel/console.o
                0x000000000000303a                init_screen
                0x00000000000031ae                out_char
                0x000000000000348b                is_current_console
                0x000000000000357e                select_console
                0x00000000000035be                scroll_screen
 .text          0x0000000000003811      0x130 kernel/i8259.o
                0x0000000000003811                init_8259A
                0x00000000000038e6                spurious_irq
                0x000000000000391d                put_irq_handler
 .text          0x0000000000003941        0x0 kernel/global.o
 .text          0x0000000000003941      0x65f kernel/protect.o
                0x0000000000003941                init_prot
                0x0000000000003da9                seg2linear
                0x0000000000003df8                init_desc
                0x0000000000003e65                exception_handler
 .text          0x0000000000003fa0     0x15ff kernel/proc.o
                0x0000000000003fa0                schedule
                0x000000000000402c                sys_sendrec
                0x000000000000414c                ldt_seg_linear
                0x0000000000004196                va2la
                0x00000000000041f7                reset_msg
                0x0000000000004fe6                inform_int
                0x0000000000005156                dump_proc
                0x0000000000005492                dump_msg
 .text          0x000000000000559f      0x2bc kernel/systask.o
                0x000000000000559f                task_sys
 .text          0x000000000000585b      0xe1f kernel/hd.o
                0x000000000000585b                task_hd
                0x000000000000664f                hd_handler
 *fill*         0x000000000000667a        0x6 
 .text          0x0000000000006680      0x19a kernel/kliba.o
                0x0000000000006680                disp_str
                0x00000000000066be                disp_color_str
                0x00000000000066fd                out_byte
                0x0000000000006709                in_byte
                0x0000000000006713                port_read
                0x0000000000006726                port_write
                0x0000000000006739                disable_irq
                0x000000000000676e                enable_irq
                0x000000000000678d                disable_int
                0x000000000000678f                enable_int
                0x0000000000006791                glitter
 .text          0x000000000000681a      0x2af kernel/klib.o
                0x000000000000681a                get_boot_params
                0x00000000000068a0                get_kernel_map
                0x00000000000069b0                itoa
                0x0000000000006a5b                disp_int
                0x0000000000006a82                delay
 .text          0x0000000000006ac9       0x6f lib/syslog.o
                0x0000000000006ac9                syslog
 .text          0x0000000000006b38      0x1bc mm/main.o
                0x0000000000006b38                task_mm
                0x0000000000006c6f                alloc_mem
                0x0000000000006cea                free_mem
 .text          0x0000000000006cf4      0x5c0 mm/forkexit.o
                0x0000000000006cf4                do_fork
                0x0000000000007035                do_exit
                0x00000000000071fe                do_wait
 .text          0x00000000000072b4      0x356 mm/exec.o
                0x00000000000072b4                do_exec
 .text          0x000000000000760a     0x1210 fs/main.o
                0x000000000000760a                task_fs
                0x00000000000080be                rw_sector
                0x00000000000082e1                get_super_block
                0x0000000000008327                get_inode
                0x000000000000848a                get_inode_directly
                0x00000000000084d5                count_surplus_inode_link
                0x0000000000008515                put_inode
                0x0000000000008553                put_inodes_link
                0x00000000000085ae                sync_inode
                0x00000000000086ad                sync_inode_link
 .text          0x000000000000881a      0xdb7 fs/open.o
                0x000000000000881a                do_open
                0x0000000000008be5                do_mkdir
                0x0000000000008eb3                do_close
                0x0000000000008f2e                do_lseek
 .text          0x00000000000095d1      0x4be fs/misc.o
                0x00000000000095d1                do_stat
                0x0000000000009806                low_search_entry
                0x00000000000098f0                search_file
                0x000000000000998d                strip_path
 .text          0x0000000000009a8f      0x781 fs/read_write.o
                0x0000000000009a8f                do_rdwt
 .text          0x000000000000a210      0x85c fs/link.o
                0x000000000000a210                do_unlink
 .text          0x000000000000aa6c     0x1fe3 fs/disklog.o
                0x000000000000aa6c                disklog
                0x000000000000afd9                dump_fd_graph
 .text          0x000000000000ca4f       0xad lib/orangescrt.a(printf.o)
                0x000000000000ca4f                printf
                0x000000000000caba                printl
 .text          0x000000000000cafc      0x305 lib/orangescrt.a(vsprintf.o)
                0x000000000000cb5a                vsprintf
                0x000000000000cddb                sprintf
 *fill*         0x000000000000ce01        0xf 
 .text          0x000000000000ce10       0x78 lib/orangescrt.a(string.o)
                0x000000000000ce10                memcpy
                0x000000000000ce39                memset
                0x000000000000ce5a                strcpy
                0x000000000000ce72                strlen
 .text          0x000000000000ce88      0x387 lib/orangescrt.a(misc.o)
                0x000000000000ce88                send_recv
                0x000000000000cf42                memcmp
                0x000000000000cfb8                strcmp
                0x000000000000d02b                strcat
                0x000000000000d08a                spin
                0x000000000000d0a5                strchr
                0x000000000000d0d2                strtok
                0x000000000000d1a0                _strcpy
                0x000000000000d1d6                assertion_failure
 .text          0x000000000000d20f       0xc6 lib/orangescrt.a(open.o)
                0x000000000000d20f                open
                0x000000000000d272                mkdir
 .text          0x000000000000d2d5       0x37 lib/orangescrt.a(read.o)
                0x000000000000d2d5                read
 .text          0x000000000000d30c       0x37 lib/orangescrt.a(write.o)
                0x000000000000d30c                write
 .text          0x000000000000d343       0x2b lib/orangescrt.a(close.o)
                0x000000000000d343                close
 .text          0x000000000000d36e       0x46 lib/orangescrt.a(getpid.o)
                0x000000000000d36e                getpid
 .text          0x000000000000d3b4       0x63 lib/orangescrt.a(stat.o)
                0x000000000000d3b4                stat
 .text          0x000000000000d417       0x66 lib/orangescrt.a(fork.o)
                0x000000000000d417                fork
 .text          0x000000000000d47d       0x3c lib/orangescrt.a(wait.o)
                0x000000000000d47d                wait
 .text          0x000000000000d4b9      0x237 lib/orangescrt.a(exec.o)
                0x000000000000d4b9                exec
                0x000000000000d524                execl
                0x000000000000d549                execv
 .text          0x000000000000d6f0      0x2ed lib/orangescrt.a(shell.o)
                0x000000000000d6f0                Init_Shell
                0x000000000000d704                chdir
                0x000000000000d743                getcwd
                0x000000000000d7d2                get_full_path
 *fill*         0x000000000000d9dd        0x3 
 .text          0x000000000000d9e0       0x28 lib/orangescrt.a(syscall.o)
                0x000000000000d9e0                sendrec
                0x000000000000d9fa                printx
 *(.gnu.warning)

.fini
 *(SORT(.fini))
                [!provide]                        PROVIDE (__etext, .)
                [!provide]                        PROVIDE (_etext, .)
                [!provide]                        PROVIDE (etext, .)

.rodata         0x000000000000da20     0x26f4
 *(.rodata .rodata.* .gnu.linkonce.r.*)
 .rodata        0x000000000000da20       0x47 kernel/start.o
 *fill*         0x000000000000da67        0x1 
 .rodata        0x000000000000da68      0x1f0 kernel/main.o
 .rodata        0x000000000000dc58       0x64 kernel/keyboard.o
 .rodata        0x000000000000dcbc      0x168 kernel/tty.o
 .rodata        0x000000000000de24       0x5b kernel/console.o
 .rodata        0x000000000000de7f       0x11 kernel/i8259.o
 .rodata        0x000000000000de90       0x10 kernel/global.o
                0x000000000000de90                FSBUF_SIZE
                0x000000000000de94                MMBUF_SIZE
                0x000000000000de98                LOGBUF_SIZE
                0x000000000000de9c                LOGDISKBUF_SIZE
 .rodata        0x000000000000dea0      0x580 kernel/protect.o
 .rodata        0x000000000000e420      0x5da kernel/proc.o
 .rodata        0x000000000000e9fa       0x11 kernel/systask.o
 *fill*         0x000000000000ea0b        0x1 
 .rodata        0x000000000000ea0c      0x1df kernel/hd.o
 *fill*         0x000000000000ebeb        0x1 
 .rodata        0x000000000000ebec       0x6a kernel/klib.o
 .rodata        0x000000000000ec56       0x1e lib/syslog.o
 .rodata        0x000000000000ec74       0xb1 mm/main.o
 *fill*         0x000000000000ed25        0x3 
 .rodata        0x000000000000ed28       0xe7 mm/forkexit.o
 *fill*         0x000000000000ee0f        0x1 
 .rodata        0x000000000000ee10       0xa4 mm/exec.o
 .rodata        0x000000000000eeb4      0x2c2 fs/main.o
 *fill*         0x000000000000f176        0x2 
 .rodata        0x000000000000f178      0x1c3 fs/open.o
 *fill*         0x000000000000f33b        0x1 
 .rodata        0x000000000000f33c       0x90 fs/misc.o
 .rodata        0x000000000000f3cc      0x164 fs/read_write.o
 .rodata        0x000000000000f530      0x1ad fs/link.o
 *fill*         0x000000000000f6dd        0x3 
 .rodata        0x000000000000f6e0      0x806 fs/disklog.o
 .rodata        0x000000000000fee6       0x14 lib/orangescrt.a(printf.o)
 *fill*         0x000000000000fefa        0x2 
 .rodata        0x000000000000fefc       0xad lib/orangescrt.a(misc.o)
 .rodata        0x000000000000ffa9       0x23 lib/orangescrt.a(open.o)
 .rodata        0x000000000000ffcc       0x25 lib/orangescrt.a(getpid.o)
 .rodata        0x000000000000fff1       0x23 lib/orangescrt.a(stat.o)
 .rodata        0x0000000000010014       0x33 lib/orangescrt.a(fork.o)
 *fill*         0x0000000000010047        0x1 
 .rodata        0x0000000000010048       0x87 lib/orangescrt.a(exec.o)
 *fill*         0x00000000000100cf        0x1 
 .rodata        0x00000000000100d0       0x44 lib/orangescrt.a(shell.o)

.rodata1
 *(.rodata1)

.eh_frame_hdr
 *(.eh_frame_hdr)
 *(.eh_frame_entry .eh_frame_entry.*)

.eh_frame       0x0000000000010114     0x1484
 *(.eh_frame)
 .eh_frame      0x0000000000010114       0x38 kernel/start.o
 .eh_frame      0x000000000001014c      0x108 kernel/main.o
                                        0x120 (size before relaxing)
 .eh_frame      0x0000000000010254       0x60 kernel/clock.o
                                         0x78 (size before relaxing)
 .eh_frame      0x00000000000102b4       0xe0 kernel/keyboard.o
                                         0xf8 (size before relaxing)
 .eh_frame      0x0000000000010394      0x13c kernel/tty.o
                                        0x154 (size before relaxing)
 .eh_frame      0x00000000000104d0      0x144 kernel/console.o
                                        0x15c (size before relaxing)
 .eh_frame      0x0000000000010614       0x60 kernel/i8259.o
                                         0x78 (size before relaxing)
 .eh_frame      0x0000000000010674       0xb0 kernel/protect.o
                                         0xc8 (size before relaxing)
 .eh_frame      0x0000000000010724      0x1b8 kernel/proc.o
                                        0x1d0 (size before relaxing)
 .eh_frame      0x00000000000108dc       0x5c kernel/systask.o
                                         0x74 (size before relaxing)
 .eh_frame      0x0000000000010938      0x1f0 kernel/hd.o
                                        0x208 (size before relaxing)
 .eh_frame      0x0000000000010b28       0xa0 kernel/klib.o
                                         0xb8 (size before relaxing)
 .eh_frame      0x0000000000010bc8       0x20 lib/syslog.o
                                         0x38 (size before relaxing)
 .eh_frame      0x0000000000010be8       0x7c mm/main.o
                                         0x94 (size before relaxing)
 .eh_frame      0x0000000000010c64       0x90 mm/forkexit.o
                                         0xa8 (size before relaxing)
 .eh_frame      0x0000000000010cf4       0x2c mm/exec.o
                                         0x44 (size before relaxing)
 .eh_frame      0x0000000000010d20      0x1f0 fs/main.o
                                        0x208 (size before relaxing)
 .eh_frame      0x0000000000010f10      0x188 fs/open.o
                                        0x1a0 (size before relaxing)
 .eh_frame      0x0000000000011098       0x88 fs/misc.o
                                         0xa0 (size before relaxing)
 .eh_frame      0x0000000000011120       0x30 fs/read_write.o
                                         0x48 (size before relaxing)
 .eh_frame      0x0000000000011150       0x2c fs/link.o
                                         0x44 (size before relaxing)
 .eh_frame      0x000000000001117c       0x60 fs/disklog.o
                                         0x78 (size before relaxing)
 .eh_frame      0x00000000000111dc       0x40 lib/orangescrt.a(printf.o)
                                         0x58 (size before relaxing)
 .eh_frame      0x000000000001121c       0x60 lib/orangescrt.a(vsprintf.o)
                                         0x78 (size before relaxing)
 .eh_frame      0x000000000001127c      0x11c lib/orangescrt.a(misc.o)
                                        0x134 (size before relaxing)
 .eh_frame      0x0000000000011398       0x40 lib/orangescrt.a(open.o)
                                         0x58 (size before relaxing)
 .eh_frame      0x00000000000113d8       0x20 lib/orangescrt.a(read.o)
                                         0x38 (size before relaxing)
 .eh_frame      0x00000000000113f8       0x20 lib/orangescrt.a(write.o)
                                         0x38 (size before relaxing)
 .eh_frame      0x0000000000011418       0x20 lib/orangescrt.a(close.o)
                                         0x38 (size before relaxing)
 .eh_frame      0x0000000000011438       0x20 lib/orangescrt.a(getpid.o)
                                         0x38 (size before relaxing)
 .eh_frame      0x0000000000011458       0x20 lib/orangescrt.a(stat.o)
                                         0x38 (size before relaxing)
 .eh_frame      0x0000000000011478       0x20 lib/orangescrt.a(fork.o)
                                         0x38 (size before relaxing)
 .eh_frame      0x0000000000011498       0x20 lib/orangescrt.a(wait.o)
                                         0x38 (size before relaxing)
 .eh_frame      0x00000000000114b8       0x60 lib/orangescrt.a(exec.o)
                                         0x78 (size before relaxing)
 .eh_frame      0x0000000000011518       0x80 lib/orangescrt.a(shell.o)
                                         0x98 (size before relaxing)
 *(.eh_frame.*)

.gcc_except_table
 *(.gcc_except_table .gcc_except_table.*)

.gnu_extab
 *(.gnu_extab*)

.exception_ranges
 *(.exception_ranges .exception_ranges*)
                0x0000000000012598                . = DATA_SEGMENT_ALIGN (0x1000, 0x1000)

.eh_frame
 *(.eh_frame)
 *(.eh_frame.*)

.gnu_extab
 *(.gnu_extab)

.gcc_except_table
 *(.gcc_except_table .gcc_except_table.*)

.exception_ranges
 *(.exception_ranges .exception_ranges*)

.tdata
 *(.tdata .tdata.* .gnu.linkonce.td.*)

.tbss
 *(.tbss .tbss.* .gnu.linkonce.tb.*)
 *(.tcommon)

.preinit_array  0x0000000000012598        0x0
                [!provide]                        PROVIDE (__preinit_array_start, .)
 *(.preinit_array)
                [!provide]                        PROVIDE (__preinit_array_end, .)

.init_array     0x0000000000012598        0x0
                [!provide]                        PROVIDE (__init_array_start, .)
 *(SORT(.init_array.*) SORT(.ctors.*))
 *(.init_array EXCLUDE_FILE(*crtend?.o *crtend.o *crtbegin?.o *crtbegin.o) .ctors)
                [!provide]                        PROVIDE (__init_array_end, .)

.fini_array     0x0000000000012598        0x0
                [!provide]                        PROVIDE (__fini_array_start, .)
 *(SORT(.fini_array.*) SORT(.dtors.*))
 *(.fini_array EXCLUDE_FILE(*crtend?.o *crtend.o *crtbegin?.o *crtbegin.o) .dtors)
                [!provide]                        PROVIDE (__fini_array_end, .)

.ctors
 *crtbegin.o(.ctors)
 *crtbegin?.o(.ctors)
 *(EXCLUDE_FILE(*crtend?.o *crtend.o) .ctors)
 *(SORT(.ctors.*))
 *(.ctors)

.dtors
 *crtbegin.o(.dtors)
 *crtbegin?.o(.dtors)
 *(EXCLUDE_FILE(*crtend?.o *crtend.o) .dtors)
 *(SORT(.dtors.*))
 *(.dtors)

.jcr
 *(.jcr)

.data.rel.ro
 *(.data.rel.ro.local* .gnu.linkonce.d.rel.ro.local.*)
 *(.data.rel.ro .data.rel.ro.* .gnu.linkonce.d.rel.ro.*)

.dynamic
 *(.dynamic)

.got
 *(.got)
 *(.igot)
                0x0000000000012598                . = DATA_SEGMENT_RELRO_END (., (SIZEOF (.got.plt) >= 0xc)?0xc:0x0)

.got.plt        0x0000000000012598        0x0
 *(.got.plt)
 *(.igot.plt)
 .igot.plt      0x0000000000012598        0x0 kernel/kernel.o

.data           0x00000000000125a0      0x814
 *(.data .data.* .gnu.linkonce.d.*)
 .data          0x00000000000125a0        0x2 kernel/kernel.o
 .data          0x00000000000125a2        0x0 kernel/start.o
 .data          0x00000000000125a2        0x0 kernel/main.o
 .data          0x00000000000125a2        0x0 kernel/clock.o
 *fill*         0x00000000000125a2       0x1e 
 .data          0x00000000000125c0      0x600 kernel/keyboard.o
                0x00000000000125c0                keymap
 .data          0x0000000000012bc0       0x22 kernel/tty.o
 .data          0x0000000000012be2        0x0 kernel/console.o
 .data          0x0000000000012be2        0x0 kernel/i8259.o
 *fill*         0x0000000000012be2       0x1e 
 .data          0x0000000000012c00      0x1b4 kernel/global.o
                0x0000000000012c00                task_table
                0x0000000000012ce0                user_proc_table
                0x0000000000012d80                sys_call_table
                0x0000000000012d8c                dd_map
                0x0000000000012da4                fsbuf
                0x0000000000012da8                mmbuf
                0x0000000000012dac                logbuf
                0x0000000000012db0                logdiskbuf
 .data          0x0000000000012db4        0x0 kernel/protect.o
 .data          0x0000000000012db4        0x0 kernel/proc.o
 .data          0x0000000000012db4        0x0 kernel/systask.o
 .data          0x0000000000012db4        0x0 kernel/hd.o
 .data          0x0000000000012db4        0x0 kernel/klib.o
 .data          0x0000000000012db4        0x0 lib/syslog.o
 .data          0x0000000000012db4        0x0 mm/main.o
 .data          0x0000000000012db4        0x0 mm/forkexit.o
 .data          0x0000000000012db4        0x0 mm/exec.o
 .data          0x0000000000012db4        0x0 fs/main.o
 .data          0x0000000000012db4        0x0 fs/open.o
 .data          0x0000000000012db4        0x0 fs/misc.o
 .data          0x0000000000012db4        0x0 fs/read_write.o
 .data          0x0000000000012db4        0x0 fs/link.o
 .data          0x0000000000012db4        0x0 fs/disklog.o
 .data          0x0000000000012db4        0x0 lib/orangescrt.a(printf.o)
 .data          0x0000000000012db4        0x0 lib/orangescrt.a(vsprintf.o)
 .data          0x0000000000012db4        0x0 lib/orangescrt.a(misc.o)
 .data          0x0000000000012db4        0x0 lib/orangescrt.a(open.o)
 .data          0x0000000000012db4        0x0 lib/orangescrt.a(read.o)
 .data          0x0000000000012db4        0x0 lib/orangescrt.a(write.o)
 .data          0x0000000000012db4        0x0 lib/orangescrt.a(close.o)
 .data          0x0000000000012db4        0x0 lib/orangescrt.a(getpid.o)
 .data          0x0000000000012db4        0x0 lib/orangescrt.a(stat.o)
 .data          0x0000000000012db4        0x0 lib/orangescrt.a(fork.o)
 .data          0x0000000000012db4        0x0 lib/orangescrt.a(wait.o)
 .data          0x0000000000012db4        0x0 lib/orangescrt.a(exec.o)
 .data          0x0000000000012db4        0x0 lib/orangescrt.a(shell.o)

.data1
 *(.data1)
                0x0000000000012db4                _edata = .
                [!provide]                        PROVIDE (edata, .)
                0x0000000000012db4                . = .
                0x0000000000012db4                __bss_start = .

.bss            0x0000000000012dc0    0x2c128
 *(.dynbss)
 *(.bss .bss.* .gnu.linkonce.b.*)
 .bss           0x0000000000012dc0      0x800 kernel/kernel.o
 .bss           0x00000000000135c0        0x0 kernel/start.o
 .bss           0x00000000000135c0        0x0 kernel/main.o
 .bss           0x00000000000135c0        0x0 kernel/clock.o
 .bss           0x00000000000135c0       0x58 kernel/keyboard.o
 .bss           0x0000000000013618        0x0 kernel/tty.o
 .bss           0x0000000000013618        0x0 kernel/console.o
 .bss           0x0000000000013618        0x0 kernel/i8259.o
 .bss           0x0000000000013618        0x0 kernel/global.o
 .bss           0x0000000000013618        0x0 kernel/protect.o
 .bss           0x0000000000013618        0x0 kernel/proc.o
 .bss           0x0000000000013618        0x0 kernel/systask.o
 *fill*         0x0000000000013618        0x8 
 .bss           0x0000000000013620      0x64c kernel/hd.o
 .bss           0x0000000000013c6c        0x0 kernel/klib.o
 .bss           0x0000000000013c6c        0x0 lib/syslog.o
 .bss           0x0000000000013c6c        0x0 mm/main.o
 .bss           0x0000000000013c6c        0x0 mm/forkexit.o
 .bss           0x0000000000013c6c        0x0 mm/exec.o
 .bss           0x0000000000013c6c        0x0 fs/main.o
 .bss           0x0000000000013c6c        0x0 fs/open.o
 .bss           0x0000000000013c6c        0x0 fs/misc.o
 .bss           0x0000000000013c6c        0x0 fs/read_write.o
 .bss           0x0000000000013c6c        0x0 fs/link.o
 *fill*         0x0000000000013c6c       0x14 
 .bss           0x0000000000013c80      0x208 fs/disklog.o
 .bss           0x0000000000013e88        0x0 lib/orangescrt.a(printf.o)
 .bss           0x0000000000013e88        0x0 lib/orangescrt.a(vsprintf.o)
 .bss           0x0000000000013e88        0x4 lib/orangescrt.a(misc.o)
 .bss           0x0000000000013e8c        0x0 lib/orangescrt.a(open.o)
 .bss           0x0000000000013e8c        0x0 lib/orangescrt.a(read.o)
 .bss           0x0000000000013e8c        0x0 lib/orangescrt.a(write.o)
 .bss           0x0000000000013e8c        0x0 lib/orangescrt.a(close.o)
 .bss           0x0000000000013e8c        0x0 lib/orangescrt.a(getpid.o)
 .bss           0x0000000000013e8c        0x0 lib/orangescrt.a(stat.o)
 .bss           0x0000000000013e8c        0x0 lib/orangescrt.a(fork.o)
 .bss           0x0000000000013e8c        0x0 lib/orangescrt.a(wait.o)
 .bss           0x0000000000013e8c        0x0 lib/orangescrt.a(exec.o)
 .bss           0x0000000000013e8c        0x0 lib/orangescrt.a(shell.o)
 *(COMMON)
 *fill*         0x0000000000013e8c       0x14 
 COMMON         0x0000000000013ea0    0x2abb8 kernel/global.o
                0x0000000000013ea0                idt_ptr
                0x0000000000013ec0                inode_table
                0x00000000000149c0                task_stack
                0x00000000000389c0                k_reenter
                0x00000000000389e0                gdt
                0x0000000000038de0                current_console
                0x0000000000038de4                pcaller
                0x0000000000038e00                tty_table
                0x0000000000039a80                tss
                0x0000000000039b00                fs_msg
                0x0000000000039b30                memory_size
                0x0000000000039b40                f_desc_table
                0x000000000003a040                root_inode
                0x000000000003a044                disp_pos
                0x000000000003a060                mm_msg
                0x000000000003a0a0                Working_Directory
                0x000000000003a4a0                key_pressed
                0x000000000003a4a4                gdt_ptr
                0x000000000003a4c0                idt
                0x000000000003acc0                super_block
                0x000000000003aea0                ticks
                0x000000000003aec0                console_table
                0x000000000003af00                irq_table
                0x000000000003af40                p_proc_ready
                0x000000000003af60                proc_table
 COMMON         0x000000000003ea58       0x10 kernel/hd.o
                0x000000000003ea58                PARTITION_ENTRY
 *fill*         0x000000000003ea68       0x18 
 COMMON         0x000000000003ea80      0x465 lib/orangescrt.a(shell.o)
                0x000000000003ea80                tmp_path
                0x000000000003eee8                . = ALIGN ((. != 0x0)?0x4:0x1)
 *fill*         0x000000000003eee5        0x3 
                0x000000000003eee8                . = ALIGN (0x4)
                0x000000000003eee8                . = SEGMENT_START ("ldata-segment", .)
                0x000000000003eee8                . = ALIGN (0x4)
                0x000000000003eee8                _end = .
                [!provide]                        PROVIDE (end, .)
                0x000000000003eee8                . = DATA_SEGMENT_END (.)

.stab
 *(.stab)

.stabstr
 *(.stabstr)

.stab.excl
 *(.stab.excl)

.stab.exclstr
 *(.stab.exclstr)

.stab.index
 *(.stab.index)

.stab.indexstr
 *(.stab.indexstr)

.comment        0x0000000000000000       0x35
 *(.comment)
 .comment       0x0000000000000000       0x35 kernel/start.o
                                         0x36 (size before relaxing)
 .comment       0x0000000000000035       0x36 kernel/main.o
 .comment       0x0000000000000035       0x36 kernel/clock.o
 .comment       0x0000000000000035       0x36 kernel/keyboard.o
 .comment       0x0000000000000035       0x36 kernel/tty.o
 .comment       0x0000000000000035       0x36 kernel/console.o
 .comment       0x0000000000000035       0x36 kernel/i8259.o
 .comment       0x0000000000000035       0x36 kernel/global.o
 .comment       0x0000000000000035       0x36 kernel/protect.o
 .comment       0x0000000000000035       0x36 kernel/proc.o
 .comment       0x0000000000000035       0x36 kernel/systask.o
 .comment       0x0000000000000035       0x36 kernel/hd.o
 .comment       0x0000000000000035       0x36 kernel/klib.o
 .comment       0x0000000000000035       0x36 lib/syslog.o
 .comment       0x0000000000000035       0x36 mm/main.o
 .comment       0x0000000000000035       0x36 mm/forkexit.o
 .comment       0x0000000000000035       0x36 mm/exec.o
 .comment       0x0000000000000035       0x36 fs/main.o
 .comment       0x0000000000000035       0x36 fs/open.o
 .comment       0x0000000000000035       0x36 fs/misc.o
 .comment       0x0000000000000035       0x36 fs/read_write.o
 .comment       0x0000000000000035       0x36 fs/link.o
 .comment       0x0000000000000035       0x36 fs/disklog.o
 .comment       0x0000000000000035       0x36 lib/orangescrt.a(printf.o)
 .comment       0x0000000000000035       0x36 lib/orangescrt.a(vsprintf.o)
 .comment       0x0000000000000035       0x36 lib/orangescrt.a(misc.o)
 .comment       0x0000000000000035       0x36 lib/orangescrt.a(open.o)
 .comment       0x0000000000000035       0x36 lib/orangescrt.a(read.o)
 .comment       0x0000000000000035       0x36 lib/orangescrt.a(write.o)
 .comment       0x0000000000000035       0x36 lib/orangescrt.a(close.o)
 .comment       0x0000000000000035       0x36 lib/orangescrt.a(getpid.o)
 .comment       0x0000000000000035       0x36 lib/orangescrt.a(stat.o)
 .comment       0x0000000000000035       0x36 lib/orangescrt.a(fork.o)
 .comment       0x0000000000000035       0x36 lib/orangescrt.a(wait.o)
 .comment       0x0000000000000035       0x36 lib/orangescrt.a(exec.o)
 .comment       0x0000000000000035       0x36 lib/orangescrt.a(shell.o)

.debug
 *(.debug)

.line
 *(.line)

.debug_srcinfo
 *(.debug_srcinfo)

.debug_sfnames
 *(.debug_sfnames)

.debug_aranges
 *(.debug_aranges)

.debug_pubnames
 *(.debug_pubnames)

.debug_info
 *(.debug_info .gnu.linkonce.wi.*)

.debug_abbrev
 *(.debug_abbrev)

.debug_line
 *(.debug_line .debug_line.* .debug_line_end)

.debug_frame
 *(.debug_frame)

.debug_str
 *(.debug_str)

.debug_loc
 *(.debug_loc)

.debug_macinfo
 *(.debug_macinfo)

.debug_weaknames
 *(.debug_weaknames)

.debug_funcnames
 *(.debug_funcnames)

.debug_typenames
 *(.debug_typenames)

.debug_varnames
 *(.debug_varnames)

.debug_pubtypes
 *(.debug_pubtypes)

.debug_ranges
 *(.debug_ranges)

.debug_macro
 *(.debug_macro)

.gnu.attributes
 *(.gnu.attributes)

/DISCARD/
 *(.note.GNU-stack)
 *(.gnu_debuglink)
 *(.gnu.lto_*)
OUTPUT(kernel.bin elf32-i386)
