Archive member included to satisfy reference by file (symbol)

lib/orangescrt.a(printf.o)    kernel/main.o (printf)
lib/orangescrt.a(vsprintf.o)  kernel/main.o (vsprintf)
lib/orangescrt.a(string.o)    kernel/start.o (memcpy)
lib/orangescrt.a(misc.o)      kernel/main.o (send_recv)
lib/orangescrt.a(open.o)      kernel/main.o (open)
lib/orangescrt.a(read.o)      kernel/main.o (read)
lib/orangescrt.a(write.o)     kernel/main.o (write)
lib/orangescrt.a(close.o)     kernel/main.o (close)
lib/orangescrt.a(getpid.o)    kernel/main.o (getpid)
lib/orangescrt.a(stat.o)      mm/exec.o (stat)
lib/orangescrt.a(fork.o)      kernel/main.o (fork)
lib/orangescrt.a(wait.o)      kernel/main.o (wait)
lib/orangescrt.a(exec.o)      kernel/main.o (execv)
lib/orangescrt.a(shell.o)     kernel/main.o (Init_Shell)
lib/orangescrt.a(syscall.o)   lib/orangescrt.a(misc.o) (sendrec)

Allocating common symbols
Common symbol       size              file

idt_ptr             0x6               kernel/global.o
inode_table         0xb00             kernel/global.o
task_stack          0x48000           kernel/global.o
k_reenter           0x4               kernel/global.o
gdt                 0x400             kernel/global.o
current_console     0x4               kernel/global.o
pcaller             0x4               kernel/global.o
tty_table           0xc6c             kernel/global.o
tss                 0x68              kernel/global.o
fs_msg              0x30              kernel/global.o
tmp_path            0xe5              lib/orangescrt.a(shell.o)
memory_size         0x4               kernel/global.o
f_desc_table        0x500             kernel/global.o
root_inode          0x4               kernel/global.o
disp_pos            0x4               kernel/global.o
mm_msg              0x30              kernel/global.o
Working_Directory   0x80              kernel/global.o
key_pressed         0x4               kernel/global.o
gdt_ptr             0x6               kernel/global.o
idt                 0x800             kernel/global.o
super_block         0x1e0             kernel/global.o
PARTITION_ENTRY     0x10              kernel/hd.o
ticks               0x4               kernel/global.o
console_table       0x3c              kernel/global.o
irq_table           0x40              kernel/global.o
p_proc_ready        0x4               kernel/global.o
proc_table          0x3af8            kernel/global.o

Discarded input sections

 .note.GNU-stack
                0x0000000000000000        0x0 kernel/start.o
 .note.GNU-stack
                0x0000000000000000        0x0 kernel/main.o
 .note.GNU-stack
                0x0000000000000000        0x0 kernel/clock.o
 .note.GNU-stack
                0x0000000000000000        0x0 kernel/keyboard.o
 .note.GNU-stack
                0x0000000000000000        0x0 kernel/tty.o
 .note.GNU-stack
                0x0000000000000000        0x0 kernel/console.o
 .note.GNU-stack
                0x0000000000000000        0x0 kernel/i8259.o
 .note.GNU-stack
                0x0000000000000000        0x0 kernel/global.o
 .note.GNU-stack
                0x0000000000000000        0x0 kernel/protect.o
 .note.GNU-stack
                0x0000000000000000        0x0 kernel/proc.o
 .note.GNU-stack
                0x0000000000000000        0x0 kernel/systask.o
 .note.GNU-stack
                0x0000000000000000        0x0 kernel/hd.o
 .note.GNU-stack
                0x0000000000000000        0x0 kernel/klib.o
 .note.GNU-stack
                0x0000000000000000        0x0 lib/syslog.o
 .note.GNU-stack
                0x0000000000000000        0x0 mm/main.o
 .note.GNU-stack
                0x0000000000000000        0x0 mm/forkexit.o
 .note.GNU-stack
                0x0000000000000000        0x0 mm/exec.o
 .note.GNU-stack
                0x0000000000000000        0x0 fs/main.o
 .note.GNU-stack
                0x0000000000000000        0x0 fs/open.o
 .note.GNU-stack
                0x0000000000000000        0x0 fs/misc.o
 .note.GNU-stack
                0x0000000000000000        0x0 fs/read_write.o
 .note.GNU-stack
                0x0000000000000000        0x0 fs/link.o
 .note.GNU-stack
                0x0000000000000000        0x0 fs/disklog.o
 .note.GNU-stack
                0x0000000000000000        0x0 lib/orangescrt.a(printf.o)
 .note.GNU-stack
                0x0000000000000000        0x0 lib/orangescrt.a(vsprintf.o)
 .note.GNU-stack
                0x0000000000000000        0x0 lib/orangescrt.a(misc.o)
 .note.GNU-stack
                0x0000000000000000        0x0 lib/orangescrt.a(open.o)
 .note.GNU-stack
                0x0000000000000000        0x0 lib/orangescrt.a(read.o)
 .note.GNU-stack
                0x0000000000000000        0x0 lib/orangescrt.a(write.o)
 .note.GNU-stack
                0x0000000000000000        0x0 lib/orangescrt.a(close.o)
 .note.GNU-stack
                0x0000000000000000        0x0 lib/orangescrt.a(getpid.o)
 .note.GNU-stack
                0x0000000000000000        0x0 lib/orangescrt.a(stat.o)
 .note.GNU-stack
                0x0000000000000000        0x0 lib/orangescrt.a(fork.o)
 .note.GNU-stack
                0x0000000000000000        0x0 lib/orangescrt.a(wait.o)
 .note.GNU-stack
                0x0000000000000000        0x0 lib/orangescrt.a(exec.o)
 .note.GNU-stack
                0x0000000000000000        0x0 lib/orangescrt.a(shell.o)

Memory Configuration

Name             Origin             Length             Attributes
*default*        0x0000000000000000 0xffffffffffffffff

Linker script and memory map

Address of section .text set to 0x1000
LOAD kernel/kernel.o
LOAD kernel/start.o
LOAD kernel/main.o
LOAD kernel/clock.o
LOAD kernel/keyboard.o
LOAD kernel/tty.o
LOAD kernel/console.o
LOAD kernel/i8259.o
LOAD kernel/global.o
LOAD kernel/protect.o
LOAD kernel/proc.o
LOAD kernel/systask.o
LOAD kernel/hd.o
LOAD kernel/kliba.o
LOAD kernel/klib.o
LOAD lib/syslog.o
LOAD mm/main.o
LOAD mm/forkexit.o
LOAD mm/exec.o
LOAD fs/main.o
LOAD fs/open.o
LOAD fs/misc.o
LOAD fs/read_write.o
LOAD fs/link.o
LOAD fs/disklog.o
LOAD lib/orangescrt.a
                [!provide]                        PROVIDE (__executable_start, 0x8048000)
                0x0000000008048094                . = (0x8048000 + SIZEOF_HEADERS)

.interp
 *(.interp)

.note.gnu.build-id
 *(.note.gnu.build-id)

.hash
 *(.hash)

.gnu.hash
 *(.gnu.hash)

.dynsym
 *(.dynsym)

.dynstr
 *(.dynstr)

.gnu.version
 *(.gnu.version)

.gnu.version_d
 *(.gnu.version_d)

.gnu.version_r
 *(.gnu.version_r)

.rel.dyn        0x0000000008048094        0x0
 *(.rel.init)
 *(.rel.text .rel.text.* .rel.gnu.linkonce.t.*)
 .rel.text      0x0000000008048094        0x0 kernel/kernel.o
 *(.rel.fini)
 *(.rel.rodata .rel.rodata.* .rel.gnu.linkonce.r.*)
 *(.rel.data.rel.ro .rel.data.rel.ro.* .rel.gnu.linkonce.d.rel.ro.*)
 *(.rel.data .rel.data.* .rel.gnu.linkonce.d.*)
 .rel.data      0x0000000008048094        0x0 kernel/kernel.o
 *(.rel.tdata .rel.tdata.* .rel.gnu.linkonce.td.*)
 *(.rel.tbss .rel.tbss.* .rel.gnu.linkonce.tb.*)
 *(.rel.ctors)
 *(.rel.dtors)
 *(.rel.got)
 *(.rel.bss .rel.bss.* .rel.gnu.linkonce.b.*)
 *(.rel.ifunc)

.rel.plt        0x0000000008048094        0x0
 *(.rel.plt)
                [!provide]                        PROVIDE (__rel_iplt_start, .)
 *(.rel.iplt)
 .rel.iplt      0x0000000008048094        0x0 kernel/kernel.o
                [!provide]                        PROVIDE (__rel_iplt_end, .)

.init
 *(SORT(.init))

.plt            0x00000000080480a0        0x0
 *(.plt)
 *(.iplt)
 .iplt          0x00000000080480a0        0x0 kernel/kernel.o

.plt.got
 *(.plt.got)

.text           0x0000000000001000     0xccc8
 *(.text.unlikely .text.*_unlikely .text.unlikely.*)
 *(.text.exit .text.exit.*)
 *(.text.startup .text.startup.*)
 *(.text.hot .text.hot.*)
 *(.text .stub .text.* .gnu.linkonce.t.*)
 .text          0x0000000000001000      0x410 kernel/kernel.o
                0x0000000000001000                _start
                0x0000000000001040                hwint00
                0x0000000000001070                hwint01
                0x00000000000010a0                hwint02
                0x00000000000010d0                hwint03
                0x0000000000001100                hwint04
                0x0000000000001130                hwint05
                0x0000000000001160                hwint06
                0x0000000000001190                hwint07
                0x00000000000011c0                hwint08
                0x00000000000011f0                hwint09
                0x0000000000001220                hwint10
                0x0000000000001250                hwint11
                0x0000000000001280                hwint12
                0x00000000000012b0                hwint13
                0x00000000000012e0                hwint14
                0x0000000000001310                hwint15
                0x0000000000001334                divide_error
                0x000000000000133a                single_step_exception
                0x0000000000001340                nmi
                0x0000000000001346                breakpoint_exception
                0x000000000000134c                overflow
                0x0000000000001352                bounds_check
                0x0000000000001358                inval_opcode
                0x000000000000135e                copr_not_available
                0x0000000000001364                double_fault
                0x0000000000001368                copr_seg_overrun
                0x000000000000136e                inval_tss
                0x0000000000001372                segment_not_present
                0x0000000000001376                stack_exception
                0x000000000000137a                general_protection
                0x000000000000137e                page_fault
                0x0000000000001382                copr_error
                0x00000000000013cb                sys_call
                0x00000000000013eb                restart
 .text          0x0000000000001410       0x95 kernel/start.o
                0x0000000000001410                cstart
 .text          0x00000000000014a5      0x98d kernel/main.o
                0x00000000000014a5                kernel_main
                0x00000000000017c0                get_ticks
                0x00000000000017f4                untar
                0x00000000000019e9                shabby_shell
                0x0000000000001c6d                Init
                0x0000000000001dda                TestA
                0x0000000000001ddf                TestB
                0x0000000000001de4                TestC
                0x0000000000001de9                panic
 .text          0x0000000000001e32      0x10d kernel/clock.o
                0x0000000000001e32                clock_handler
                0x0000000000001ead                milli_delay
                0x0000000000001ee7                init_clock
 .text          0x0000000000001f3f      0x6da kernel/keyboard.o
                0x0000000000001f3f                keyboard_handler
                0x0000000000001fa9                init_keyboard
                0x0000000000002058                keyboard_read
 .text          0x0000000000002619      0xa2c kernel/tty.o
                0x0000000000002619                task_tty
                0x000000000000280a                in_process
                0x0000000000002d45                sys_printx
                0x0000000000002ee4                dump_tty_buf
 .text          0x0000000000003045      0x7d7 kernel/console.o
                0x0000000000003045                init_screen
                0x00000000000031b9                out_char
                0x0000000000003496                is_current_console
                0x0000000000003589                select_console
                0x00000000000035c9                scroll_screen
 .text          0x000000000000381c      0x130 kernel/i8259.o
                0x000000000000381c                init_8259A
                0x00000000000038f1                spurious_irq
                0x0000000000003928                put_irq_handler
 .text          0x000000000000394c        0x0 kernel/global.o
 .text          0x000000000000394c      0x65f kernel/protect.o
                0x000000000000394c                init_prot
                0x0000000000003db4                seg2linear
                0x0000000000003e03                init_desc
                0x0000000000003e70                exception_handler
 .text          0x0000000000003fab     0x15ff kernel/proc.o
                0x0000000000003fab                schedule
                0x0000000000004037                sys_sendrec
                0x0000000000004161                ldt_seg_linear
                0x00000000000041ab                va2la
                0x000000000000420c                reset_msg
                0x0000000000004ff1                inform_int
                0x0000000000005161                dump_proc
                0x000000000000549d                dump_msg
 .text          0x00000000000055aa      0x2bc kernel/systask.o
                0x00000000000055aa                task_sys
 .text          0x0000000000005866      0xe1f kernel/hd.o
                0x0000000000005866                task_hd
                0x000000000000665a                hd_handler
 *fill*         0x0000000000006685        0xb 
 .text          0x0000000000006690      0x19a kernel/kliba.o
                0x0000000000006690                disp_str
                0x00000000000066ce                disp_color_str
                0x000000000000670d                out_byte
                0x0000000000006719                in_byte
                0x0000000000006723                port_read
                0x0000000000006736                port_write
                0x0000000000006749                disable_irq
                0x000000000000677e                enable_irq
                0x000000000000679d                disable_int
                0x000000000000679f                enable_int
                0x00000000000067a1                glitter
 .text          0x000000000000682a      0x2af kernel/klib.o
                0x000000000000682a                get_boot_params
                0x00000000000068b0                get_kernel_map
                0x00000000000069c0                itoa
                0x0000000000006a6b                disp_int
                0x0000000000006a92                delay
 .text          0x0000000000006ad9       0x6f lib/syslog.o
                0x0000000000006ad9                syslog
 .text          0x0000000000006b48      0x1dd mm/main.o
                0x0000000000006b48                task_mm
                0x0000000000006ca0                alloc_mem
                0x0000000000006d1b                free_mem
 .text          0x0000000000006d25      0x5c0 mm/forkexit.o
                0x0000000000006d25                do_fork
                0x0000000000007066                do_exit
                0x000000000000722f                do_wait
 .text          0x00000000000072e5      0x356 mm/exec.o
                0x00000000000072e5                do_exec
 .text          0x000000000000763b     0x121a fs/main.o
                0x000000000000763b                task_fs
                0x00000000000080f9                rw_sector
                0x000000000000831c                get_super_block
                0x0000000000008362                get_inode
                0x00000000000084c5                get_inode_directly
                0x0000000000008510                count_surplus_inode_link
                0x0000000000008550                put_inode
                0x000000000000858e                put_inodes_link
                0x00000000000085e9                sync_inode
                0x00000000000086e8                sync_inode_link
 .text          0x0000000000008855      0xe2c fs/open.o
                0x0000000000008855                do_open
                0x0000000000008c95                do_mkdir
                0x0000000000008f63                do_close
                0x0000000000008fde                do_lseek
 .text          0x0000000000009681      0x637 fs/misc.o
                0x0000000000009681                do_stat
                0x00000000000098b1                low_search_entry
                0x00000000000099a6                search_file
                0x0000000000009a43                do_List_Dir
                0x0000000000009bb6                strip_path
 .text          0x0000000000009cb8      0x781 fs/read_write.o
                0x0000000000009cb8                do_rdwt
 .text          0x000000000000a439      0x8cc fs/link.o
                0x000000000000a439                do_unlink
                0x000000000000ac95                getsize
 .text          0x000000000000ad05     0x1fe3 fs/disklog.o
                0x000000000000ad05                disklog
                0x000000000000b272                dump_fd_graph
 .text          0x000000000000cce8       0xad lib/orangescrt.a(printf.o)
                0x000000000000cce8                printf
                0x000000000000cd53                printl
 .text          0x000000000000cd95      0x305 lib/orangescrt.a(vsprintf.o)
                0x000000000000cdf3                vsprintf
                0x000000000000d074                sprintf
 *fill*         0x000000000000d09a        0x6 
 .text          0x000000000000d0a0       0x78 lib/orangescrt.a(string.o)
                0x000000000000d0a0                memcpy
                0x000000000000d0c9                memset
                0x000000000000d0ea                strcpy
                0x000000000000d102                strlen
 .text          0x000000000000d118      0x387 lib/orangescrt.a(misc.o)
                0x000000000000d118                send_recv
                0x000000000000d1d2                memcmp
                0x000000000000d248                strcmp
                0x000000000000d2bb                strcat
                0x000000000000d31a                spin
                0x000000000000d335                strchr
                0x000000000000d362                strtok
                0x000000000000d430                _strcpy
                0x000000000000d466                assertion_failure
 .text          0x000000000000d49f       0xc6 lib/orangescrt.a(open.o)
                0x000000000000d49f                open
                0x000000000000d502                mkdir
 .text          0x000000000000d565       0x37 lib/orangescrt.a(read.o)
                0x000000000000d565                read
 .text          0x000000000000d59c       0x37 lib/orangescrt.a(write.o)
                0x000000000000d59c                write
 .text          0x000000000000d5d3       0x2b lib/orangescrt.a(close.o)
                0x000000000000d5d3                close
 .text          0x000000000000d5fe       0x46 lib/orangescrt.a(getpid.o)
                0x000000000000d5fe                getpid
 .text          0x000000000000d644       0x63 lib/orangescrt.a(stat.o)
                0x000000000000d644                stat
 .text          0x000000000000d6a7       0x66 lib/orangescrt.a(fork.o)
                0x000000000000d6a7                fork
 .text          0x000000000000d70d       0x3c lib/orangescrt.a(wait.o)
                0x000000000000d70d                wait
 .text          0x000000000000d749      0x28b lib/orangescrt.a(exec.o)
                0x000000000000d749                exec
                0x000000000000d7b4                execl
                0x000000000000d7d9                execv
 .text          0x000000000000d9d4      0x2c7 lib/orangescrt.a(shell.o)
                0x000000000000d9d4                Init_Shell
                0x000000000000d9e8                chdir
                0x000000000000da27                getcwd
                0x000000000000dab6                get_full_path
 *fill*         0x000000000000dc9b        0x5 
 .text          0x000000000000dca0       0x28 lib/orangescrt.a(syscall.o)
                0x000000000000dca0                sendrec
                0x000000000000dcba                printx
 *(.gnu.warning)

.fini
 *(SORT(.fini))
                [!provide]                        PROVIDE (__etext, .)
                [!provide]                        PROVIDE (_etext, .)
                [!provide]                        PROVIDE (etext, .)

.rodata         0x000000000000dce0     0x2774
 *(.rodata .rodata.* .gnu.linkonce.r.*)
 .rodata        0x000000000000dce0       0x47 kernel/start.o
 *fill*         0x000000000000dd27        0x1 
 .rodata        0x000000000000dd28      0x1e4 kernel/main.o
 .rodata        0x000000000000df0c       0x64 kernel/keyboard.o
 .rodata        0x000000000000df70      0x168 kernel/tty.o
 .rodata        0x000000000000e0d8       0x5b kernel/console.o
 .rodata        0x000000000000e133       0x11 kernel/i8259.o
 .rodata        0x000000000000e144       0x10 kernel/global.o
                0x000000000000e144                FSBUF_SIZE
                0x000000000000e148                MMBUF_SIZE
                0x000000000000e14c                LOGBUF_SIZE
                0x000000000000e150                LOGDISKBUF_SIZE
 *fill*         0x000000000000e154        0xc 
 .rodata        0x000000000000e160      0x580 kernel/protect.o
 .rodata        0x000000000000e6e0      0x5da kernel/proc.o
 .rodata        0x000000000000ecba       0x11 kernel/systask.o
 *fill*         0x000000000000eccb        0x1 
 .rodata        0x000000000000eccc      0x1df kernel/hd.o
 *fill*         0x000000000000eeab        0x1 
 .rodata        0x000000000000eeac       0x6a kernel/klib.o
 .rodata        0x000000000000ef16       0x1e lib/syslog.o
 .rodata        0x000000000000ef34       0xd9 mm/main.o
 *fill*         0x000000000000f00d        0x3 
 .rodata        0x000000000000f010       0xe7 mm/forkexit.o
 *fill*         0x000000000000f0f7        0x1 
 .rodata        0x000000000000f0f8       0xa4 mm/exec.o
 .rodata        0x000000000000f19c      0x2ca fs/main.o
 *fill*         0x000000000000f466        0x2 
 .rodata        0x000000000000f468      0x22f fs/open.o
 *fill*         0x000000000000f697        0x1 
 .rodata        0x000000000000f698       0x84 fs/misc.o
 .rodata        0x000000000000f71c      0x164 fs/read_write.o
 .rodata        0x000000000000f880      0x1ad fs/link.o
 *fill*         0x000000000000fa2d        0x3 
 .rodata        0x000000000000fa30      0x806 fs/disklog.o
 .rodata        0x0000000000010236       0x14 lib/orangescrt.a(printf.o)
 *fill*         0x000000000001024a        0x2 
 .rodata        0x000000000001024c       0xad lib/orangescrt.a(misc.o)
 .rodata        0x00000000000102f9       0x23 lib/orangescrt.a(open.o)
 .rodata        0x000000000001031c       0x25 lib/orangescrt.a(getpid.o)
 .rodata        0x0000000000010341       0x23 lib/orangescrt.a(stat.o)
 .rodata        0x0000000000010364       0x33 lib/orangescrt.a(fork.o)
 *fill*         0x0000000000010397        0x1 
 .rodata        0x0000000000010398       0xb5 lib/orangescrt.a(exec.o)
 .rodata        0x000000000001044d        0x7 lib/orangescrt.a(shell.o)

.rodata1
 *(.rodata1)

.eh_frame_hdr
 *(.eh_frame_hdr)
 *(.eh_frame_entry .eh_frame_entry.*)

.eh_frame       0x0000000000010454     0x14c8
 *(.eh_frame)
 .eh_frame      0x0000000000010454       0x38 kernel/start.o
 .eh_frame      0x000000000001048c      0x108 kernel/main.o
                                        0x120 (size before relaxing)
 .eh_frame      0x0000000000010594       0x60 kernel/clock.o
                                         0x78 (size before relaxing)
 .eh_frame      0x00000000000105f4       0xe0 kernel/keyboard.o
                                         0xf8 (size before relaxing)
 .eh_frame      0x00000000000106d4      0x13c kernel/tty.o
                                        0x154 (size before relaxing)
 .eh_frame      0x0000000000010810      0x144 kernel/console.o
                                        0x15c (size before relaxing)
 .eh_frame      0x0000000000010954       0x60 kernel/i8259.o
                                         0x78 (size before relaxing)
 .eh_frame      0x00000000000109b4       0xb0 kernel/protect.o
                                         0xc8 (size before relaxing)
 .eh_frame      0x0000000000010a64      0x1b8 kernel/proc.o
                                        0x1d0 (size before relaxing)
 .eh_frame      0x0000000000010c1c       0x5c kernel/systask.o
                                         0x74 (size before relaxing)
 .eh_frame      0x0000000000010c78      0x1f0 kernel/hd.o
                                        0x208 (size before relaxing)
 .eh_frame      0x0000000000010e68       0xa0 kernel/klib.o
                                         0xb8 (size before relaxing)
 .eh_frame      0x0000000000010f08       0x20 lib/syslog.o
                                         0x38 (size before relaxing)
 .eh_frame      0x0000000000010f28       0x7c mm/main.o
                                         0x94 (size before relaxing)
 .eh_frame      0x0000000000010fa4       0x90 mm/forkexit.o
                                         0xa8 (size before relaxing)
 .eh_frame      0x0000000000011034       0x2c mm/exec.o
                                         0x44 (size before relaxing)
 .eh_frame      0x0000000000011060      0x1f0 fs/main.o
                                        0x208 (size before relaxing)
 .eh_frame      0x0000000000011250      0x188 fs/open.o
                                        0x1a0 (size before relaxing)
 .eh_frame      0x00000000000113d8       0xac fs/misc.o
                                         0xc4 (size before relaxing)
 .eh_frame      0x0000000000011484       0x30 fs/read_write.o
                                         0x48 (size before relaxing)
 .eh_frame      0x00000000000114b4       0x4c fs/link.o
                                         0x64 (size before relaxing)
 .eh_frame      0x0000000000011500       0x60 fs/disklog.o
                                         0x78 (size before relaxing)
 .eh_frame      0x0000000000011560       0x40 lib/orangescrt.a(printf.o)
                                         0x58 (size before relaxing)
 .eh_frame      0x00000000000115a0       0x60 lib/orangescrt.a(vsprintf.o)
                                         0x78 (size before relaxing)
 .eh_frame      0x0000000000011600      0x11c lib/orangescrt.a(misc.o)
                                        0x134 (size before relaxing)
 .eh_frame      0x000000000001171c       0x40 lib/orangescrt.a(open.o)
                                         0x58 (size before relaxing)
 .eh_frame      0x000000000001175c       0x20 lib/orangescrt.a(read.o)
                                         0x38 (size before relaxing)
 .eh_frame      0x000000000001177c       0x20 lib/orangescrt.a(write.o)
                                         0x38 (size before relaxing)
 .eh_frame      0x000000000001179c       0x20 lib/orangescrt.a(close.o)
                                         0x38 (size before relaxing)
 .eh_frame      0x00000000000117bc       0x20 lib/orangescrt.a(getpid.o)
                                         0x38 (size before relaxing)
 .eh_frame      0x00000000000117dc       0x20 lib/orangescrt.a(stat.o)
                                         0x38 (size before relaxing)
 .eh_frame      0x00000000000117fc       0x20 lib/orangescrt.a(fork.o)
                                         0x38 (size before relaxing)
 .eh_frame      0x000000000001181c       0x20 lib/orangescrt.a(wait.o)
                                         0x38 (size before relaxing)
 .eh_frame      0x000000000001183c       0x60 lib/orangescrt.a(exec.o)
                                         0x78 (size before relaxing)
 .eh_frame      0x000000000001189c       0x80 lib/orangescrt.a(shell.o)
                                         0x98 (size before relaxing)
 *(.eh_frame.*)

.gcc_except_table
 *(.gcc_except_table .gcc_except_table.*)

.gnu_extab
 *(.gnu_extab*)

.exception_ranges
 *(.exception_ranges .exception_ranges*)
                0x000000000001291c                . = DATA_SEGMENT_ALIGN (0x1000, 0x1000)

.eh_frame
 *(.eh_frame)
 *(.eh_frame.*)

.gnu_extab
 *(.gnu_extab)

.gcc_except_table
 *(.gcc_except_table .gcc_except_table.*)

.exception_ranges
 *(.exception_ranges .exception_ranges*)

.tdata
 *(.tdata .tdata.* .gnu.linkonce.td.*)

.tbss
 *(.tbss .tbss.* .gnu.linkonce.tb.*)
 *(.tcommon)

.preinit_array  0x000000000001291c        0x0
                [!provide]                        PROVIDE (__preinit_array_start, .)
 *(.preinit_array)
                [!provide]                        PROVIDE (__preinit_array_end, .)

.init_array     0x000000000001291c        0x0
                [!provide]                        PROVIDE (__init_array_start, .)
 *(SORT(.init_array.*) SORT(.ctors.*))
 *(.init_array EXCLUDE_FILE(*crtend?.o *crtend.o *crtbegin?.o *crtbegin.o) .ctors)
                [!provide]                        PROVIDE (__init_array_end, .)

.fini_array     0x000000000001291c        0x0
                [!provide]                        PROVIDE (__fini_array_start, .)
 *(SORT(.fini_array.*) SORT(.dtors.*))
 *(.fini_array EXCLUDE_FILE(*crtend?.o *crtend.o *crtbegin?.o *crtbegin.o) .dtors)
                [!provide]                        PROVIDE (__fini_array_end, .)

.ctors
 *crtbegin.o(.ctors)
 *crtbegin?.o(.ctors)
 *(EXCLUDE_FILE(*crtend?.o *crtend.o) .ctors)
 *(SORT(.ctors.*))
 *(.ctors)

.dtors
 *crtbegin.o(.dtors)
 *crtbegin?.o(.dtors)
 *(EXCLUDE_FILE(*crtend?.o *crtend.o) .dtors)
 *(SORT(.dtors.*))
 *(.dtors)

.jcr
 *(.jcr)

.data.rel.ro
 *(.data.rel.ro.local* .gnu.linkonce.d.rel.ro.local.*)
 *(.data.rel.ro .data.rel.ro.* .gnu.linkonce.d.rel.ro.*)

.dynamic
 *(.dynamic)

.got
 *(.got)
 *(.igot)
                0x000000000001291c                . = DATA_SEGMENT_RELRO_END (., (SIZEOF (.got.plt) >= 0xc)?0xc:0x0)

.got.plt        0x000000000001291c        0x0
 *(.got.plt)
 *(.igot.plt)
 .igot.plt      0x000000000001291c        0x0 kernel/kernel.o

.data           0x0000000000012920      0x818
 *(.data .data.* .gnu.linkonce.d.*)
 .data          0x0000000000012920        0x2 kernel/kernel.o
 .data          0x0000000000012922        0x0 kernel/start.o
 .data          0x0000000000012922        0x0 kernel/main.o
 .data          0x0000000000012922        0x0 kernel/clock.o
 *fill*         0x0000000000012922       0x1e 
 .data          0x0000000000012940      0x600 kernel/keyboard.o
                0x0000000000012940                keymap
 .data          0x0000000000012f40       0x22 kernel/tty.o
 .data          0x0000000000012f62        0x0 kernel/console.o
 .data          0x0000000000012f62        0x0 kernel/i8259.o
 *fill*         0x0000000000012f62       0x1e 
 .data          0x0000000000012f80      0x1b4 kernel/global.o
                0x0000000000012f80                task_table
                0x0000000000013060                user_proc_table
                0x0000000000013100                sys_call_table
                0x000000000001310c                dd_map
                0x0000000000013124                fsbuf
                0x0000000000013128                mmbuf
                0x000000000001312c                logbuf
                0x0000000000013130                logdiskbuf
 .data          0x0000000000013134        0x0 kernel/protect.o
 .data          0x0000000000013134        0x0 kernel/proc.o
 .data          0x0000000000013134        0x0 kernel/systask.o
 .data          0x0000000000013134        0x0 kernel/hd.o
 .data          0x0000000000013134        0x0 kernel/klib.o
 .data          0x0000000000013134        0x0 lib/syslog.o
 .data          0x0000000000013134        0x0 mm/main.o
 .data          0x0000000000013134        0x0 mm/forkexit.o
 .data          0x0000000000013134        0x0 mm/exec.o
 .data          0x0000000000013134        0x0 fs/main.o
 .data          0x0000000000013134        0x0 fs/open.o
 .data          0x0000000000013134        0x4 fs/misc.o
                0x0000000000013134                last_query_dev
 .data          0x0000000000013138        0x0 fs/read_write.o
 .data          0x0000000000013138        0x0 fs/link.o
 .data          0x0000000000013138        0x0 fs/disklog.o
 .data          0x0000000000013138        0x0 lib/orangescrt.a(printf.o)
 .data          0x0000000000013138        0x0 lib/orangescrt.a(vsprintf.o)
 .data          0x0000000000013138        0x0 lib/orangescrt.a(misc.o)
 .data          0x0000000000013138        0x0 lib/orangescrt.a(open.o)
 .data          0x0000000000013138        0x0 lib/orangescrt.a(read.o)
 .data          0x0000000000013138        0x0 lib/orangescrt.a(write.o)
 .data          0x0000000000013138        0x0 lib/orangescrt.a(close.o)
 .data          0x0000000000013138        0x0 lib/orangescrt.a(getpid.o)
 .data          0x0000000000013138        0x0 lib/orangescrt.a(stat.o)
 .data          0x0000000000013138        0x0 lib/orangescrt.a(fork.o)
 .data          0x0000000000013138        0x0 lib/orangescrt.a(wait.o)
 .data          0x0000000000013138        0x0 lib/orangescrt.a(exec.o)
 .data          0x0000000000013138        0x0 lib/orangescrt.a(shell.o)

.data1
 *(.data1)
                0x0000000000013138                _edata = .
                [!provide]                        PROVIDE (edata, .)
                0x0000000000013138                . = .
                0x0000000000013138                __bss_start = .

.bss            0x0000000000013140    0x4fa28
 *(.dynbss)
 *(.bss .bss.* .gnu.linkonce.b.*)
 .bss           0x0000000000013140      0x800 kernel/kernel.o
 .bss           0x0000000000013940        0x0 kernel/start.o
 .bss           0x0000000000013940        0x0 kernel/main.o
 .bss           0x0000000000013940        0x0 kernel/clock.o
 .bss           0x0000000000013940       0x58 kernel/keyboard.o
 .bss           0x0000000000013998        0x0 kernel/tty.o
 .bss           0x0000000000013998        0x0 kernel/console.o
 .bss           0x0000000000013998        0x0 kernel/i8259.o
 .bss           0x0000000000013998        0x0 kernel/global.o
 .bss           0x0000000000013998        0x0 kernel/protect.o
 .bss           0x0000000000013998        0x0 kernel/proc.o
 .bss           0x0000000000013998        0x0 kernel/systask.o
 *fill*         0x0000000000013998        0x8 
 .bss           0x00000000000139a0      0x64c kernel/hd.o
 .bss           0x0000000000013fec        0x0 kernel/klib.o
 .bss           0x0000000000013fec        0x0 lib/syslog.o
 .bss           0x0000000000013fec        0x0 mm/main.o
 .bss           0x0000000000013fec        0x0 mm/forkexit.o
 .bss           0x0000000000013fec        0x0 mm/exec.o
 .bss           0x0000000000013fec        0x0 fs/main.o
 .bss           0x0000000000013fec        0x0 fs/open.o
 .bss           0x0000000000013fec        0x0 fs/misc.o
 .bss           0x0000000000013fec        0x0 fs/read_write.o
 .bss           0x0000000000013fec        0x0 fs/link.o
 *fill*         0x0000000000013fec       0x14 
 .bss           0x0000000000014000      0x208 fs/disklog.o
 .bss           0x0000000000014208        0x0 lib/orangescrt.a(printf.o)
 .bss           0x0000000000014208        0x0 lib/orangescrt.a(vsprintf.o)
 .bss           0x0000000000014208        0x4 lib/orangescrt.a(misc.o)
 .bss           0x000000000001420c        0x0 lib/orangescrt.a(open.o)
 .bss           0x000000000001420c        0x0 lib/orangescrt.a(read.o)
 .bss           0x000000000001420c        0x0 lib/orangescrt.a(write.o)
 .bss           0x000000000001420c        0x0 lib/orangescrt.a(close.o)
 .bss           0x000000000001420c        0x0 lib/orangescrt.a(getpid.o)
 .bss           0x000000000001420c        0x0 lib/orangescrt.a(stat.o)
 .bss           0x000000000001420c        0x0 lib/orangescrt.a(fork.o)
 .bss           0x000000000001420c        0x0 lib/orangescrt.a(wait.o)
 .bss           0x000000000001420c        0x0 lib/orangescrt.a(exec.o)
 .bss           0x000000000001420c        0x0 lib/orangescrt.a(shell.o)
 *(COMMON)
 *fill*         0x000000000001420c       0x14 
 COMMON         0x0000000000014220    0x4e838 kernel/global.o
                0x0000000000014220                idt_ptr
                0x0000000000014240                inode_table
                0x0000000000014d40                task_stack
                0x000000000005cd40                k_reenter
                0x000000000005cd60                gdt
                0x000000000005d160                current_console
                0x000000000005d164                pcaller
                0x000000000005d180                tty_table
                0x000000000005de00                tss
                0x000000000005de80                fs_msg
                0x000000000005deb0                memory_size
                0x000000000005dec0                f_desc_table
                0x000000000005e3c0                root_inode
                0x000000000005e3c4                disp_pos
                0x000000000005e3e0                mm_msg
                0x000000000005e420                Working_Directory
                0x000000000005e4a0                key_pressed
                0x000000000005e4a4                gdt_ptr
                0x000000000005e4c0                idt
                0x000000000005ecc0                super_block
                0x000000000005eea0                ticks
                0x000000000005eec0                console_table
                0x000000000005ef00                irq_table
                0x000000000005ef40                p_proc_ready
                0x000000000005ef60                proc_table
 COMMON         0x0000000000062a58       0x10 kernel/hd.o
                0x0000000000062a58                PARTITION_ENTRY
 *fill*         0x0000000000062a68       0x18 
 COMMON         0x0000000000062a80       0xe5 lib/orangescrt.a(shell.o)
                0x0000000000062a80                tmp_path
                0x0000000000062b68                . = ALIGN ((. != 0x0)?0x4:0x1)
 *fill*         0x0000000000062b65        0x3 
                0x0000000000062b68                . = ALIGN (0x4)
                0x0000000000062b68                . = SEGMENT_START ("ldata-segment", .)
                0x0000000000062b68                . = ALIGN (0x4)
                0x0000000000062b68                _end = .
                [!provide]                        PROVIDE (end, .)
                0x0000000000062b68                . = DATA_SEGMENT_END (.)

.stab
 *(.stab)

.stabstr
 *(.stabstr)

.stab.excl
 *(.stab.excl)

.stab.exclstr
 *(.stab.exclstr)

.stab.index
 *(.stab.index)

.stab.indexstr
 *(.stab.indexstr)

.comment        0x0000000000000000       0x35
 *(.comment)
 .comment       0x0000000000000000       0x35 kernel/start.o
                                         0x36 (size before relaxing)
 .comment       0x0000000000000035       0x36 kernel/main.o
 .comment       0x0000000000000035       0x36 kernel/clock.o
 .comment       0x0000000000000035       0x36 kernel/keyboard.o
 .comment       0x0000000000000035       0x36 kernel/tty.o
 .comment       0x0000000000000035       0x36 kernel/console.o
 .comment       0x0000000000000035       0x36 kernel/i8259.o
 .comment       0x0000000000000035       0x36 kernel/global.o
 .comment       0x0000000000000035       0x36 kernel/protect.o
 .comment       0x0000000000000035       0x36 kernel/proc.o
 .comment       0x0000000000000035       0x36 kernel/systask.o
 .comment       0x0000000000000035       0x36 kernel/hd.o
 .comment       0x0000000000000035       0x36 kernel/klib.o
 .comment       0x0000000000000035       0x36 lib/syslog.o
 .comment       0x0000000000000035       0x36 mm/main.o
 .comment       0x0000000000000035       0x36 mm/forkexit.o
 .comment       0x0000000000000035       0x36 mm/exec.o
 .comment       0x0000000000000035       0x36 fs/main.o
 .comment       0x0000000000000035       0x36 fs/open.o
 .comment       0x0000000000000035       0x36 fs/misc.o
 .comment       0x0000000000000035       0x36 fs/read_write.o
 .comment       0x0000000000000035       0x36 fs/link.o
 .comment       0x0000000000000035       0x36 fs/disklog.o
 .comment       0x0000000000000035       0x36 lib/orangescrt.a(printf.o)
 .comment       0x0000000000000035       0x36 lib/orangescrt.a(vsprintf.o)
 .comment       0x0000000000000035       0x36 lib/orangescrt.a(misc.o)
 .comment       0x0000000000000035       0x36 lib/orangescrt.a(open.o)
 .comment       0x0000000000000035       0x36 lib/orangescrt.a(read.o)
 .comment       0x0000000000000035       0x36 lib/orangescrt.a(write.o)
 .comment       0x0000000000000035       0x36 lib/orangescrt.a(close.o)
 .comment       0x0000000000000035       0x36 lib/orangescrt.a(getpid.o)
 .comment       0x0000000000000035       0x36 lib/orangescrt.a(stat.o)
 .comment       0x0000000000000035       0x36 lib/orangescrt.a(fork.o)
 .comment       0x0000000000000035       0x36 lib/orangescrt.a(wait.o)
 .comment       0x0000000000000035       0x36 lib/orangescrt.a(exec.o)
 .comment       0x0000000000000035       0x36 lib/orangescrt.a(shell.o)

.debug
 *(.debug)

.line
 *(.line)

.debug_srcinfo
 *(.debug_srcinfo)

.debug_sfnames
 *(.debug_sfnames)

.debug_aranges
 *(.debug_aranges)

.debug_pubnames
 *(.debug_pubnames)

.debug_info
 *(.debug_info .gnu.linkonce.wi.*)

.debug_abbrev
 *(.debug_abbrev)

.debug_line
 *(.debug_line .debug_line.* .debug_line_end)

.debug_frame
 *(.debug_frame)

.debug_str
 *(.debug_str)

.debug_loc
 *(.debug_loc)

.debug_macinfo
 *(.debug_macinfo)

.debug_weaknames
 *(.debug_weaknames)

.debug_funcnames
 *(.debug_funcnames)

.debug_typenames
 *(.debug_typenames)

.debug_varnames
 *(.debug_varnames)

.debug_pubtypes
 *(.debug_pubtypes)

.debug_ranges
 *(.debug_ranges)

.debug_macro
 *(.debug_macro)

.gnu.attributes
 *(.gnu.attributes)

/DISCARD/
 *(.note.GNU-stack)
 *(.gnu_debuglink)
 *(.gnu.lto_*)
OUTPUT(kernel.bin elf32-i386)
