Archive member included to satisfy reference by file (symbol)

lib/orangescrt.a(printf.o)    kernel/main.o (printf)
lib/orangescrt.a(vsprintf.o)  kernel/main.o (vsprintf)
lib/orangescrt.a(string.o)    kernel/start.o (memcpy)
lib/orangescrt.a(misc.o)      kernel/main.o (send_recv)
lib/orangescrt.a(open.o)      kernel/main.o (open)
lib/orangescrt.a(read.o)      kernel/main.o (read)
lib/orangescrt.a(write.o)     kernel/main.o (write)
lib/orangescrt.a(close.o)     kernel/main.o (close)
lib/orangescrt.a(getpid.o)    kernel/main.o (getpid)
lib/orangescrt.a(stat.o)      mm/exec.o (stat)
lib/orangescrt.a(fork.o)      kernel/main.o (fork)
lib/orangescrt.a(wait.o)      kernel/main.o (wait)
lib/orangescrt.a(exec.o)      kernel/main.o (execv)
lib/orangescrt.a(shell.o)     kernel/main.o (Init_Shell)
lib/orangescrt.a(syscall.o)   lib/orangescrt.a(misc.o) (sendrec)

Allocating common symbols
Common symbol       size              file

idt_ptr             0x6               kernel/global.o
inode_table         0xb00             kernel/global.o
task_stack          0x48000           kernel/global.o
k_reenter           0x4               kernel/global.o
gdt                 0x400             kernel/global.o
current_console     0x4               kernel/global.o
pcaller             0x4               kernel/global.o
tty_table           0xc6c             kernel/global.o
tss                 0x68              kernel/global.o
fs_msg              0x30              kernel/global.o
tmp_path            0xe5              lib/orangescrt.a(shell.o)
memory_size         0x4               kernel/global.o
f_desc_table        0x500             kernel/global.o
root_inode          0x4               kernel/global.o
disp_pos            0x4               kernel/global.o
mm_msg              0x30              kernel/global.o
Working_Directory   0x80              kernel/global.o
key_pressed         0x4               kernel/global.o
gdt_ptr             0x6               kernel/global.o
idt                 0x800             kernel/global.o
super_block         0x1e0             kernel/global.o
PARTITION_ENTRY     0x10              kernel/hd.o
ticks               0x4               kernel/global.o
console_table       0x3c              kernel/global.o
irq_table           0x40              kernel/global.o
p_proc_ready        0x4               kernel/global.o
proc_table          0x3af8            kernel/global.o

Discarded input sections

 .note.GNU-stack
                0x0000000000000000        0x0 kernel/start.o
 .note.GNU-stack
                0x0000000000000000        0x0 kernel/main.o
 .note.GNU-stack
                0x0000000000000000        0x0 kernel/clock.o
 .note.GNU-stack
                0x0000000000000000        0x0 kernel/keyboard.o
 .note.GNU-stack
                0x0000000000000000        0x0 kernel/tty.o
 .note.GNU-stack
                0x0000000000000000        0x0 kernel/console.o
 .note.GNU-stack
                0x0000000000000000        0x0 kernel/i8259.o
 .note.GNU-stack
                0x0000000000000000        0x0 kernel/global.o
 .note.GNU-stack
                0x0000000000000000        0x0 kernel/protect.o
 .note.GNU-stack
                0x0000000000000000        0x0 kernel/proc.o
 .note.GNU-stack
                0x0000000000000000        0x0 kernel/systask.o
 .note.GNU-stack
                0x0000000000000000        0x0 kernel/hd.o
 .note.GNU-stack
                0x0000000000000000        0x0 kernel/klib.o
 .note.GNU-stack
                0x0000000000000000        0x0 lib/syslog.o
 .note.GNU-stack
                0x0000000000000000        0x0 mm/main.o
 .note.GNU-stack
                0x0000000000000000        0x0 mm/forkexit.o
 .note.GNU-stack
                0x0000000000000000        0x0 mm/exec.o
 .note.GNU-stack
                0x0000000000000000        0x0 fs/main.o
 .note.GNU-stack
                0x0000000000000000        0x0 fs/open.o
 .note.GNU-stack
                0x0000000000000000        0x0 fs/misc.o
 .note.GNU-stack
                0x0000000000000000        0x0 fs/read_write.o
 .note.GNU-stack
                0x0000000000000000        0x0 fs/link.o
 .note.GNU-stack
                0x0000000000000000        0x0 fs/disklog.o
 .note.GNU-stack
                0x0000000000000000        0x0 lib/orangescrt.a(printf.o)
 .note.GNU-stack
                0x0000000000000000        0x0 lib/orangescrt.a(vsprintf.o)
 .note.GNU-stack
                0x0000000000000000        0x0 lib/orangescrt.a(misc.o)
 .note.GNU-stack
                0x0000000000000000        0x0 lib/orangescrt.a(open.o)
 .note.GNU-stack
                0x0000000000000000        0x0 lib/orangescrt.a(read.o)
 .note.GNU-stack
                0x0000000000000000        0x0 lib/orangescrt.a(write.o)
 .note.GNU-stack
                0x0000000000000000        0x0 lib/orangescrt.a(close.o)
 .note.GNU-stack
                0x0000000000000000        0x0 lib/orangescrt.a(getpid.o)
 .note.GNU-stack
                0x0000000000000000        0x0 lib/orangescrt.a(stat.o)
 .note.GNU-stack
                0x0000000000000000        0x0 lib/orangescrt.a(fork.o)
 .note.GNU-stack
                0x0000000000000000        0x0 lib/orangescrt.a(wait.o)
 .note.GNU-stack
                0x0000000000000000        0x0 lib/orangescrt.a(exec.o)
 .note.GNU-stack
                0x0000000000000000        0x0 lib/orangescrt.a(shell.o)

Memory Configuration

Name             Origin             Length             Attributes
*default*        0x0000000000000000 0xffffffffffffffff

Linker script and memory map

Address of section .text set to 0x1000
LOAD kernel/kernel.o
LOAD kernel/start.o
LOAD kernel/main.o
LOAD kernel/clock.o
LOAD kernel/keyboard.o
LOAD kernel/tty.o
LOAD kernel/console.o
LOAD kernel/i8259.o
LOAD kernel/global.o
LOAD kernel/protect.o
LOAD kernel/proc.o
LOAD kernel/systask.o
LOAD kernel/hd.o
LOAD kernel/kliba.o
LOAD kernel/klib.o
LOAD lib/syslog.o
LOAD mm/main.o
LOAD mm/forkexit.o
LOAD mm/exec.o
LOAD fs/main.o
LOAD fs/open.o
LOAD fs/misc.o
LOAD fs/read_write.o
LOAD fs/link.o
LOAD fs/disklog.o
LOAD lib/orangescrt.a
                [!provide]                        PROVIDE (__executable_start, 0x8048000)
                0x0000000008048094                . = (0x8048000 + SIZEOF_HEADERS)

.interp
 *(.interp)

.note.gnu.build-id
 *(.note.gnu.build-id)

.hash
 *(.hash)

.gnu.hash
 *(.gnu.hash)

.dynsym
 *(.dynsym)

.dynstr
 *(.dynstr)

.gnu.version
 *(.gnu.version)

.gnu.version_d
 *(.gnu.version_d)

.gnu.version_r
 *(.gnu.version_r)

.rel.dyn        0x0000000008048094        0x0
 *(.rel.init)
 *(.rel.text .rel.text.* .rel.gnu.linkonce.t.*)
 .rel.text      0x0000000008048094        0x0 kernel/kernel.o
 *(.rel.fini)
 *(.rel.rodata .rel.rodata.* .rel.gnu.linkonce.r.*)
 *(.rel.data.rel.ro .rel.data.rel.ro.* .rel.gnu.linkonce.d.rel.ro.*)
 *(.rel.data .rel.data.* .rel.gnu.linkonce.d.*)
 .rel.data      0x0000000008048094        0x0 kernel/kernel.o
 *(.rel.tdata .rel.tdata.* .rel.gnu.linkonce.td.*)
 *(.rel.tbss .rel.tbss.* .rel.gnu.linkonce.tb.*)
 *(.rel.ctors)
 *(.rel.dtors)
 *(.rel.got)
 *(.rel.bss .rel.bss.* .rel.gnu.linkonce.b.*)
 *(.rel.ifunc)

.rel.plt        0x0000000008048094        0x0
 *(.rel.plt)
                [!provide]                        PROVIDE (__rel_iplt_start, .)
 *(.rel.iplt)
 .rel.iplt      0x0000000008048094        0x0 kernel/kernel.o
                [!provide]                        PROVIDE (__rel_iplt_end, .)

.init
 *(SORT(.init))

.plt            0x00000000080480a0        0x0
 *(.plt)
 *(.iplt)
 .iplt          0x00000000080480a0        0x0 kernel/kernel.o

.plt.got
 *(.plt.got)

.text           0x0000000000001000     0xd168
 *(.text.unlikely .text.*_unlikely .text.unlikely.*)
 *(.text.exit .text.exit.*)
 *(.text.startup .text.startup.*)
 *(.text.hot .text.hot.*)
 *(.text .stub .text.* .gnu.linkonce.t.*)
 .text          0x0000000000001000      0x410 kernel/kernel.o
                0x0000000000001000                _start
                0x0000000000001040                hwint00
                0x0000000000001070                hwint01
                0x00000000000010a0                hwint02
                0x00000000000010d0                hwint03
                0x0000000000001100                hwint04
                0x0000000000001130                hwint05
                0x0000000000001160                hwint06
                0x0000000000001190                hwint07
                0x00000000000011c0                hwint08
                0x00000000000011f0                hwint09
                0x0000000000001220                hwint10
                0x0000000000001250                hwint11
                0x0000000000001280                hwint12
                0x00000000000012b0                hwint13
                0x00000000000012e0                hwint14
                0x0000000000001310                hwint15
                0x0000000000001334                divide_error
                0x000000000000133a                single_step_exception
                0x0000000000001340                nmi
                0x0000000000001346                breakpoint_exception
                0x000000000000134c                overflow
                0x0000000000001352                bounds_check
                0x0000000000001358                inval_opcode
                0x000000000000135e                copr_not_available
                0x0000000000001364                double_fault
                0x0000000000001368                copr_seg_overrun
                0x000000000000136e                inval_tss
                0x0000000000001372                segment_not_present
                0x0000000000001376                stack_exception
                0x000000000000137a                general_protection
                0x000000000000137e                page_fault
                0x0000000000001382                copr_error
                0x00000000000013cb                sys_call
                0x00000000000013eb                restart
 .text          0x0000000000001410       0x95 kernel/start.o
                0x0000000000001410                cstart
 .text          0x00000000000014a5      0x98d kernel/main.o
                0x00000000000014a5                kernel_main
                0x00000000000017c0                get_ticks
                0x00000000000017f4                untar
                0x00000000000019e9                shabby_shell
                0x0000000000001c6d                Init
                0x0000000000001dda                TestA
                0x0000000000001ddf                TestB
                0x0000000000001de4                TestC
                0x0000000000001de9                panic
 .text          0x0000000000001e32      0x10d kernel/clock.o
                0x0000000000001e32                clock_handler
                0x0000000000001ead                milli_delay
                0x0000000000001ee7                init_clock
 .text          0x0000000000001f3f      0x6da kernel/keyboard.o
                0x0000000000001f3f                keyboard_handler
                0x0000000000001fa9                init_keyboard
                0x0000000000002058                keyboard_read
 .text          0x0000000000002619      0xa2c kernel/tty.o
                0x0000000000002619                task_tty
                0x000000000000280a                in_process
                0x0000000000002d45                sys_printx
                0x0000000000002ee4                dump_tty_buf
 .text          0x0000000000003045      0x7d7 kernel/console.o
                0x0000000000003045                init_screen
                0x00000000000031b9                out_char
                0x0000000000003496                is_current_console
                0x0000000000003589                select_console
                0x00000000000035c9                scroll_screen
 .text          0x000000000000381c      0x130 kernel/i8259.o
                0x000000000000381c                init_8259A
                0x00000000000038f1                spurious_irq
                0x0000000000003928                put_irq_handler
 .text          0x000000000000394c        0x0 kernel/global.o
 .text          0x000000000000394c      0x65f kernel/protect.o
                0x000000000000394c                init_prot
                0x0000000000003db4                seg2linear
                0x0000000000003e03                init_desc
                0x0000000000003e70                exception_handler
 .text          0x0000000000003fab     0x15ff kernel/proc.o
                0x0000000000003fab                schedule
                0x0000000000004037                sys_sendrec
                0x0000000000004161                ldt_seg_linear
                0x00000000000041ab                va2la
                0x000000000000420c                reset_msg
                0x0000000000004ff1                inform_int
                0x0000000000005161                dump_proc
                0x000000000000549d                dump_msg
 .text          0x00000000000055aa      0x332 kernel/systask.o
                0x00000000000055aa                task_sys
 .text          0x00000000000058dc      0xe1f kernel/hd.o
                0x00000000000058dc                task_hd
                0x00000000000066d0                hd_handler
 *fill*         0x00000000000066fb        0x5 
 .text          0x0000000000006700      0x19a kernel/kliba.o
                0x0000000000006700                disp_str
                0x000000000000673e                disp_color_str
                0x000000000000677d                out_byte
                0x0000000000006789                in_byte
                0x0000000000006793                port_read
                0x00000000000067a6                port_write
                0x00000000000067b9                disable_irq
                0x00000000000067ee                enable_irq
                0x000000000000680d                disable_int
                0x000000000000680f                enable_int
                0x0000000000006811                glitter
 .text          0x000000000000689a      0x2af kernel/klib.o
                0x000000000000689a                get_boot_params
                0x0000000000006920                get_kernel_map
                0x0000000000006a30                itoa
                0x0000000000006adb                disp_int
                0x0000000000006b02                delay
 .text          0x0000000000006b49       0x6f lib/syslog.o
                0x0000000000006b49                syslog
 .text          0x0000000000006bb8      0x1e4 mm/main.o
                0x0000000000006bb8                task_mm
                0x0000000000006d17                alloc_mem
                0x0000000000006d92                free_mem
 .text          0x0000000000006d9c      0x772 mm/forkexit.o
                0x0000000000006d9c                do_fork
                0x00000000000070e3                do_exit
                0x0000000000007255                do_kill
                0x0000000000007458                do_wait
 .text          0x000000000000750e      0x356 mm/exec.o
                0x000000000000750e                do_exec
 .text          0x0000000000007864     0x123b fs/main.o
                0x0000000000007864                task_fs
                0x0000000000008343                rw_sector
                0x0000000000008566                get_super_block
                0x00000000000085ac                get_inode
                0x000000000000870f                get_inode_directly
                0x000000000000875a                count_surplus_inode_link
                0x000000000000879a                put_inode
                0x00000000000087d8                put_inodes_link
                0x0000000000008833                sync_inode
                0x0000000000008932                sync_inode_link
 .text          0x0000000000008a9f      0xe2c fs/open.o
                0x0000000000008a9f                do_open
                0x0000000000008edf                do_mkdir
                0x00000000000091ad                do_close
                0x0000000000009228                do_lseek
 .text          0x00000000000098cb      0x788 fs/misc.o
                0x00000000000098cb                do_stat
                0x0000000000009afb                low_search_entry
                0x0000000000009bf0                search_file
                0x0000000000009cae                do_List_Dir
                0x0000000000009f51                strip_path
 .text          0x000000000000a053      0x781 fs/read_write.o
                0x000000000000a053                do_rdwt
 .text          0x000000000000a7d4      0x8cc fs/link.o
                0x000000000000a7d4                do_unlink
                0x000000000000b030                getsize
 .text          0x000000000000b0a0     0x1fe3 fs/disklog.o
                0x000000000000b0a0                disklog
                0x000000000000b60d                dump_fd_graph
 .text          0x000000000000d083       0xad lib/orangescrt.a(printf.o)
                0x000000000000d083                printf
                0x000000000000d0ee                printl
 .text          0x000000000000d130      0x305 lib/orangescrt.a(vsprintf.o)
                0x000000000000d18e                vsprintf
                0x000000000000d40f                sprintf
 *fill*         0x000000000000d435        0xb 
 .text          0x000000000000d440       0x78 lib/orangescrt.a(string.o)
                0x000000000000d440                memcpy
                0x000000000000d469                memset
                0x000000000000d48a                strcpy
                0x000000000000d4a2                strlen
 .text          0x000000000000d4b8      0x444 lib/orangescrt.a(misc.o)
                0x000000000000d4b8                send_recv
                0x000000000000d572                memcmp
                0x000000000000d5e8                strcmp
                0x000000000000d65b                strcat
                0x000000000000d6ba                spin
                0x000000000000d6d5                strchr
                0x000000000000d702                strtok
                0x000000000000d7d0                _strcpy
                0x000000000000d806                atoi
                0x000000000000d8c3                assertion_failure
 .text          0x000000000000d8fc       0xc6 lib/orangescrt.a(open.o)
                0x000000000000d8fc                open
                0x000000000000d95f                mkdir
 .text          0x000000000000d9c2       0x37 lib/orangescrt.a(read.o)
                0x000000000000d9c2                read
 .text          0x000000000000d9f9       0x37 lib/orangescrt.a(write.o)
                0x000000000000d9f9                write
 .text          0x000000000000da30       0x2b lib/orangescrt.a(close.o)
                0x000000000000da30                close
 .text          0x000000000000da5b       0x46 lib/orangescrt.a(getpid.o)
                0x000000000000da5b                getpid
 .text          0x000000000000daa1       0x76 lib/orangescrt.a(stat.o)
                0x000000000000daa1                stat
 .text          0x000000000000db17       0x66 lib/orangescrt.a(fork.o)
                0x000000000000db17                fork
 .text          0x000000000000db7d       0x3c lib/orangescrt.a(wait.o)
                0x000000000000db7d                wait
 .text          0x000000000000dbb9      0x276 lib/orangescrt.a(exec.o)
                0x000000000000dbb9                exec
                0x000000000000dc24                execl
                0x000000000000dc49                execv
 .text          0x000000000000de2f      0x30e lib/orangescrt.a(shell.o)
                0x000000000000de2f                Init_Shell
                0x000000000000de43                chdir
                0x000000000000de82                getcwd
                0x000000000000df11                get_full_path
 *fill*         0x000000000000e13d        0x3 
 .text          0x000000000000e140       0x28 lib/orangescrt.a(syscall.o)
                0x000000000000e140                sendrec
                0x000000000000e15a                printx
 *(.gnu.warning)

.fini
 *(SORT(.fini))
                [!provide]                        PROVIDE (__etext, .)
                [!provide]                        PROVIDE (_etext, .)
                [!provide]                        PROVIDE (etext, .)

.rodata         0x000000000000e180     0x27c2
 *(.rodata .rodata.* .gnu.linkonce.r.*)
 .rodata        0x000000000000e180       0x47 kernel/start.o
 *fill*         0x000000000000e1c7        0x1 
 .rodata        0x000000000000e1c8      0x1e4 kernel/main.o
 .rodata        0x000000000000e3ac       0x64 kernel/keyboard.o
 .rodata        0x000000000000e410      0x168 kernel/tty.o
 .rodata        0x000000000000e578       0x5b kernel/console.o
 .rodata        0x000000000000e5d3       0x11 kernel/i8259.o
 .rodata        0x000000000000e5e4       0x10 kernel/global.o
                0x000000000000e5e4                FSBUF_SIZE
                0x000000000000e5e8                MMBUF_SIZE
                0x000000000000e5ec                LOGBUF_SIZE
                0x000000000000e5f0                LOGDISKBUF_SIZE
 *fill*         0x000000000000e5f4        0xc 
 .rodata        0x000000000000e600      0x580 kernel/protect.o
 .rodata        0x000000000000eb80      0x5da kernel/proc.o
 .rodata        0x000000000000f15a       0x11 kernel/systask.o
 *fill*         0x000000000000f16b        0x1 
 .rodata        0x000000000000f16c      0x1df kernel/hd.o
 *fill*         0x000000000000f34b        0x1 
 .rodata        0x000000000000f34c       0x6a kernel/klib.o
 .rodata        0x000000000000f3b6       0x1e lib/syslog.o
 .rodata        0x000000000000f3d4       0xed mm/main.o
 *fill*         0x000000000000f4c1        0x3 
 .rodata        0x000000000000f4c4       0xeb mm/forkexit.o
 *fill*         0x000000000000f5af        0x1 
 .rodata        0x000000000000f5b0       0xa4 mm/exec.o
 .rodata        0x000000000000f654      0x2d6 fs/main.o
 *fill*         0x000000000000f92a        0x2 
 .rodata        0x000000000000f92c      0x22f fs/open.o
 *fill*         0x000000000000fb5b        0x1 
 .rodata        0x000000000000fb5c       0xb1 fs/misc.o
 *fill*         0x000000000000fc0d        0x3 
 .rodata        0x000000000000fc10      0x164 fs/read_write.o
 .rodata        0x000000000000fd74      0x1ad fs/link.o
 *fill*         0x000000000000ff21        0x3 
 .rodata        0x000000000000ff24      0x806 fs/disklog.o
 .rodata        0x000000000001072a       0x14 lib/orangescrt.a(printf.o)
 *fill*         0x000000000001073e        0x2 
 .rodata        0x0000000000010740       0xad lib/orangescrt.a(misc.o)
 .rodata        0x00000000000107ed       0x23 lib/orangescrt.a(open.o)
 .rodata        0x0000000000010810       0x25 lib/orangescrt.a(getpid.o)
 .rodata        0x0000000000010835       0x2c lib/orangescrt.a(stat.o)
 .rodata        0x0000000000010861       0x33 lib/orangescrt.a(fork.o)
 .rodata        0x0000000000010894       0xa7 lib/orangescrt.a(exec.o)
 .rodata        0x000000000001093b        0x7 lib/orangescrt.a(shell.o)

.rodata1
 *(.rodata1)

.eh_frame_hdr
 *(.eh_frame_hdr)
 *(.eh_frame_entry .eh_frame_entry.*)

.eh_frame       0x0000000000010944     0x151c
 *(.eh_frame)
 .eh_frame      0x0000000000010944       0x38 kernel/start.o
 .eh_frame      0x000000000001097c      0x108 kernel/main.o
                                        0x120 (size before relaxing)
 .eh_frame      0x0000000000010a84       0x60 kernel/clock.o
                                         0x78 (size before relaxing)
 .eh_frame      0x0000000000010ae4       0xe0 kernel/keyboard.o
                                         0xf8 (size before relaxing)
 .eh_frame      0x0000000000010bc4      0x13c kernel/tty.o
                                        0x154 (size before relaxing)
 .eh_frame      0x0000000000010d00      0x144 kernel/console.o
                                        0x15c (size before relaxing)
 .eh_frame      0x0000000000010e44       0x60 kernel/i8259.o
                                         0x78 (size before relaxing)
 .eh_frame      0x0000000000010ea4       0xb0 kernel/protect.o
                                         0xc8 (size before relaxing)
 .eh_frame      0x0000000000010f54      0x1b8 kernel/proc.o
                                        0x1d0 (size before relaxing)
 .eh_frame      0x000000000001110c       0x5c kernel/systask.o
                                         0x74 (size before relaxing)
 .eh_frame      0x0000000000011168      0x1f0 kernel/hd.o
                                        0x208 (size before relaxing)
 .eh_frame      0x0000000000011358       0xa0 kernel/klib.o
                                         0xb8 (size before relaxing)
 .eh_frame      0x00000000000113f8       0x20 lib/syslog.o
                                         0x38 (size before relaxing)
 .eh_frame      0x0000000000011418       0x7c mm/main.o
                                         0x94 (size before relaxing)
 .eh_frame      0x0000000000011494       0xb0 mm/forkexit.o
                                         0xc8 (size before relaxing)
 .eh_frame      0x0000000000011544       0x2c mm/exec.o
                                         0x44 (size before relaxing)
 .eh_frame      0x0000000000011570      0x1f0 fs/main.o
                                        0x208 (size before relaxing)
 .eh_frame      0x0000000000011760      0x188 fs/open.o
                                        0x1a0 (size before relaxing)
 .eh_frame      0x00000000000118e8       0xb4 fs/misc.o
                                         0xcc (size before relaxing)
 .eh_frame      0x000000000001199c       0x30 fs/read_write.o
                                         0x48 (size before relaxing)
 .eh_frame      0x00000000000119cc       0x4c fs/link.o
                                         0x64 (size before relaxing)
 .eh_frame      0x0000000000011a18       0x60 fs/disklog.o
                                         0x78 (size before relaxing)
 .eh_frame      0x0000000000011a78       0x40 lib/orangescrt.a(printf.o)
                                         0x58 (size before relaxing)
 .eh_frame      0x0000000000011ab8       0x60 lib/orangescrt.a(vsprintf.o)
                                         0x78 (size before relaxing)
 .eh_frame      0x0000000000011b18      0x13c lib/orangescrt.a(misc.o)
                                        0x154 (size before relaxing)
 .eh_frame      0x0000000000011c54       0x40 lib/orangescrt.a(open.o)
                                         0x58 (size before relaxing)
 .eh_frame      0x0000000000011c94       0x20 lib/orangescrt.a(read.o)
                                         0x38 (size before relaxing)
 .eh_frame      0x0000000000011cb4       0x20 lib/orangescrt.a(write.o)
                                         0x38 (size before relaxing)
 .eh_frame      0x0000000000011cd4       0x20 lib/orangescrt.a(close.o)
                                         0x38 (size before relaxing)
 .eh_frame      0x0000000000011cf4       0x20 lib/orangescrt.a(getpid.o)
                                         0x38 (size before relaxing)
 .eh_frame      0x0000000000011d14       0x20 lib/orangescrt.a(stat.o)
                                         0x38 (size before relaxing)
 .eh_frame      0x0000000000011d34       0x20 lib/orangescrt.a(fork.o)
                                         0x38 (size before relaxing)
 .eh_frame      0x0000000000011d54       0x20 lib/orangescrt.a(wait.o)
                                         0x38 (size before relaxing)
 .eh_frame      0x0000000000011d74       0x60 lib/orangescrt.a(exec.o)
                                         0x78 (size before relaxing)
 .eh_frame      0x0000000000011dd4       0x8c lib/orangescrt.a(shell.o)
                                         0xa4 (size before relaxing)
 *(.eh_frame.*)

.gcc_except_table
 *(.gcc_except_table .gcc_except_table.*)

.gnu_extab
 *(.gnu_extab*)

.exception_ranges
 *(.exception_ranges .exception_ranges*)
                0x0000000000012000                . = DATA_SEGMENT_ALIGN (0x1000, 0x1000)

.eh_frame
 *(.eh_frame)
 *(.eh_frame.*)

.gnu_extab
 *(.gnu_extab)

.gcc_except_table
 *(.gcc_except_table .gcc_except_table.*)

.exception_ranges
 *(.exception_ranges .exception_ranges*)

.tdata
 *(.tdata .tdata.* .gnu.linkonce.td.*)

.tbss
 *(.tbss .tbss.* .gnu.linkonce.tb.*)
 *(.tcommon)

.preinit_array  0x0000000000012000        0x0
                [!provide]                        PROVIDE (__preinit_array_start, .)
 *(.preinit_array)
                [!provide]                        PROVIDE (__preinit_array_end, .)

.init_array     0x0000000000012000        0x0
                [!provide]                        PROVIDE (__init_array_start, .)
 *(SORT(.init_array.*) SORT(.ctors.*))
 *(.init_array EXCLUDE_FILE(*crtend?.o *crtend.o *crtbegin?.o *crtbegin.o) .ctors)
                [!provide]                        PROVIDE (__init_array_end, .)

.fini_array     0x0000000000012000        0x0
                [!provide]                        PROVIDE (__fini_array_start, .)
 *(SORT(.fini_array.*) SORT(.dtors.*))
 *(.fini_array EXCLUDE_FILE(*crtend?.o *crtend.o *crtbegin?.o *crtbegin.o) .dtors)
                [!provide]                        PROVIDE (__fini_array_end, .)

.ctors
 *crtbegin.o(.ctors)
 *crtbegin?.o(.ctors)
 *(EXCLUDE_FILE(*crtend?.o *crtend.o) .ctors)
 *(SORT(.ctors.*))
 *(.ctors)

.dtors
 *crtbegin.o(.dtors)
 *crtbegin?.o(.dtors)
 *(EXCLUDE_FILE(*crtend?.o *crtend.o) .dtors)
 *(SORT(.dtors.*))
 *(.dtors)

.jcr
 *(.jcr)

.data.rel.ro
 *(.data.rel.ro.local* .gnu.linkonce.d.rel.ro.local.*)
 *(.data.rel.ro .data.rel.ro.* .gnu.linkonce.d.rel.ro.*)

.dynamic
 *(.dynamic)

.got
 *(.got)
 *(.igot)
                0x0000000000012000                . = DATA_SEGMENT_RELRO_END (., (SIZEOF (.got.plt) >= 0xc)?0xc:0x0)

.got.plt        0x0000000000012000        0x0
 *(.got.plt)
 *(.igot.plt)
 .igot.plt      0x0000000000012000        0x0 kernel/kernel.o

.data           0x0000000000012000      0x818
 *(.data .data.* .gnu.linkonce.d.*)
 .data          0x0000000000012000        0x2 kernel/kernel.o
 .data          0x0000000000012002        0x0 kernel/start.o
 .data          0x0000000000012002        0x0 kernel/main.o
 .data          0x0000000000012002        0x0 kernel/clock.o
 *fill*         0x0000000000012002       0x1e 
 .data          0x0000000000012020      0x600 kernel/keyboard.o
                0x0000000000012020                keymap
 .data          0x0000000000012620       0x22 kernel/tty.o
 .data          0x0000000000012642        0x0 kernel/console.o
 .data          0x0000000000012642        0x0 kernel/i8259.o
 *fill*         0x0000000000012642       0x1e 
 .data          0x0000000000012660      0x1b4 kernel/global.o
                0x0000000000012660                task_table
                0x0000000000012740                user_proc_table
                0x00000000000127e0                sys_call_table
                0x00000000000127ec                dd_map
                0x0000000000012804                fsbuf
                0x0000000000012808                mmbuf
                0x000000000001280c                logbuf
                0x0000000000012810                logdiskbuf
 .data          0x0000000000012814        0x0 kernel/protect.o
 .data          0x0000000000012814        0x0 kernel/proc.o
 .data          0x0000000000012814        0x0 kernel/systask.o
 .data          0x0000000000012814        0x0 kernel/hd.o
 .data          0x0000000000012814        0x0 kernel/klib.o
 .data          0x0000000000012814        0x0 lib/syslog.o
 .data          0x0000000000012814        0x0 mm/main.o
 .data          0x0000000000012814        0x0 mm/forkexit.o
 .data          0x0000000000012814        0x0 mm/exec.o
 .data          0x0000000000012814        0x0 fs/main.o
 .data          0x0000000000012814        0x0 fs/open.o
 .data          0x0000000000012814        0x4 fs/misc.o
                0x0000000000012814                last_query_dev
 .data          0x0000000000012818        0x0 fs/read_write.o
 .data          0x0000000000012818        0x0 fs/link.o
 .data          0x0000000000012818        0x0 fs/disklog.o
 .data          0x0000000000012818        0x0 lib/orangescrt.a(printf.o)
 .data          0x0000000000012818        0x0 lib/orangescrt.a(vsprintf.o)
 .data          0x0000000000012818        0x0 lib/orangescrt.a(misc.o)
 .data          0x0000000000012818        0x0 lib/orangescrt.a(open.o)
 .data          0x0000000000012818        0x0 lib/orangescrt.a(read.o)
 .data          0x0000000000012818        0x0 lib/orangescrt.a(write.o)
 .data          0x0000000000012818        0x0 lib/orangescrt.a(close.o)
 .data          0x0000000000012818        0x0 lib/orangescrt.a(getpid.o)
 .data          0x0000000000012818        0x0 lib/orangescrt.a(stat.o)
 .data          0x0000000000012818        0x0 lib/orangescrt.a(fork.o)
 .data          0x0000000000012818        0x0 lib/orangescrt.a(wait.o)
 .data          0x0000000000012818        0x0 lib/orangescrt.a(exec.o)
 .data          0x0000000000012818        0x0 lib/orangescrt.a(shell.o)

.data1
 *(.data1)
                0x0000000000012818                _edata = .
                [!provide]                        PROVIDE (edata, .)
                0x0000000000012818                . = .
                0x0000000000012818                __bss_start = .

.bss            0x0000000000012820    0x4fa28
 *(.dynbss)
 *(.bss .bss.* .gnu.linkonce.b.*)
 .bss           0x0000000000012820      0x800 kernel/kernel.o
 .bss           0x0000000000013020        0x0 kernel/start.o
 .bss           0x0000000000013020        0x0 kernel/main.o
 .bss           0x0000000000013020        0x0 kernel/clock.o
 .bss           0x0000000000013020       0x58 kernel/keyboard.o
 .bss           0x0000000000013078        0x0 kernel/tty.o
 .bss           0x0000000000013078        0x0 kernel/console.o
 .bss           0x0000000000013078        0x0 kernel/i8259.o
 .bss           0x0000000000013078        0x0 kernel/global.o
 .bss           0x0000000000013078        0x0 kernel/protect.o
 .bss           0x0000000000013078        0x0 kernel/proc.o
 .bss           0x0000000000013078        0x0 kernel/systask.o
 *fill*         0x0000000000013078        0x8 
 .bss           0x0000000000013080      0x64c kernel/hd.o
 .bss           0x00000000000136cc        0x0 kernel/klib.o
 .bss           0x00000000000136cc        0x0 lib/syslog.o
 .bss           0x00000000000136cc        0x0 mm/main.o
 .bss           0x00000000000136cc        0x0 mm/forkexit.o
 .bss           0x00000000000136cc        0x0 mm/exec.o
 .bss           0x00000000000136cc        0x0 fs/main.o
 .bss           0x00000000000136cc        0x0 fs/open.o
 .bss           0x00000000000136cc        0x0 fs/misc.o
 .bss           0x00000000000136cc        0x0 fs/read_write.o
 .bss           0x00000000000136cc        0x0 fs/link.o
 *fill*         0x00000000000136cc       0x14 
 .bss           0x00000000000136e0      0x208 fs/disklog.o
 .bss           0x00000000000138e8        0x0 lib/orangescrt.a(printf.o)
 .bss           0x00000000000138e8        0x0 lib/orangescrt.a(vsprintf.o)
 .bss           0x00000000000138e8        0x4 lib/orangescrt.a(misc.o)
 .bss           0x00000000000138ec        0x0 lib/orangescrt.a(open.o)
 .bss           0x00000000000138ec        0x0 lib/orangescrt.a(read.o)
 .bss           0x00000000000138ec        0x0 lib/orangescrt.a(write.o)
 .bss           0x00000000000138ec        0x0 lib/orangescrt.a(close.o)
 .bss           0x00000000000138ec        0x0 lib/orangescrt.a(getpid.o)
 .bss           0x00000000000138ec        0x0 lib/orangescrt.a(stat.o)
 .bss           0x00000000000138ec        0x0 lib/orangescrt.a(fork.o)
 .bss           0x00000000000138ec        0x0 lib/orangescrt.a(wait.o)
 .bss           0x00000000000138ec        0x0 lib/orangescrt.a(exec.o)
 .bss           0x00000000000138ec        0x0 lib/orangescrt.a(shell.o)
 *(COMMON)
 *fill*         0x00000000000138ec       0x14 
 COMMON         0x0000000000013900    0x4e838 kernel/global.o
                0x0000000000013900                idt_ptr
                0x0000000000013920                inode_table
                0x0000000000014420                task_stack
                0x000000000005c420                k_reenter
                0x000000000005c440                gdt
                0x000000000005c840                current_console
                0x000000000005c844                pcaller
                0x000000000005c860                tty_table
                0x000000000005d4e0                tss
                0x000000000005d560                fs_msg
                0x000000000005d590                memory_size
                0x000000000005d5a0                f_desc_table
                0x000000000005daa0                root_inode
                0x000000000005daa4                disp_pos
                0x000000000005dac0                mm_msg
                0x000000000005db00                Working_Directory
                0x000000000005db80                key_pressed
                0x000000000005db84                gdt_ptr
                0x000000000005dba0                idt
                0x000000000005e3a0                super_block
                0x000000000005e580                ticks
                0x000000000005e5a0                console_table
                0x000000000005e5e0                irq_table
                0x000000000005e620                p_proc_ready
                0x000000000005e640                proc_table
 COMMON         0x0000000000062138       0x10 kernel/hd.o
                0x0000000000062138                PARTITION_ENTRY
 *fill*         0x0000000000062148       0x18 
 COMMON         0x0000000000062160       0xe5 lib/orangescrt.a(shell.o)
                0x0000000000062160                tmp_path
                0x0000000000062248                . = ALIGN ((. != 0x0)?0x4:0x1)
 *fill*         0x0000000000062245        0x3 
                0x0000000000062248                . = ALIGN (0x4)
                0x0000000000062248                . = SEGMENT_START ("ldata-segment", .)
                0x0000000000062248                . = ALIGN (0x4)
                0x0000000000062248                _end = .
                [!provide]                        PROVIDE (end, .)
                0x0000000000062248                . = DATA_SEGMENT_END (.)

.stab
 *(.stab)

.stabstr
 *(.stabstr)

.stab.excl
 *(.stab.excl)

.stab.exclstr
 *(.stab.exclstr)

.stab.index
 *(.stab.index)

.stab.indexstr
 *(.stab.indexstr)

.comment        0x0000000000000000       0x35
 *(.comment)
 .comment       0x0000000000000000       0x35 kernel/start.o
                                         0x36 (size before relaxing)
 .comment       0x0000000000000035       0x36 kernel/main.o
 .comment       0x0000000000000035       0x36 kernel/clock.o
 .comment       0x0000000000000035       0x36 kernel/keyboard.o
 .comment       0x0000000000000035       0x36 kernel/tty.o
 .comment       0x0000000000000035       0x36 kernel/console.o
 .comment       0x0000000000000035       0x36 kernel/i8259.o
 .comment       0x0000000000000035       0x36 kernel/global.o
 .comment       0x0000000000000035       0x36 kernel/protect.o
 .comment       0x0000000000000035       0x36 kernel/proc.o
 .comment       0x0000000000000035       0x36 kernel/systask.o
 .comment       0x0000000000000035       0x36 kernel/hd.o
 .comment       0x0000000000000035       0x36 kernel/klib.o
 .comment       0x0000000000000035       0x36 lib/syslog.o
 .comment       0x0000000000000035       0x36 mm/main.o
 .comment       0x0000000000000035       0x36 mm/forkexit.o
 .comment       0x0000000000000035       0x36 mm/exec.o
 .comment       0x0000000000000035       0x36 fs/main.o
 .comment       0x0000000000000035       0x36 fs/open.o
 .comment       0x0000000000000035       0x36 fs/misc.o
 .comment       0x0000000000000035       0x36 fs/read_write.o
 .comment       0x0000000000000035       0x36 fs/link.o
 .comment       0x0000000000000035       0x36 fs/disklog.o
 .comment       0x0000000000000035       0x36 lib/orangescrt.a(printf.o)
 .comment       0x0000000000000035       0x36 lib/orangescrt.a(vsprintf.o)
 .comment       0x0000000000000035       0x36 lib/orangescrt.a(misc.o)
 .comment       0x0000000000000035       0x36 lib/orangescrt.a(open.o)
 .comment       0x0000000000000035       0x36 lib/orangescrt.a(read.o)
 .comment       0x0000000000000035       0x36 lib/orangescrt.a(write.o)
 .comment       0x0000000000000035       0x36 lib/orangescrt.a(close.o)
 .comment       0x0000000000000035       0x36 lib/orangescrt.a(getpid.o)
 .comment       0x0000000000000035       0x36 lib/orangescrt.a(stat.o)
 .comment       0x0000000000000035       0x36 lib/orangescrt.a(fork.o)
 .comment       0x0000000000000035       0x36 lib/orangescrt.a(wait.o)
 .comment       0x0000000000000035       0x36 lib/orangescrt.a(exec.o)
 .comment       0x0000000000000035       0x36 lib/orangescrt.a(shell.o)

.debug
 *(.debug)

.line
 *(.line)

.debug_srcinfo
 *(.debug_srcinfo)

.debug_sfnames
 *(.debug_sfnames)

.debug_aranges
 *(.debug_aranges)

.debug_pubnames
 *(.debug_pubnames)

.debug_info
 *(.debug_info .gnu.linkonce.wi.*)

.debug_abbrev
 *(.debug_abbrev)

.debug_line
 *(.debug_line .debug_line.* .debug_line_end)

.debug_frame
 *(.debug_frame)

.debug_str
 *(.debug_str)

.debug_loc
 *(.debug_loc)

.debug_macinfo
 *(.debug_macinfo)

.debug_weaknames
 *(.debug_weaknames)

.debug_funcnames
 *(.debug_funcnames)

.debug_typenames
 *(.debug_typenames)

.debug_varnames
 *(.debug_varnames)

.debug_pubtypes
 *(.debug_pubtypes)

.debug_ranges
 *(.debug_ranges)

.debug_macro
 *(.debug_macro)

.gnu.attributes
 *(.gnu.attributes)

/DISCARD/
 *(.note.GNU-stack)
 *(.gnu_debuglink)
 *(.gnu.lto_*)
OUTPUT(kernel.bin elf32-i386)
