Archive member included to satisfy reference by file (symbol)

lib/orangescrt.a(syscall.o)   mm/shell.o (printx)
lib/orangescrt.a(printf.o)    kernel/main.o (printf)
lib/orangescrt.a(vsprintf.o)  kernel/main.o (vsprintf)
lib/orangescrt.a(string.o)    kernel/start.o (memcpy)
lib/orangescrt.a(misc.o)      kernel/main.o (send_recv)
lib/orangescrt.a(open.o)      kernel/main.o (open)
lib/orangescrt.a(read.o)      kernel/main.o (read)
lib/orangescrt.a(write.o)     kernel/main.o (write)
lib/orangescrt.a(close.o)     kernel/main.o (close)
lib/orangescrt.a(getpid.o)    kernel/main.o (getpid)
lib/orangescrt.a(stat.o)      mm/exec.o (stat)
lib/orangescrt.a(fork.o)      kernel/main.o (fork)
lib/orangescrt.a(wait.o)      kernel/main.o (wait)
lib/orangescrt.a(exec.o)      kernel/main.o (execv)
lib/orangescrt.a(shell.o)     kernel/main.o (Init_Shell)

Allocating common symbols
Common symbol       size              file

idt_ptr             0x6               kernel/global.o
inode_table         0xb00             kernel/global.o
task_stack          0x48000           kernel/global.o
k_reenter           0x4               kernel/global.o
gdt                 0x400             kernel/global.o
current_console     0x4               kernel/global.o
pcaller             0x4               kernel/global.o
tty_table           0xc6c             kernel/global.o
tss                 0x68              kernel/global.o
fs_msg              0x30              kernel/global.o
memory_size         0x4               kernel/global.o
f_desc_table        0x500             kernel/global.o
root_inode          0x4               kernel/global.o
disp_pos            0x4               kernel/global.o
mm_msg              0x30              kernel/global.o
Working_Directory   0x80              kernel/global.o
key_pressed         0x4               kernel/global.o
gdt_ptr             0x6               kernel/global.o
idt                 0x800             kernel/global.o
super_block         0x1e0             kernel/global.o
PARTITION_ENTRY     0x10              kernel/hd.o
ticks               0x4               kernel/global.o
console_table       0x3c              kernel/global.o
irq_table           0x40              kernel/global.o
p_proc_ready        0x4               kernel/global.o
proc_table          0x3af8            kernel/global.o

Discarded input sections

 .note.GNU-stack
                0x0000000000000000        0x0 kernel/start.o
 .note.GNU-stack
                0x0000000000000000        0x0 kernel/main.o
 .note.GNU-stack
                0x0000000000000000        0x0 kernel/clock.o
 .note.GNU-stack
                0x0000000000000000        0x0 kernel/keyboard.o
 .note.GNU-stack
                0x0000000000000000        0x0 kernel/tty.o
 .note.GNU-stack
                0x0000000000000000        0x0 kernel/console.o
 .note.GNU-stack
                0x0000000000000000        0x0 kernel/i8259.o
 .note.GNU-stack
                0x0000000000000000        0x0 kernel/global.o
 .note.GNU-stack
                0x0000000000000000        0x0 kernel/protect.o
 .note.GNU-stack
                0x0000000000000000        0x0 kernel/proc.o
 .note.GNU-stack
                0x0000000000000000        0x0 kernel/systask.o
 .note.GNU-stack
                0x0000000000000000        0x0 kernel/hd.o
 .note.GNU-stack
                0x0000000000000000        0x0 kernel/klib.o
 .note.GNU-stack
                0x0000000000000000        0x0 lib/syslog.o
 .note.GNU-stack
                0x0000000000000000        0x0 mm/main.o
 .note.GNU-stack
                0x0000000000000000        0x0 mm/forkexit.o
 .note.GNU-stack
                0x0000000000000000        0x0 mm/exec.o
 .note.GNU-stack
                0x0000000000000000        0x0 mm/shell.o
 .note.GNU-stack
                0x0000000000000000        0x0 fs/main.o
 .note.GNU-stack
                0x0000000000000000        0x0 fs/open.o
 .note.GNU-stack
                0x0000000000000000        0x0 fs/misc.o
 .note.GNU-stack
                0x0000000000000000        0x0 fs/read_write.o
 .note.GNU-stack
                0x0000000000000000        0x0 fs/link.o
 .note.GNU-stack
                0x0000000000000000        0x0 fs/disklog.o
 .note.GNU-stack
                0x0000000000000000        0x0 lib/orangescrt.a(printf.o)
 .note.GNU-stack
                0x0000000000000000        0x0 lib/orangescrt.a(vsprintf.o)
 .note.GNU-stack
                0x0000000000000000        0x0 lib/orangescrt.a(misc.o)
 .note.GNU-stack
                0x0000000000000000        0x0 lib/orangescrt.a(open.o)
 .note.GNU-stack
                0x0000000000000000        0x0 lib/orangescrt.a(read.o)
 .note.GNU-stack
                0x0000000000000000        0x0 lib/orangescrt.a(write.o)
 .note.GNU-stack
                0x0000000000000000        0x0 lib/orangescrt.a(close.o)
 .note.GNU-stack
                0x0000000000000000        0x0 lib/orangescrt.a(getpid.o)
 .note.GNU-stack
                0x0000000000000000        0x0 lib/orangescrt.a(stat.o)
 .note.GNU-stack
                0x0000000000000000        0x0 lib/orangescrt.a(fork.o)
 .note.GNU-stack
                0x0000000000000000        0x0 lib/orangescrt.a(wait.o)
 .note.GNU-stack
                0x0000000000000000        0x0 lib/orangescrt.a(exec.o)
 .note.GNU-stack
                0x0000000000000000        0x0 lib/orangescrt.a(shell.o)

Memory Configuration

Name             Origin             Length             Attributes
*default*        0x0000000000000000 0xffffffffffffffff

Linker script and memory map

Address of section .text set to 0x1000
LOAD kernel/kernel.o
LOAD kernel/start.o
LOAD kernel/main.o
LOAD kernel/clock.o
LOAD kernel/keyboard.o
LOAD kernel/tty.o
LOAD kernel/console.o
LOAD kernel/i8259.o
LOAD kernel/global.o
LOAD kernel/protect.o
LOAD kernel/proc.o
LOAD kernel/systask.o
LOAD kernel/hd.o
LOAD kernel/kliba.o
LOAD kernel/klib.o
LOAD lib/syslog.o
LOAD mm/main.o
LOAD mm/forkexit.o
LOAD mm/exec.o
LOAD mm/shell.o
LOAD fs/main.o
LOAD fs/open.o
LOAD fs/misc.o
LOAD fs/read_write.o
LOAD fs/link.o
LOAD fs/disklog.o
LOAD lib/orangescrt.a
                [!provide]                        PROVIDE (__executable_start, 0x8048000)
                0x0000000008048094                . = (0x8048000 + SIZEOF_HEADERS)

.interp
 *(.interp)

.note.gnu.build-id
 *(.note.gnu.build-id)

.hash
 *(.hash)

.gnu.hash
 *(.gnu.hash)

.dynsym
 *(.dynsym)

.dynstr
 *(.dynstr)

.gnu.version
 *(.gnu.version)

.gnu.version_d
 *(.gnu.version_d)

.gnu.version_r
 *(.gnu.version_r)

.rel.dyn        0x0000000008048094        0x0
 *(.rel.init)
 *(.rel.text .rel.text.* .rel.gnu.linkonce.t.*)
 .rel.text      0x0000000008048094        0x0 kernel/kernel.o
 *(.rel.fini)
 *(.rel.rodata .rel.rodata.* .rel.gnu.linkonce.r.*)
 *(.rel.data.rel.ro .rel.data.rel.ro.* .rel.gnu.linkonce.d.rel.ro.*)
 *(.rel.data .rel.data.* .rel.gnu.linkonce.d.*)
 .rel.data      0x0000000008048094        0x0 kernel/kernel.o
 *(.rel.tdata .rel.tdata.* .rel.gnu.linkonce.td.*)
 *(.rel.tbss .rel.tbss.* .rel.gnu.linkonce.tb.*)
 *(.rel.ctors)
 *(.rel.dtors)
 *(.rel.got)
 *(.rel.bss .rel.bss.* .rel.gnu.linkonce.b.*)
 *(.rel.ifunc)

.rel.plt        0x0000000008048094        0x0
 *(.rel.plt)
                [!provide]                        PROVIDE (__rel_iplt_start, .)
 *(.rel.iplt)
 .rel.iplt      0x0000000008048094        0x0 kernel/kernel.o
                [!provide]                        PROVIDE (__rel_iplt_end, .)

.init
 *(SORT(.init))

.plt            0x00000000080480a0        0x0
 *(.plt)
 *(.iplt)
 .iplt          0x00000000080480a0        0x0 kernel/kernel.o

.plt.got
 *(.plt.got)

.text           0x0000000000001000     0xd37e
 *(.text.unlikely .text.*_unlikely .text.unlikely.*)
 *(.text.exit .text.exit.*)
 *(.text.startup .text.startup.*)
 *(.text.hot .text.hot.*)
 *(.text .stub .text.* .gnu.linkonce.t.*)
 .text          0x0000000000001000      0x410 kernel/kernel.o
                0x0000000000001000                _start
                0x0000000000001040                hwint00
                0x0000000000001070                hwint01
                0x00000000000010a0                hwint02
                0x00000000000010d0                hwint03
                0x0000000000001100                hwint04
                0x0000000000001130                hwint05
                0x0000000000001160                hwint06
                0x0000000000001190                hwint07
                0x00000000000011c0                hwint08
                0x00000000000011f0                hwint09
                0x0000000000001220                hwint10
                0x0000000000001250                hwint11
                0x0000000000001280                hwint12
                0x00000000000012b0                hwint13
                0x00000000000012e0                hwint14
                0x0000000000001310                hwint15
                0x0000000000001334                divide_error
                0x000000000000133a                single_step_exception
                0x0000000000001340                nmi
                0x0000000000001346                breakpoint_exception
                0x000000000000134c                overflow
                0x0000000000001352                bounds_check
                0x0000000000001358                inval_opcode
                0x000000000000135e                copr_not_available
                0x0000000000001364                double_fault
                0x0000000000001368                copr_seg_overrun
                0x000000000000136e                inval_tss
                0x0000000000001372                segment_not_present
                0x0000000000001376                stack_exception
                0x000000000000137a                general_protection
                0x000000000000137e                page_fault
                0x0000000000001382                copr_error
                0x00000000000013cb                sys_call
                0x00000000000013eb                restart
 .text          0x0000000000001410       0x95 kernel/start.o
                0x0000000000001410                cstart
 .text          0x00000000000014a5      0xa2a kernel/main.o
                0x00000000000014a5                kernel_main
                0x00000000000017c0                get_ticks
                0x00000000000017f4                untar
                0x0000000000001a17                shabby_shell
                0x0000000000001cfa                Init
                0x0000000000001e77                TestA
                0x0000000000001e7c                TestB
                0x0000000000001e81                TestC
                0x0000000000001e86                panic
 .text          0x0000000000001ecf      0x10d kernel/clock.o
                0x0000000000001ecf                clock_handler
                0x0000000000001f4a                milli_delay
                0x0000000000001f84                init_clock
 .text          0x0000000000001fdc      0x6da kernel/keyboard.o
                0x0000000000001fdc                keyboard_handler
                0x0000000000002046                init_keyboard
                0x00000000000020f5                keyboard_read
 .text          0x00000000000026b6      0xa2c kernel/tty.o
                0x00000000000026b6                task_tty
                0x00000000000028a7                in_process
                0x0000000000002de2                sys_printx
                0x0000000000002f81                dump_tty_buf
 .text          0x00000000000030e2      0x7d7 kernel/console.o
                0x00000000000030e2                init_screen
                0x0000000000003256                out_char
                0x0000000000003533                is_current_console
                0x0000000000003626                select_console
                0x0000000000003666                scroll_screen
 .text          0x00000000000038b9      0x130 kernel/i8259.o
                0x00000000000038b9                init_8259A
                0x000000000000398e                spurious_irq
                0x00000000000039c5                put_irq_handler
 .text          0x00000000000039e9        0x0 kernel/global.o
 .text          0x00000000000039e9      0x65f kernel/protect.o
                0x00000000000039e9                init_prot
                0x0000000000003e51                seg2linear
                0x0000000000003ea0                init_desc
                0x0000000000003f0d                exception_handler
 .text          0x0000000000004048     0x15ff kernel/proc.o
                0x0000000000004048                schedule
                0x00000000000040d4                sys_sendrec
                0x00000000000041fe                ldt_seg_linear
                0x0000000000004248                va2la
                0x00000000000042a9                reset_msg
                0x000000000000508e                inform_int
                0x00000000000051fe                dump_proc
                0x000000000000553a                dump_msg
 .text          0x0000000000005647      0x2bc kernel/systask.o
                0x0000000000005647                task_sys
 .text          0x0000000000005903      0xe1f kernel/hd.o
                0x0000000000005903                task_hd
                0x00000000000066f7                hd_handler
 *fill*         0x0000000000006722        0xe 
 .text          0x0000000000006730      0x19a kernel/kliba.o
                0x0000000000006730                disp_str
                0x000000000000676e                disp_color_str
                0x00000000000067ad                out_byte
                0x00000000000067b9                in_byte
                0x00000000000067c3                port_read
                0x00000000000067d6                port_write
                0x00000000000067e9                disable_irq
                0x000000000000681e                enable_irq
                0x000000000000683d                disable_int
                0x000000000000683f                enable_int
                0x0000000000006841                glitter
 .text          0x00000000000068ca      0x2af kernel/klib.o
                0x00000000000068ca                get_boot_params
                0x0000000000006950                get_kernel_map
                0x0000000000006a60                itoa
                0x0000000000006b0b                disp_int
                0x0000000000006b32                delay
 .text          0x0000000000006b79       0x6f lib/syslog.o
                0x0000000000006b79                syslog
 .text          0x0000000000006be8      0x1dd mm/main.o
                0x0000000000006be8                task_mm
                0x0000000000006d40                alloc_mem
                0x0000000000006dbb                free_mem
 .text          0x0000000000006dc5      0x5c0 mm/forkexit.o
                0x0000000000006dc5                do_fork
                0x0000000000007106                do_exit
                0x00000000000072cf                do_wait
 .text          0x0000000000007385      0x356 mm/exec.o
                0x0000000000007385                do_exec
 .text          0x00000000000076db      0x265 mm/shell.o
                0x00000000000076db                do_shell
                0x0000000000007848                initShell
                0x0000000000007868                changeCWD
                0x0000000000007924                getCWD
 .text          0x0000000000007940     0x123b fs/main.o
                0x0000000000007940                task_fs
                0x000000000000841f                rw_sector
                0x0000000000008642                get_super_block
                0x0000000000008688                get_inode
                0x00000000000087eb                get_inode_directly
                0x0000000000008836                count_surplus_inode_link
                0x0000000000008876                put_inode
                0x00000000000088b4                put_inodes_link
                0x000000000000890f                sync_inode
                0x0000000000008a0e                sync_inode_link
 .text          0x0000000000008b7b      0xe43 fs/open.o
                0x0000000000008b7b                do_open
                0x0000000000008fbb                do_mkdir
                0x00000000000092a0                do_close
                0x000000000000931b                do_lseek
 .text          0x00000000000099be      0x784 fs/misc.o
                0x00000000000099be                do_stat
                0x0000000000009bd9                low_search_entry
                0x0000000000009ce3                search_file
                0x0000000000009da1                do_List_Dir
                0x000000000000a012                strip_path
 .text          0x000000000000a142      0x781 fs/read_write.o
                0x000000000000a142                do_rdwt
 .text          0x000000000000a8c3      0x8cc fs/link.o
                0x000000000000a8c3                do_unlink
                0x000000000000b11f                getsize
 .text          0x000000000000b18f     0x1fe3 fs/disklog.o
                0x000000000000b18f                disklog
                0x000000000000b6fc                dump_fd_graph
 *fill*         0x000000000000d172        0xe 
 .text          0x000000000000d180       0x28 lib/orangescrt.a(syscall.o)
                0x000000000000d180                sendrec
                0x000000000000d19a                printx
 .text          0x000000000000d1a8       0xad lib/orangescrt.a(printf.o)
                0x000000000000d1a8                printf
                0x000000000000d213                printl
 .text          0x000000000000d255      0x305 lib/orangescrt.a(vsprintf.o)
                0x000000000000d2b3                vsprintf
                0x000000000000d534                sprintf
 *fill*         0x000000000000d55a        0x6 
 .text          0x000000000000d560       0x78 lib/orangescrt.a(string.o)
                0x000000000000d560                memcpy
                0x000000000000d589                memset
                0x000000000000d5aa                strcpy
                0x000000000000d5c2                strlen
 .text          0x000000000000d5d8      0x41a lib/orangescrt.a(misc.o)
                0x000000000000d5d8                send_recv
                0x000000000000d692                memcmp
                0x000000000000d708                strcmp
                0x000000000000d77b                strcat
                0x000000000000d7da                spin
                0x000000000000d7f5                strchr
                0x000000000000d822                strtok
                0x000000000000d8f0                _strcpy
                0x000000000000d92c                _strncpy
                0x000000000000d9a5                proc_memcpy
                0x000000000000d9b9                assertion_failure
 .text          0x000000000000d9f2       0xc6 lib/orangescrt.a(open.o)
                0x000000000000d9f2                open
                0x000000000000da55                mkdir
 .text          0x000000000000dab8       0x37 lib/orangescrt.a(read.o)
                0x000000000000dab8                read
 .text          0x000000000000daef       0x37 lib/orangescrt.a(write.o)
                0x000000000000daef                write
 .text          0x000000000000db26       0x2b lib/orangescrt.a(close.o)
                0x000000000000db26                close
 .text          0x000000000000db51       0x46 lib/orangescrt.a(getpid.o)
                0x000000000000db51                getpid
 .text          0x000000000000db97       0x76 lib/orangescrt.a(stat.o)
                0x000000000000db97                stat
 .text          0x000000000000dc0d       0x66 lib/orangescrt.a(fork.o)
                0x000000000000dc0d                fork
 .text          0x000000000000dc73       0x3c lib/orangescrt.a(wait.o)
                0x000000000000dc73                wait
 .text          0x000000000000dcaf      0x276 lib/orangescrt.a(exec.o)
                0x000000000000dcaf                exec
                0x000000000000dd1a                execl
                0x000000000000dd3f                execv
 .text          0x000000000000df25      0x459 lib/orangescrt.a(shell.o)
                0x000000000000df25                Init_Shell
                0x000000000000df66                chdir
                0x000000000000dfbd                getcwd
                0x000000000000dff6                extractExecDir
                0x000000000000e0a2                get_full_path
 *(.gnu.warning)

.fini
 *(SORT(.fini))
                [!provide]                        PROVIDE (__etext, .)
                [!provide]                        PROVIDE (_etext, .)
                [!provide]                        PROVIDE (etext, .)

.rodata         0x000000000000e380     0x28ae
 *(.rodata .rodata.* .gnu.linkonce.r.*)
 .rodata        0x000000000000e380       0x47 kernel/start.o
 *fill*         0x000000000000e3c7        0x1 
 .rodata        0x000000000000e3c8      0x200 kernel/main.o
 .rodata        0x000000000000e5c8       0x64 kernel/keyboard.o
 .rodata        0x000000000000e62c      0x168 kernel/tty.o
 .rodata        0x000000000000e794       0x5b kernel/console.o
 .rodata        0x000000000000e7ef       0x11 kernel/i8259.o
 .rodata        0x000000000000e800       0x10 kernel/global.o
                0x000000000000e800                FSBUF_SIZE
                0x000000000000e804                MMBUF_SIZE
                0x000000000000e808                LOGBUF_SIZE
                0x000000000000e80c                LOGDISKBUF_SIZE
 *fill*         0x000000000000e810       0x10 
 .rodata        0x000000000000e820      0x580 kernel/protect.o
 .rodata        0x000000000000eda0      0x5da kernel/proc.o
 .rodata        0x000000000000f37a       0x11 kernel/systask.o
 *fill*         0x000000000000f38b        0x1 
 .rodata        0x000000000000f38c      0x1df kernel/hd.o
 *fill*         0x000000000000f56b        0x1 
 .rodata        0x000000000000f56c       0x6a kernel/klib.o
 .rodata        0x000000000000f5d6       0x1e lib/syslog.o
 .rodata        0x000000000000f5f4       0xed mm/main.o
 *fill*         0x000000000000f6e1        0x3 
 .rodata        0x000000000000f6e4       0xe7 mm/forkexit.o
 *fill*         0x000000000000f7cb        0x1 
 .rodata        0x000000000000f7cc       0xa4 mm/exec.o
 .rodata        0x000000000000f870       0x3d mm/shell.o
 *fill*         0x000000000000f8ad        0x3 
 .rodata        0x000000000000f8b0      0x2de fs/main.o
 *fill*         0x000000000000fb8e        0x2 
 .rodata        0x000000000000fb90      0x26c fs/open.o
 .rodata        0x000000000000fdfc       0xc5 fs/misc.o
 *fill*         0x000000000000fec1        0x3 
 .rodata        0x000000000000fec4      0x164 fs/read_write.o
 .rodata        0x0000000000010028      0x1ad fs/link.o
 *fill*         0x00000000000101d5        0x3 
 .rodata        0x00000000000101d8      0x806 fs/disklog.o
 .rodata        0x00000000000109de       0x14 lib/orangescrt.a(printf.o)
 *fill*         0x00000000000109f2        0x2 
 .rodata        0x00000000000109f4       0xad lib/orangescrt.a(misc.o)
 .rodata        0x0000000000010aa1       0x23 lib/orangescrt.a(open.o)
 .rodata        0x0000000000010ac4       0x25 lib/orangescrt.a(getpid.o)
 .rodata        0x0000000000010ae9       0x33 lib/orangescrt.a(stat.o)
 .rodata        0x0000000000010b1c       0x33 lib/orangescrt.a(fork.o)
 *fill*         0x0000000000010b4f        0x1 
 .rodata        0x0000000000010b50       0xa7 lib/orangescrt.a(exec.o)
 .rodata        0x0000000000010bf7       0x37 lib/orangescrt.a(shell.o)

.rodata1
 *(.rodata1)

.eh_frame_hdr
 *(.eh_frame_hdr)
 *(.eh_frame_entry .eh_frame_entry.*)

.eh_frame       0x0000000000010c30     0x15bc
 *(.eh_frame)
 .eh_frame      0x0000000000010c30       0x38 kernel/start.o
 .eh_frame      0x0000000000010c68      0x10c kernel/main.o
                                        0x124 (size before relaxing)
 .eh_frame      0x0000000000010d74       0x60 kernel/clock.o
                                         0x78 (size before relaxing)
 .eh_frame      0x0000000000010dd4       0xe0 kernel/keyboard.o
                                         0xf8 (size before relaxing)
 .eh_frame      0x0000000000010eb4      0x13c kernel/tty.o
                                        0x154 (size before relaxing)
 .eh_frame      0x0000000000010ff0      0x144 kernel/console.o
                                        0x15c (size before relaxing)
 .eh_frame      0x0000000000011134       0x60 kernel/i8259.o
                                         0x78 (size before relaxing)
 .eh_frame      0x0000000000011194       0xb0 kernel/protect.o
                                         0xc8 (size before relaxing)
 .eh_frame      0x0000000000011244      0x1b8 kernel/proc.o
                                        0x1d0 (size before relaxing)
 .eh_frame      0x00000000000113fc       0x5c kernel/systask.o
                                         0x74 (size before relaxing)
 .eh_frame      0x0000000000011458      0x1f0 kernel/hd.o
                                        0x208 (size before relaxing)
 .eh_frame      0x0000000000011648       0xa0 kernel/klib.o
                                         0xb8 (size before relaxing)
 .eh_frame      0x00000000000116e8       0x20 lib/syslog.o
                                         0x38 (size before relaxing)
 .eh_frame      0x0000000000011708       0x7c mm/main.o
                                         0x94 (size before relaxing)
 .eh_frame      0x0000000000011784       0x90 mm/forkexit.o
                                         0xa8 (size before relaxing)
 .eh_frame      0x0000000000011814       0x2c mm/exec.o
                                         0x44 (size before relaxing)
 .eh_frame      0x0000000000011840       0x84 mm/shell.o
                                         0x9c (size before relaxing)
 .eh_frame      0x00000000000118c4      0x1f0 fs/main.o
                                        0x208 (size before relaxing)
 .eh_frame      0x0000000000011ab4      0x188 fs/open.o
                                        0x1a0 (size before relaxing)
 .eh_frame      0x0000000000011c3c       0xb4 fs/misc.o
                                         0xcc (size before relaxing)
 .eh_frame      0x0000000000011cf0       0x30 fs/read_write.o
                                         0x48 (size before relaxing)
 .eh_frame      0x0000000000011d20       0x4c fs/link.o
                                         0x64 (size before relaxing)
 .eh_frame      0x0000000000011d6c       0x60 fs/disklog.o
                                         0x78 (size before relaxing)
 .eh_frame      0x0000000000011dcc       0x40 lib/orangescrt.a(printf.o)
                                         0x58 (size before relaxing)
 .eh_frame      0x0000000000011e0c       0x60 lib/orangescrt.a(vsprintf.o)
                                         0x78 (size before relaxing)
 .eh_frame      0x0000000000011e6c      0x15c lib/orangescrt.a(misc.o)
                                        0x174 (size before relaxing)
 .eh_frame      0x0000000000011fc8       0x40 lib/orangescrt.a(open.o)
                                         0x58 (size before relaxing)
 .eh_frame      0x0000000000012008       0x20 lib/orangescrt.a(read.o)
                                         0x38 (size before relaxing)
 .eh_frame      0x0000000000012028       0x20 lib/orangescrt.a(write.o)
                                         0x38 (size before relaxing)
 .eh_frame      0x0000000000012048       0x20 lib/orangescrt.a(close.o)
                                         0x38 (size before relaxing)
 .eh_frame      0x0000000000012068       0x20 lib/orangescrt.a(getpid.o)
                                         0x38 (size before relaxing)
 .eh_frame      0x0000000000012088       0x20 lib/orangescrt.a(stat.o)
                                         0x38 (size before relaxing)
 .eh_frame      0x00000000000120a8       0x20 lib/orangescrt.a(fork.o)
                                         0x38 (size before relaxing)
 .eh_frame      0x00000000000120c8       0x20 lib/orangescrt.a(wait.o)
                                         0x38 (size before relaxing)
 .eh_frame      0x00000000000120e8       0x60 lib/orangescrt.a(exec.o)
                                         0x78 (size before relaxing)
 .eh_frame      0x0000000000012148       0xa4 lib/orangescrt.a(shell.o)
                                         0xbc (size before relaxing)
 *(.eh_frame.*)

.gcc_except_table
 *(.gcc_except_table .gcc_except_table.*)

.gnu_extab
 *(.gnu_extab*)

.exception_ranges
 *(.exception_ranges .exception_ranges*)
                0x00000000000131ec                . = DATA_SEGMENT_ALIGN (0x1000, 0x1000)

.eh_frame
 *(.eh_frame)
 *(.eh_frame.*)

.gnu_extab
 *(.gnu_extab)

.gcc_except_table
 *(.gcc_except_table .gcc_except_table.*)

.exception_ranges
 *(.exception_ranges .exception_ranges*)

.tdata
 *(.tdata .tdata.* .gnu.linkonce.td.*)

.tbss
 *(.tbss .tbss.* .gnu.linkonce.tb.*)
 *(.tcommon)

.preinit_array  0x00000000000131ec        0x0
                [!provide]                        PROVIDE (__preinit_array_start, .)
 *(.preinit_array)
                [!provide]                        PROVIDE (__preinit_array_end, .)

.init_array     0x00000000000131ec        0x0
                [!provide]                        PROVIDE (__init_array_start, .)
 *(SORT(.init_array.*) SORT(.ctors.*))
 *(.init_array EXCLUDE_FILE(*crtend?.o *crtend.o *crtbegin?.o *crtbegin.o) .ctors)
                [!provide]                        PROVIDE (__init_array_end, .)

.fini_array     0x00000000000131ec        0x0
                [!provide]                        PROVIDE (__fini_array_start, .)
 *(SORT(.fini_array.*) SORT(.dtors.*))
 *(.fini_array EXCLUDE_FILE(*crtend?.o *crtend.o *crtbegin?.o *crtbegin.o) .dtors)
                [!provide]                        PROVIDE (__fini_array_end, .)

.ctors
 *crtbegin.o(.ctors)
 *crtbegin?.o(.ctors)
 *(EXCLUDE_FILE(*crtend?.o *crtend.o) .ctors)
 *(SORT(.ctors.*))
 *(.ctors)

.dtors
 *crtbegin.o(.dtors)
 *crtbegin?.o(.dtors)
 *(EXCLUDE_FILE(*crtend?.o *crtend.o) .dtors)
 *(SORT(.dtors.*))
 *(.dtors)

.jcr
 *(.jcr)

.data.rel.ro
 *(.data.rel.ro.local* .gnu.linkonce.d.rel.ro.local.*)
 *(.data.rel.ro .data.rel.ro.* .gnu.linkonce.d.rel.ro.*)

.dynamic
 *(.dynamic)

.got
 *(.got)
 *(.igot)
                0x00000000000131ec                . = DATA_SEGMENT_RELRO_END (., (SIZEOF (.got.plt) >= 0xc)?0xc:0x0)

.got.plt        0x00000000000131ec        0x0
 *(.got.plt)
 *(.igot.plt)
 .igot.plt      0x00000000000131ec        0x0 kernel/kernel.o

.data           0x0000000000013200      0x818
 *(.data .data.* .gnu.linkonce.d.*)
 .data          0x0000000000013200        0x2 kernel/kernel.o
 .data          0x0000000000013202        0x0 kernel/start.o
 .data          0x0000000000013202        0x0 kernel/main.o
 .data          0x0000000000013202        0x0 kernel/clock.o
 *fill*         0x0000000000013202       0x1e 
 .data          0x0000000000013220      0x600 kernel/keyboard.o
                0x0000000000013220                keymap
 .data          0x0000000000013820       0x22 kernel/tty.o
 .data          0x0000000000013842        0x0 kernel/console.o
 .data          0x0000000000013842        0x0 kernel/i8259.o
 *fill*         0x0000000000013842       0x1e 
 .data          0x0000000000013860      0x1b4 kernel/global.o
                0x0000000000013860                task_table
                0x0000000000013940                user_proc_table
                0x00000000000139e0                sys_call_table
                0x00000000000139ec                dd_map
                0x0000000000013a04                fsbuf
                0x0000000000013a08                mmbuf
                0x0000000000013a0c                logbuf
                0x0000000000013a10                logdiskbuf
 .data          0x0000000000013a14        0x0 kernel/protect.o
 .data          0x0000000000013a14        0x0 kernel/proc.o
 .data          0x0000000000013a14        0x0 kernel/systask.o
 .data          0x0000000000013a14        0x0 kernel/hd.o
 .data          0x0000000000013a14        0x0 kernel/klib.o
 .data          0x0000000000013a14        0x0 lib/syslog.o
 .data          0x0000000000013a14        0x0 mm/main.o
 .data          0x0000000000013a14        0x0 mm/forkexit.o
 .data          0x0000000000013a14        0x0 mm/exec.o
 .data          0x0000000000013a14        0x0 mm/shell.o
 .data          0x0000000000013a14        0x0 fs/main.o
 .data          0x0000000000013a14        0x0 fs/open.o
 .data          0x0000000000013a14        0x4 fs/misc.o
                0x0000000000013a14                last_query_dev
 .data          0x0000000000013a18        0x0 fs/read_write.o
 .data          0x0000000000013a18        0x0 fs/link.o
 .data          0x0000000000013a18        0x0 fs/disklog.o
 .data          0x0000000000013a18        0x0 lib/orangescrt.a(printf.o)
 .data          0x0000000000013a18        0x0 lib/orangescrt.a(vsprintf.o)
 .data          0x0000000000013a18        0x0 lib/orangescrt.a(misc.o)
 .data          0x0000000000013a18        0x0 lib/orangescrt.a(open.o)
 .data          0x0000000000013a18        0x0 lib/orangescrt.a(read.o)
 .data          0x0000000000013a18        0x0 lib/orangescrt.a(write.o)
 .data          0x0000000000013a18        0x0 lib/orangescrt.a(close.o)
 .data          0x0000000000013a18        0x0 lib/orangescrt.a(getpid.o)
 .data          0x0000000000013a18        0x0 lib/orangescrt.a(stat.o)
 .data          0x0000000000013a18        0x0 lib/orangescrt.a(fork.o)
 .data          0x0000000000013a18        0x0 lib/orangescrt.a(wait.o)
 .data          0x0000000000013a18        0x0 lib/orangescrt.a(exec.o)
 .data          0x0000000000013a18        0x0 lib/orangescrt.a(shell.o)

.data1
 *(.data1)
                0x0000000000013a18                _edata = .
                [!provide]                        PROVIDE (edata, .)
                0x0000000000013a18                . = .
                0x0000000000013a18                __bss_start = .

.bss            0x0000000000013a20    0x4f928
 *(.dynbss)
 *(.bss .bss.* .gnu.linkonce.b.*)
 .bss           0x0000000000013a20      0x800 kernel/kernel.o
 .bss           0x0000000000014220        0x0 kernel/start.o
 .bss           0x0000000000014220        0x0 kernel/main.o
 .bss           0x0000000000014220        0x0 kernel/clock.o
 .bss           0x0000000000014220       0x58 kernel/keyboard.o
 .bss           0x0000000000014278        0x0 kernel/tty.o
 .bss           0x0000000000014278        0x0 kernel/console.o
 .bss           0x0000000000014278        0x0 kernel/i8259.o
 .bss           0x0000000000014278        0x0 kernel/global.o
 .bss           0x0000000000014278        0x0 kernel/protect.o
 .bss           0x0000000000014278        0x0 kernel/proc.o
 .bss           0x0000000000014278        0x0 kernel/systask.o
 *fill*         0x0000000000014278        0x8 
 .bss           0x0000000000014280      0x64c kernel/hd.o
 .bss           0x00000000000148cc        0x0 kernel/klib.o
 .bss           0x00000000000148cc        0x0 lib/syslog.o
 .bss           0x00000000000148cc        0x0 mm/main.o
 .bss           0x00000000000148cc        0x0 mm/forkexit.o
 .bss           0x00000000000148cc        0x0 mm/exec.o
 .bss           0x00000000000148cc        0x0 mm/shell.o
 .bss           0x00000000000148cc        0x0 fs/main.o
 .bss           0x00000000000148cc        0x0 fs/open.o
 .bss           0x00000000000148cc        0x0 fs/misc.o
 .bss           0x00000000000148cc        0x0 fs/read_write.o
 .bss           0x00000000000148cc        0x0 fs/link.o
 *fill*         0x00000000000148cc       0x14 
 .bss           0x00000000000148e0      0x208 fs/disklog.o
 .bss           0x0000000000014ae8        0x0 lib/orangescrt.a(printf.o)
 .bss           0x0000000000014ae8        0x0 lib/orangescrt.a(vsprintf.o)
 .bss           0x0000000000014ae8        0x4 lib/orangescrt.a(misc.o)
 .bss           0x0000000000014aec        0x0 lib/orangescrt.a(open.o)
 .bss           0x0000000000014aec        0x0 lib/orangescrt.a(read.o)
 .bss           0x0000000000014aec        0x0 lib/orangescrt.a(write.o)
 .bss           0x0000000000014aec        0x0 lib/orangescrt.a(close.o)
 .bss           0x0000000000014aec        0x0 lib/orangescrt.a(getpid.o)
 .bss           0x0000000000014aec        0x0 lib/orangescrt.a(stat.o)
 .bss           0x0000000000014aec        0x0 lib/orangescrt.a(fork.o)
 .bss           0x0000000000014aec        0x0 lib/orangescrt.a(wait.o)
 .bss           0x0000000000014aec        0x0 lib/orangescrt.a(exec.o)
 .bss           0x0000000000014aec        0x0 lib/orangescrt.a(shell.o)
 *(COMMON)
 *fill*         0x0000000000014aec       0x14 
 COMMON         0x0000000000014b00    0x4e838 kernel/global.o
                0x0000000000014b00                idt_ptr
                0x0000000000014b20                inode_table
                0x0000000000015620                task_stack
                0x000000000005d620                k_reenter
                0x000000000005d640                gdt
                0x000000000005da40                current_console
                0x000000000005da44                pcaller
                0x000000000005da60                tty_table
                0x000000000005e6e0                tss
                0x000000000005e760                fs_msg
                0x000000000005e790                memory_size
                0x000000000005e7a0                f_desc_table
                0x000000000005eca0                root_inode
                0x000000000005eca4                disp_pos
                0x000000000005ecc0                mm_msg
                0x000000000005ed00                Working_Directory
                0x000000000005ed80                key_pressed
                0x000000000005ed84                gdt_ptr
                0x000000000005eda0                idt
                0x000000000005f5a0                super_block
                0x000000000005f780                ticks
                0x000000000005f7a0                console_table
                0x000000000005f7e0                irq_table
                0x000000000005f820                p_proc_ready
                0x000000000005f840                proc_table
 COMMON         0x0000000000063338       0x10 kernel/hd.o
                0x0000000000063338                PARTITION_ENTRY
                0x0000000000063348                . = ALIGN ((. != 0x0)?0x4:0x1)
                0x0000000000063348                . = ALIGN (0x4)
                0x0000000000063348                . = SEGMENT_START ("ldata-segment", .)
                0x0000000000063348                . = ALIGN (0x4)
                0x0000000000063348                _end = .
                [!provide]                        PROVIDE (end, .)
                0x0000000000063348                . = DATA_SEGMENT_END (.)

.stab
 *(.stab)

.stabstr
 *(.stabstr)

.stab.excl
 *(.stab.excl)

.stab.exclstr
 *(.stab.exclstr)

.stab.index
 *(.stab.index)

.stab.indexstr
 *(.stab.indexstr)

.comment        0x0000000000000000       0x35
 *(.comment)
 .comment       0x0000000000000000       0x35 kernel/start.o
                                         0x36 (size before relaxing)
 .comment       0x0000000000000035       0x36 kernel/main.o
 .comment       0x0000000000000035       0x36 kernel/clock.o
 .comment       0x0000000000000035       0x36 kernel/keyboard.o
 .comment       0x0000000000000035       0x36 kernel/tty.o
 .comment       0x0000000000000035       0x36 kernel/console.o
 .comment       0x0000000000000035       0x36 kernel/i8259.o
 .comment       0x0000000000000035       0x36 kernel/global.o
 .comment       0x0000000000000035       0x36 kernel/protect.o
 .comment       0x0000000000000035       0x36 kernel/proc.o
 .comment       0x0000000000000035       0x36 kernel/systask.o
 .comment       0x0000000000000035       0x36 kernel/hd.o
 .comment       0x0000000000000035       0x36 kernel/klib.o
 .comment       0x0000000000000035       0x36 lib/syslog.o
 .comment       0x0000000000000035       0x36 mm/main.o
 .comment       0x0000000000000035       0x36 mm/forkexit.o
 .comment       0x0000000000000035       0x36 mm/exec.o
 .comment       0x0000000000000035       0x36 mm/shell.o
 .comment       0x0000000000000035       0x36 fs/main.o
 .comment       0x0000000000000035       0x36 fs/open.o
 .comment       0x0000000000000035       0x36 fs/misc.o
 .comment       0x0000000000000035       0x36 fs/read_write.o
 .comment       0x0000000000000035       0x36 fs/link.o
 .comment       0x0000000000000035       0x36 fs/disklog.o
 .comment       0x0000000000000035       0x36 lib/orangescrt.a(printf.o)
 .comment       0x0000000000000035       0x36 lib/orangescrt.a(vsprintf.o)
 .comment       0x0000000000000035       0x36 lib/orangescrt.a(misc.o)
 .comment       0x0000000000000035       0x36 lib/orangescrt.a(open.o)
 .comment       0x0000000000000035       0x36 lib/orangescrt.a(read.o)
 .comment       0x0000000000000035       0x36 lib/orangescrt.a(write.o)
 .comment       0x0000000000000035       0x36 lib/orangescrt.a(close.o)
 .comment       0x0000000000000035       0x36 lib/orangescrt.a(getpid.o)
 .comment       0x0000000000000035       0x36 lib/orangescrt.a(stat.o)
 .comment       0x0000000000000035       0x36 lib/orangescrt.a(fork.o)
 .comment       0x0000000000000035       0x36 lib/orangescrt.a(wait.o)
 .comment       0x0000000000000035       0x36 lib/orangescrt.a(exec.o)
 .comment       0x0000000000000035       0x36 lib/orangescrt.a(shell.o)

.debug
 *(.debug)

.line
 *(.line)

.debug_srcinfo
 *(.debug_srcinfo)

.debug_sfnames
 *(.debug_sfnames)

.debug_aranges
 *(.debug_aranges)

.debug_pubnames
 *(.debug_pubnames)

.debug_info
 *(.debug_info .gnu.linkonce.wi.*)

.debug_abbrev
 *(.debug_abbrev)

.debug_line
 *(.debug_line .debug_line.* .debug_line_end)

.debug_frame
 *(.debug_frame)

.debug_str
 *(.debug_str)

.debug_loc
 *(.debug_loc)

.debug_macinfo
 *(.debug_macinfo)

.debug_weaknames
 *(.debug_weaknames)

.debug_funcnames
 *(.debug_funcnames)

.debug_typenames
 *(.debug_typenames)

.debug_varnames
 *(.debug_varnames)

.debug_pubtypes
 *(.debug_pubtypes)

.debug_ranges
 *(.debug_ranges)

.debug_macro
 *(.debug_macro)

.gnu.attributes
 *(.gnu.attributes)

/DISCARD/
 *(.note.GNU-stack)
 *(.gnu_debuglink)
 *(.gnu.lto_*)
OUTPUT(kernel.bin elf32-i386)
