Archive member included to satisfy reference by file (symbol)

lib/orangescrt.a(printf.o)    kernel/main.o (printf)
lib/orangescrt.a(vsprintf.o)  kernel/main.o (vsprintf)
lib/orangescrt.a(string.o)    kernel/start.o (memcpy)
lib/orangescrt.a(misc.o)      kernel/main.o (send_recv)
lib/orangescrt.a(open.o)      kernel/main.o (open)
lib/orangescrt.a(read.o)      kernel/main.o (read)
lib/orangescrt.a(write.o)     kernel/main.o (write)
lib/orangescrt.a(close.o)     kernel/main.o (close)
lib/orangescrt.a(getpid.o)    kernel/main.o (getpid)
lib/orangescrt.a(stat.o)      mm/exec.o (stat)
lib/orangescrt.a(fork.o)      kernel/main.o (fork)
lib/orangescrt.a(wait.o)      kernel/main.o (wait)
lib/orangescrt.a(exec.o)      kernel/main.o (execv)
lib/orangescrt.a(shell.o)     kernel/main.o (Init_Shell)
lib/orangescrt.a(syscall.o)   lib/orangescrt.a(misc.o) (sendrec)

Allocating common symbols
Common symbol       size              file

idt_ptr             0x6               kernel/global.o
inode_table         0xb00             kernel/global.o
task_stack          0x48000           kernel/global.o
k_reenter           0x4               kernel/global.o
gdt                 0x400             kernel/global.o
current_console     0x4               kernel/global.o
pcaller             0x4               kernel/global.o
tty_table           0xc6c             kernel/global.o
tss                 0x68              kernel/global.o
fs_msg              0x30              kernel/global.o
tmp_path            0xe5              lib/orangescrt.a(shell.o)
memory_size         0x4               kernel/global.o
f_desc_table        0x500             kernel/global.o
root_inode          0x4               kernel/global.o
disp_pos            0x4               kernel/global.o
mm_msg              0x30              kernel/global.o
Working_Directory   0x80              kernel/global.o
key_pressed         0x4               kernel/global.o
gdt_ptr             0x6               kernel/global.o
idt                 0x800             kernel/global.o
super_block         0x1e0             kernel/global.o
PARTITION_ENTRY     0x10              kernel/hd.o
ticks               0x4               kernel/global.o
console_table       0x3c              kernel/global.o
irq_table           0x40              kernel/global.o
p_proc_ready        0x4               kernel/global.o
proc_table          0x3af8            kernel/global.o

Discarded input sections

 .note.GNU-stack
                0x0000000000000000        0x0 kernel/start.o
 .note.GNU-stack
                0x0000000000000000        0x0 kernel/main.o
 .note.GNU-stack
                0x0000000000000000        0x0 kernel/clock.o
 .note.GNU-stack
                0x0000000000000000        0x0 kernel/keyboard.o
 .note.GNU-stack
                0x0000000000000000        0x0 kernel/tty.o
 .note.GNU-stack
                0x0000000000000000        0x0 kernel/console.o
 .note.GNU-stack
                0x0000000000000000        0x0 kernel/i8259.o
 .note.GNU-stack
                0x0000000000000000        0x0 kernel/global.o
 .note.GNU-stack
                0x0000000000000000        0x0 kernel/protect.o
 .note.GNU-stack
                0x0000000000000000        0x0 kernel/proc.o
 .note.GNU-stack
                0x0000000000000000        0x0 kernel/systask.o
 .note.GNU-stack
                0x0000000000000000        0x0 kernel/hd.o
 .note.GNU-stack
                0x0000000000000000        0x0 kernel/klib.o
 .note.GNU-stack
                0x0000000000000000        0x0 lib/syslog.o
 .note.GNU-stack
                0x0000000000000000        0x0 mm/main.o
 .note.GNU-stack
                0x0000000000000000        0x0 mm/forkexit.o
 .note.GNU-stack
                0x0000000000000000        0x0 mm/exec.o
 .note.GNU-stack
                0x0000000000000000        0x0 fs/main.o
 .note.GNU-stack
                0x0000000000000000        0x0 fs/open.o
 .note.GNU-stack
                0x0000000000000000        0x0 fs/misc.o
 .note.GNU-stack
                0x0000000000000000        0x0 fs/read_write.o
 .note.GNU-stack
                0x0000000000000000        0x0 fs/link.o
 .note.GNU-stack
                0x0000000000000000        0x0 fs/disklog.o
 .note.GNU-stack
                0x0000000000000000        0x0 lib/orangescrt.a(printf.o)
 .note.GNU-stack
                0x0000000000000000        0x0 lib/orangescrt.a(vsprintf.o)
 .note.GNU-stack
                0x0000000000000000        0x0 lib/orangescrt.a(misc.o)
 .note.GNU-stack
                0x0000000000000000        0x0 lib/orangescrt.a(open.o)
 .note.GNU-stack
                0x0000000000000000        0x0 lib/orangescrt.a(read.o)
 .note.GNU-stack
                0x0000000000000000        0x0 lib/orangescrt.a(write.o)
 .note.GNU-stack
                0x0000000000000000        0x0 lib/orangescrt.a(close.o)
 .note.GNU-stack
                0x0000000000000000        0x0 lib/orangescrt.a(getpid.o)
 .note.GNU-stack
                0x0000000000000000        0x0 lib/orangescrt.a(stat.o)
 .note.GNU-stack
                0x0000000000000000        0x0 lib/orangescrt.a(fork.o)
 .note.GNU-stack
                0x0000000000000000        0x0 lib/orangescrt.a(wait.o)
 .note.GNU-stack
                0x0000000000000000        0x0 lib/orangescrt.a(exec.o)
 .note.GNU-stack
                0x0000000000000000        0x0 lib/orangescrt.a(shell.o)

Memory Configuration

Name             Origin             Length             Attributes
*default*        0x0000000000000000 0xffffffffffffffff

Linker script and memory map

Address of section .text set to 0x1000
LOAD kernel/kernel.o
LOAD kernel/start.o
LOAD kernel/main.o
LOAD kernel/clock.o
LOAD kernel/keyboard.o
LOAD kernel/tty.o
LOAD kernel/console.o
LOAD kernel/i8259.o
LOAD kernel/global.o
LOAD kernel/protect.o
LOAD kernel/proc.o
LOAD kernel/systask.o
LOAD kernel/hd.o
LOAD kernel/kliba.o
LOAD kernel/klib.o
LOAD lib/syslog.o
LOAD mm/main.o
LOAD mm/forkexit.o
LOAD mm/exec.o
LOAD fs/main.o
LOAD fs/open.o
LOAD fs/misc.o
LOAD fs/read_write.o
LOAD fs/link.o
LOAD fs/disklog.o
LOAD lib/orangescrt.a
                [!provide]                        PROVIDE (__executable_start, 0x8048000)
                0x0000000008048094                . = (0x8048000 + SIZEOF_HEADERS)

.interp
 *(.interp)

.note.gnu.build-id
 *(.note.gnu.build-id)

.hash
 *(.hash)

.gnu.hash
 *(.gnu.hash)

.dynsym
 *(.dynsym)

.dynstr
 *(.dynstr)

.gnu.version
 *(.gnu.version)

.gnu.version_d
 *(.gnu.version_d)

.gnu.version_r
 *(.gnu.version_r)

.rel.dyn        0x0000000008048094        0x0
 *(.rel.init)
 *(.rel.text .rel.text.* .rel.gnu.linkonce.t.*)
 .rel.text      0x0000000008048094        0x0 kernel/kernel.o
 *(.rel.fini)
 *(.rel.rodata .rel.rodata.* .rel.gnu.linkonce.r.*)
 *(.rel.data.rel.ro .rel.data.rel.ro.* .rel.gnu.linkonce.d.rel.ro.*)
 *(.rel.data .rel.data.* .rel.gnu.linkonce.d.*)
 .rel.data      0x0000000008048094        0x0 kernel/kernel.o
 *(.rel.tdata .rel.tdata.* .rel.gnu.linkonce.td.*)
 *(.rel.tbss .rel.tbss.* .rel.gnu.linkonce.tb.*)
 *(.rel.ctors)
 *(.rel.dtors)
 *(.rel.got)
 *(.rel.bss .rel.bss.* .rel.gnu.linkonce.b.*)
 *(.rel.ifunc)

.rel.plt        0x0000000008048094        0x0
 *(.rel.plt)
                [!provide]                        PROVIDE (__rel_iplt_start, .)
 *(.rel.iplt)
 .rel.iplt      0x0000000008048094        0x0 kernel/kernel.o
                [!provide]                        PROVIDE (__rel_iplt_end, .)

.init
 *(SORT(.init))

.plt            0x00000000080480a0        0x0
 *(.plt)
 *(.iplt)
 .iplt          0x00000000080480a0        0x0 kernel/kernel.o

.plt.got
 *(.plt.got)

.text           0x0000000000001000     0xce78
 *(.text.unlikely .text.*_unlikely .text.unlikely.*)
 *(.text.exit .text.exit.*)
 *(.text.startup .text.startup.*)
 *(.text.hot .text.hot.*)
 *(.text .stub .text.* .gnu.linkonce.t.*)
 .text          0x0000000000001000      0x410 kernel/kernel.o
                0x0000000000001000                _start
                0x0000000000001040                hwint00
                0x0000000000001070                hwint01
                0x00000000000010a0                hwint02
                0x00000000000010d0                hwint03
                0x0000000000001100                hwint04
                0x0000000000001130                hwint05
                0x0000000000001160                hwint06
                0x0000000000001190                hwint07
                0x00000000000011c0                hwint08
                0x00000000000011f0                hwint09
                0x0000000000001220                hwint10
                0x0000000000001250                hwint11
                0x0000000000001280                hwint12
                0x00000000000012b0                hwint13
                0x00000000000012e0                hwint14
                0x0000000000001310                hwint15
                0x0000000000001334                divide_error
                0x000000000000133a                single_step_exception
                0x0000000000001340                nmi
                0x0000000000001346                breakpoint_exception
                0x000000000000134c                overflow
                0x0000000000001352                bounds_check
                0x0000000000001358                inval_opcode
                0x000000000000135e                copr_not_available
                0x0000000000001364                double_fault
                0x0000000000001368                copr_seg_overrun
                0x000000000000136e                inval_tss
                0x0000000000001372                segment_not_present
                0x0000000000001376                stack_exception
                0x000000000000137a                general_protection
                0x000000000000137e                page_fault
                0x0000000000001382                copr_error
                0x00000000000013cb                sys_call
                0x00000000000013eb                restart
 .text          0x0000000000001410       0x95 kernel/start.o
                0x0000000000001410                cstart
 .text          0x00000000000014a5      0x98d kernel/main.o
                0x00000000000014a5                kernel_main
                0x00000000000017c0                get_ticks
                0x00000000000017f4                untar
                0x00000000000019e9                shabby_shell
                0x0000000000001c6d                Init
                0x0000000000001dda                TestA
                0x0000000000001ddf                TestB
                0x0000000000001de4                TestC
                0x0000000000001de9                panic
 .text          0x0000000000001e32      0x10d kernel/clock.o
                0x0000000000001e32                clock_handler
                0x0000000000001ead                milli_delay
                0x0000000000001ee7                init_clock
 .text          0x0000000000001f3f      0x6da kernel/keyboard.o
                0x0000000000001f3f                keyboard_handler
                0x0000000000001fa9                init_keyboard
                0x0000000000002058                keyboard_read
 .text          0x0000000000002619      0xa2c kernel/tty.o
                0x0000000000002619                task_tty
                0x000000000000280a                in_process
                0x0000000000002d45                sys_printx
                0x0000000000002ee4                dump_tty_buf
 .text          0x0000000000003045      0x7d7 kernel/console.o
                0x0000000000003045                init_screen
                0x00000000000031b9                out_char
                0x0000000000003496                is_current_console
                0x0000000000003589                select_console
                0x00000000000035c9                scroll_screen
 .text          0x000000000000381c      0x130 kernel/i8259.o
                0x000000000000381c                init_8259A
                0x00000000000038f1                spurious_irq
                0x0000000000003928                put_irq_handler
 .text          0x000000000000394c        0x0 kernel/global.o
 .text          0x000000000000394c      0x65f kernel/protect.o
                0x000000000000394c                init_prot
                0x0000000000003db4                seg2linear
                0x0000000000003e03                init_desc
                0x0000000000003e70                exception_handler
 .text          0x0000000000003fab     0x15ff kernel/proc.o
                0x0000000000003fab                schedule
                0x0000000000004037                sys_sendrec
                0x0000000000004161                ldt_seg_linear
                0x00000000000041ab                va2la
                0x000000000000420c                reset_msg
                0x0000000000004ff1                inform_int
                0x0000000000005161                dump_proc
                0x000000000000549d                dump_msg
 .text          0x00000000000055aa      0x2bc kernel/systask.o
                0x00000000000055aa                task_sys
 .text          0x0000000000005866      0xe1f kernel/hd.o
                0x0000000000005866                task_hd
                0x000000000000665a                hd_handler
 *fill*         0x0000000000006685        0xb 
 .text          0x0000000000006690      0x19a kernel/kliba.o
                0x0000000000006690                disp_str
                0x00000000000066ce                disp_color_str
                0x000000000000670d                out_byte
                0x0000000000006719                in_byte
                0x0000000000006723                port_read
                0x0000000000006736                port_write
                0x0000000000006749                disable_irq
                0x000000000000677e                enable_irq
                0x000000000000679d                disable_int
                0x000000000000679f                enable_int
                0x00000000000067a1                glitter
 .text          0x000000000000682a      0x2af kernel/klib.o
                0x000000000000682a                get_boot_params
                0x00000000000068b0                get_kernel_map
                0x00000000000069c0                itoa
                0x0000000000006a6b                disp_int
                0x0000000000006a92                delay
 .text          0x0000000000006ad9       0x6f lib/syslog.o
                0x0000000000006ad9                syslog
 .text          0x0000000000006b48      0x1dd mm/main.o
                0x0000000000006b48                task_mm
                0x0000000000006ca0                alloc_mem
                0x0000000000006d1b                free_mem
 .text          0x0000000000006d25      0x5c0 mm/forkexit.o
                0x0000000000006d25                do_fork
                0x0000000000007066                do_exit
                0x000000000000722f                do_wait
 .text          0x00000000000072e5      0x356 mm/exec.o
                0x00000000000072e5                do_exec
 .text          0x000000000000763b     0x123b fs/main.o
                0x000000000000763b                task_fs
                0x000000000000811a                rw_sector
                0x000000000000833d                get_super_block
                0x0000000000008383                get_inode
                0x00000000000084e6                get_inode_directly
                0x0000000000008531                count_surplus_inode_link
                0x0000000000008571                put_inode
                0x00000000000085af                put_inodes_link
                0x000000000000860a                sync_inode
                0x0000000000008709                sync_inode_link
 .text          0x0000000000008876      0xe2c fs/open.o
                0x0000000000008876                do_open
                0x0000000000008cb6                do_mkdir
                0x0000000000008f84                do_close
                0x0000000000008fff                do_lseek
 .text          0x00000000000096a2      0x788 fs/misc.o
                0x00000000000096a2                do_stat
                0x00000000000098d2                low_search_entry
                0x00000000000099c7                search_file
                0x0000000000009a85                do_List_Dir
                0x0000000000009d28                strip_path
 .text          0x0000000000009e2a      0x781 fs/read_write.o
                0x0000000000009e2a                do_rdwt
 .text          0x000000000000a5ab      0x8cc fs/link.o
                0x000000000000a5ab                do_unlink
                0x000000000000ae07                getsize
 .text          0x000000000000ae77     0x1fe3 fs/disklog.o
                0x000000000000ae77                disklog
                0x000000000000b3e4                dump_fd_graph
 .text          0x000000000000ce5a       0xad lib/orangescrt.a(printf.o)
                0x000000000000ce5a                printf
                0x000000000000cec5                printl
 .text          0x000000000000cf07      0x305 lib/orangescrt.a(vsprintf.o)
                0x000000000000cf65                vsprintf
                0x000000000000d1e6                sprintf
 *fill*         0x000000000000d20c        0x4 
 .text          0x000000000000d210       0x78 lib/orangescrt.a(string.o)
                0x000000000000d210                memcpy
                0x000000000000d239                memset
                0x000000000000d25a                strcpy
                0x000000000000d272                strlen
 .text          0x000000000000d288      0x387 lib/orangescrt.a(misc.o)
                0x000000000000d288                send_recv
                0x000000000000d342                memcmp
                0x000000000000d3b8                strcmp
                0x000000000000d42b                strcat
                0x000000000000d48a                spin
                0x000000000000d4a5                strchr
                0x000000000000d4d2                strtok
                0x000000000000d5a0                _strcpy
                0x000000000000d5d6                assertion_failure
 .text          0x000000000000d60f       0xc6 lib/orangescrt.a(open.o)
                0x000000000000d60f                open
                0x000000000000d672                mkdir
 .text          0x000000000000d6d5       0x37 lib/orangescrt.a(read.o)
                0x000000000000d6d5                read
 .text          0x000000000000d70c       0x37 lib/orangescrt.a(write.o)
                0x000000000000d70c                write
 .text          0x000000000000d743       0x2b lib/orangescrt.a(close.o)
                0x000000000000d743                close
 .text          0x000000000000d76e       0x46 lib/orangescrt.a(getpid.o)
                0x000000000000d76e                getpid
 .text          0x000000000000d7b4       0x76 lib/orangescrt.a(stat.o)
                0x000000000000d7b4                stat
 .text          0x000000000000d82a       0x66 lib/orangescrt.a(fork.o)
                0x000000000000d82a                fork
 .text          0x000000000000d890       0x3c lib/orangescrt.a(wait.o)
                0x000000000000d890                wait
 .text          0x000000000000d8cc      0x276 lib/orangescrt.a(exec.o)
                0x000000000000d8cc                exec
                0x000000000000d937                execl
                0x000000000000d95c                execv
 .text          0x000000000000db42      0x30e lib/orangescrt.a(shell.o)
                0x000000000000db42                Init_Shell
                0x000000000000db56                chdir
                0x000000000000db95                getcwd
                0x000000000000dc24                get_full_path
 .text          0x000000000000de50       0x28 lib/orangescrt.a(syscall.o)
                0x000000000000de50                sendrec
                0x000000000000de6a                printx
 *(.gnu.warning)

.fini
 *(SORT(.fini))
                [!provide]                        PROVIDE (__etext, .)
                [!provide]                        PROVIDE (_etext, .)
                [!provide]                        PROVIDE (etext, .)

.rodata         0x000000000000de80     0x27aa
 *(.rodata .rodata.* .gnu.linkonce.r.*)
 .rodata        0x000000000000de80       0x47 kernel/start.o
 *fill*         0x000000000000dec7        0x1 
 .rodata        0x000000000000dec8      0x1e4 kernel/main.o
 .rodata        0x000000000000e0ac       0x64 kernel/keyboard.o
 .rodata        0x000000000000e110      0x168 kernel/tty.o
 .rodata        0x000000000000e278       0x5b kernel/console.o
 .rodata        0x000000000000e2d3       0x11 kernel/i8259.o
 .rodata        0x000000000000e2e4       0x10 kernel/global.o
                0x000000000000e2e4                FSBUF_SIZE
                0x000000000000e2e8                MMBUF_SIZE
                0x000000000000e2ec                LOGBUF_SIZE
                0x000000000000e2f0                LOGDISKBUF_SIZE
 *fill*         0x000000000000e2f4        0xc 
 .rodata        0x000000000000e300      0x580 kernel/protect.o
 .rodata        0x000000000000e880      0x5da kernel/proc.o
 .rodata        0x000000000000ee5a       0x11 kernel/systask.o
 *fill*         0x000000000000ee6b        0x1 
 .rodata        0x000000000000ee6c      0x1df kernel/hd.o
 *fill*         0x000000000000f04b        0x1 
 .rodata        0x000000000000f04c       0x6a kernel/klib.o
 .rodata        0x000000000000f0b6       0x1e lib/syslog.o
 .rodata        0x000000000000f0d4       0xd9 mm/main.o
 *fill*         0x000000000000f1ad        0x3 
 .rodata        0x000000000000f1b0       0xe7 mm/forkexit.o
 *fill*         0x000000000000f297        0x1 
 .rodata        0x000000000000f298       0xa4 mm/exec.o
 .rodata        0x000000000000f33c      0x2d6 fs/main.o
 *fill*         0x000000000000f612        0x2 
 .rodata        0x000000000000f614      0x22f fs/open.o
 *fill*         0x000000000000f843        0x1 
 .rodata        0x000000000000f844       0xb1 fs/misc.o
 *fill*         0x000000000000f8f5        0x3 
 .rodata        0x000000000000f8f8      0x164 fs/read_write.o
 .rodata        0x000000000000fa5c      0x1ad fs/link.o
 *fill*         0x000000000000fc09        0x3 
 .rodata        0x000000000000fc0c      0x806 fs/disklog.o
 .rodata        0x0000000000010412       0x14 lib/orangescrt.a(printf.o)
 *fill*         0x0000000000010426        0x2 
 .rodata        0x0000000000010428       0xad lib/orangescrt.a(misc.o)
 .rodata        0x00000000000104d5       0x23 lib/orangescrt.a(open.o)
 .rodata        0x00000000000104f8       0x25 lib/orangescrt.a(getpid.o)
 .rodata        0x000000000001051d       0x2c lib/orangescrt.a(stat.o)
 .rodata        0x0000000000010549       0x33 lib/orangescrt.a(fork.o)
 .rodata        0x000000000001057c       0xa7 lib/orangescrt.a(exec.o)
 .rodata        0x0000000000010623        0x7 lib/orangescrt.a(shell.o)

.rodata1
 *(.rodata1)

.eh_frame_hdr
 *(.eh_frame_hdr)
 *(.eh_frame_entry .eh_frame_entry.*)

.eh_frame       0x000000000001062c     0x14dc
 *(.eh_frame)
 .eh_frame      0x000000000001062c       0x38 kernel/start.o
 .eh_frame      0x0000000000010664      0x108 kernel/main.o
                                        0x120 (size before relaxing)
 .eh_frame      0x000000000001076c       0x60 kernel/clock.o
                                         0x78 (size before relaxing)
 .eh_frame      0x00000000000107cc       0xe0 kernel/keyboard.o
                                         0xf8 (size before relaxing)
 .eh_frame      0x00000000000108ac      0x13c kernel/tty.o
                                        0x154 (size before relaxing)
 .eh_frame      0x00000000000109e8      0x144 kernel/console.o
                                        0x15c (size before relaxing)
 .eh_frame      0x0000000000010b2c       0x60 kernel/i8259.o
                                         0x78 (size before relaxing)
 .eh_frame      0x0000000000010b8c       0xb0 kernel/protect.o
                                         0xc8 (size before relaxing)
 .eh_frame      0x0000000000010c3c      0x1b8 kernel/proc.o
                                        0x1d0 (size before relaxing)
 .eh_frame      0x0000000000010df4       0x5c kernel/systask.o
                                         0x74 (size before relaxing)
 .eh_frame      0x0000000000010e50      0x1f0 kernel/hd.o
                                        0x208 (size before relaxing)
 .eh_frame      0x0000000000011040       0xa0 kernel/klib.o
                                         0xb8 (size before relaxing)
 .eh_frame      0x00000000000110e0       0x20 lib/syslog.o
                                         0x38 (size before relaxing)
 .eh_frame      0x0000000000011100       0x7c mm/main.o
                                         0x94 (size before relaxing)
 .eh_frame      0x000000000001117c       0x90 mm/forkexit.o
                                         0xa8 (size before relaxing)
 .eh_frame      0x000000000001120c       0x2c mm/exec.o
                                         0x44 (size before relaxing)
 .eh_frame      0x0000000000011238      0x1f0 fs/main.o
                                        0x208 (size before relaxing)
 .eh_frame      0x0000000000011428      0x188 fs/open.o
                                        0x1a0 (size before relaxing)
 .eh_frame      0x00000000000115b0       0xb4 fs/misc.o
                                         0xcc (size before relaxing)
 .eh_frame      0x0000000000011664       0x30 fs/read_write.o
                                         0x48 (size before relaxing)
 .eh_frame      0x0000000000011694       0x4c fs/link.o
                                         0x64 (size before relaxing)
 .eh_frame      0x00000000000116e0       0x60 fs/disklog.o
                                         0x78 (size before relaxing)
 .eh_frame      0x0000000000011740       0x40 lib/orangescrt.a(printf.o)
                                         0x58 (size before relaxing)
 .eh_frame      0x0000000000011780       0x60 lib/orangescrt.a(vsprintf.o)
                                         0x78 (size before relaxing)
 .eh_frame      0x00000000000117e0      0x11c lib/orangescrt.a(misc.o)
                                        0x134 (size before relaxing)
 .eh_frame      0x00000000000118fc       0x40 lib/orangescrt.a(open.o)
                                         0x58 (size before relaxing)
 .eh_frame      0x000000000001193c       0x20 lib/orangescrt.a(read.o)
                                         0x38 (size before relaxing)
 .eh_frame      0x000000000001195c       0x20 lib/orangescrt.a(write.o)
                                         0x38 (size before relaxing)
 .eh_frame      0x000000000001197c       0x20 lib/orangescrt.a(close.o)
                                         0x38 (size before relaxing)
 .eh_frame      0x000000000001199c       0x20 lib/orangescrt.a(getpid.o)
                                         0x38 (size before relaxing)
 .eh_frame      0x00000000000119bc       0x20 lib/orangescrt.a(stat.o)
                                         0x38 (size before relaxing)
 .eh_frame      0x00000000000119dc       0x20 lib/orangescrt.a(fork.o)
                                         0x38 (size before relaxing)
 .eh_frame      0x00000000000119fc       0x20 lib/orangescrt.a(wait.o)
                                         0x38 (size before relaxing)
 .eh_frame      0x0000000000011a1c       0x60 lib/orangescrt.a(exec.o)
                                         0x78 (size before relaxing)
 .eh_frame      0x0000000000011a7c       0x8c lib/orangescrt.a(shell.o)
                                         0xa4 (size before relaxing)
 *(.eh_frame.*)

.gcc_except_table
 *(.gcc_except_table .gcc_except_table.*)

.gnu_extab
 *(.gnu_extab*)

.exception_ranges
 *(.exception_ranges .exception_ranges*)
                0x0000000000012b08                . = DATA_SEGMENT_ALIGN (0x1000, 0x1000)

.eh_frame
 *(.eh_frame)
 *(.eh_frame.*)

.gnu_extab
 *(.gnu_extab)

.gcc_except_table
 *(.gcc_except_table .gcc_except_table.*)

.exception_ranges
 *(.exception_ranges .exception_ranges*)

.tdata
 *(.tdata .tdata.* .gnu.linkonce.td.*)

.tbss
 *(.tbss .tbss.* .gnu.linkonce.tb.*)
 *(.tcommon)

.preinit_array  0x0000000000012b08        0x0
                [!provide]                        PROVIDE (__preinit_array_start, .)
 *(.preinit_array)
                [!provide]                        PROVIDE (__preinit_array_end, .)

.init_array     0x0000000000012b08        0x0
                [!provide]                        PROVIDE (__init_array_start, .)
 *(SORT(.init_array.*) SORT(.ctors.*))
 *(.init_array EXCLUDE_FILE(*crtend?.o *crtend.o *crtbegin?.o *crtbegin.o) .ctors)
                [!provide]                        PROVIDE (__init_array_end, .)

.fini_array     0x0000000000012b08        0x0
                [!provide]                        PROVIDE (__fini_array_start, .)
 *(SORT(.fini_array.*) SORT(.dtors.*))
 *(.fini_array EXCLUDE_FILE(*crtend?.o *crtend.o *crtbegin?.o *crtbegin.o) .dtors)
                [!provide]                        PROVIDE (__fini_array_end, .)

.ctors
 *crtbegin.o(.ctors)
 *crtbegin?.o(.ctors)
 *(EXCLUDE_FILE(*crtend?.o *crtend.o) .ctors)
 *(SORT(.ctors.*))
 *(.ctors)

.dtors
 *crtbegin.o(.dtors)
 *crtbegin?.o(.dtors)
 *(EXCLUDE_FILE(*crtend?.o *crtend.o) .dtors)
 *(SORT(.dtors.*))
 *(.dtors)

.jcr
 *(.jcr)

.data.rel.ro
 *(.data.rel.ro.local* .gnu.linkonce.d.rel.ro.local.*)
 *(.data.rel.ro .data.rel.ro.* .gnu.linkonce.d.rel.ro.*)

.dynamic
 *(.dynamic)

.got
 *(.got)
 *(.igot)
                0x0000000000012b08                . = DATA_SEGMENT_RELRO_END (., (SIZEOF (.got.plt) >= 0xc)?0xc:0x0)

.got.plt        0x0000000000012b08        0x0
 *(.got.plt)
 *(.igot.plt)
 .igot.plt      0x0000000000012b08        0x0 kernel/kernel.o

.data           0x0000000000012b20      0x818
 *(.data .data.* .gnu.linkonce.d.*)
 .data          0x0000000000012b20        0x2 kernel/kernel.o
 .data          0x0000000000012b22        0x0 kernel/start.o
 .data          0x0000000000012b22        0x0 kernel/main.o
 .data          0x0000000000012b22        0x0 kernel/clock.o
 *fill*         0x0000000000012b22       0x1e 
 .data          0x0000000000012b40      0x600 kernel/keyboard.o
                0x0000000000012b40                keymap
 .data          0x0000000000013140       0x22 kernel/tty.o
 .data          0x0000000000013162        0x0 kernel/console.o
 .data          0x0000000000013162        0x0 kernel/i8259.o
 *fill*         0x0000000000013162       0x1e 
 .data          0x0000000000013180      0x1b4 kernel/global.o
                0x0000000000013180                task_table
                0x0000000000013260                user_proc_table
                0x0000000000013300                sys_call_table
                0x000000000001330c                dd_map
                0x0000000000013324                fsbuf
                0x0000000000013328                mmbuf
                0x000000000001332c                logbuf
                0x0000000000013330                logdiskbuf
 .data          0x0000000000013334        0x0 kernel/protect.o
 .data          0x0000000000013334        0x0 kernel/proc.o
 .data          0x0000000000013334        0x0 kernel/systask.o
 .data          0x0000000000013334        0x0 kernel/hd.o
 .data          0x0000000000013334        0x0 kernel/klib.o
 .data          0x0000000000013334        0x0 lib/syslog.o
 .data          0x0000000000013334        0x0 mm/main.o
 .data          0x0000000000013334        0x0 mm/forkexit.o
 .data          0x0000000000013334        0x0 mm/exec.o
 .data          0x0000000000013334        0x0 fs/main.o
 .data          0x0000000000013334        0x0 fs/open.o
 .data          0x0000000000013334        0x4 fs/misc.o
                0x0000000000013334                last_query_dev
 .data          0x0000000000013338        0x0 fs/read_write.o
 .data          0x0000000000013338        0x0 fs/link.o
 .data          0x0000000000013338        0x0 fs/disklog.o
 .data          0x0000000000013338        0x0 lib/orangescrt.a(printf.o)
 .data          0x0000000000013338        0x0 lib/orangescrt.a(vsprintf.o)
 .data          0x0000000000013338        0x0 lib/orangescrt.a(misc.o)
 .data          0x0000000000013338        0x0 lib/orangescrt.a(open.o)
 .data          0x0000000000013338        0x0 lib/orangescrt.a(read.o)
 .data          0x0000000000013338        0x0 lib/orangescrt.a(write.o)
 .data          0x0000000000013338        0x0 lib/orangescrt.a(close.o)
 .data          0x0000000000013338        0x0 lib/orangescrt.a(getpid.o)
 .data          0x0000000000013338        0x0 lib/orangescrt.a(stat.o)
 .data          0x0000000000013338        0x0 lib/orangescrt.a(fork.o)
 .data          0x0000000000013338        0x0 lib/orangescrt.a(wait.o)
 .data          0x0000000000013338        0x0 lib/orangescrt.a(exec.o)
 .data          0x0000000000013338        0x0 lib/orangescrt.a(shell.o)

.data1
 *(.data1)
                0x0000000000013338                _edata = .
                [!provide]                        PROVIDE (edata, .)
                0x0000000000013338                . = .
                0x0000000000013338                __bss_start = .

.bss            0x0000000000013340    0x4fa28
 *(.dynbss)
 *(.bss .bss.* .gnu.linkonce.b.*)
 .bss           0x0000000000013340      0x800 kernel/kernel.o
 .bss           0x0000000000013b40        0x0 kernel/start.o
 .bss           0x0000000000013b40        0x0 kernel/main.o
 .bss           0x0000000000013b40        0x0 kernel/clock.o
 .bss           0x0000000000013b40       0x58 kernel/keyboard.o
 .bss           0x0000000000013b98        0x0 kernel/tty.o
 .bss           0x0000000000013b98        0x0 kernel/console.o
 .bss           0x0000000000013b98        0x0 kernel/i8259.o
 .bss           0x0000000000013b98        0x0 kernel/global.o
 .bss           0x0000000000013b98        0x0 kernel/protect.o
 .bss           0x0000000000013b98        0x0 kernel/proc.o
 .bss           0x0000000000013b98        0x0 kernel/systask.o
 *fill*         0x0000000000013b98        0x8 
 .bss           0x0000000000013ba0      0x64c kernel/hd.o
 .bss           0x00000000000141ec        0x0 kernel/klib.o
 .bss           0x00000000000141ec        0x0 lib/syslog.o
 .bss           0x00000000000141ec        0x0 mm/main.o
 .bss           0x00000000000141ec        0x0 mm/forkexit.o
 .bss           0x00000000000141ec        0x0 mm/exec.o
 .bss           0x00000000000141ec        0x0 fs/main.o
 .bss           0x00000000000141ec        0x0 fs/open.o
 .bss           0x00000000000141ec        0x0 fs/misc.o
 .bss           0x00000000000141ec        0x0 fs/read_write.o
 .bss           0x00000000000141ec        0x0 fs/link.o
 *fill*         0x00000000000141ec       0x14 
 .bss           0x0000000000014200      0x208 fs/disklog.o
 .bss           0x0000000000014408        0x0 lib/orangescrt.a(printf.o)
 .bss           0x0000000000014408        0x0 lib/orangescrt.a(vsprintf.o)
 .bss           0x0000000000014408        0x4 lib/orangescrt.a(misc.o)
 .bss           0x000000000001440c        0x0 lib/orangescrt.a(open.o)
 .bss           0x000000000001440c        0x0 lib/orangescrt.a(read.o)
 .bss           0x000000000001440c        0x0 lib/orangescrt.a(write.o)
 .bss           0x000000000001440c        0x0 lib/orangescrt.a(close.o)
 .bss           0x000000000001440c        0x0 lib/orangescrt.a(getpid.o)
 .bss           0x000000000001440c        0x0 lib/orangescrt.a(stat.o)
 .bss           0x000000000001440c        0x0 lib/orangescrt.a(fork.o)
 .bss           0x000000000001440c        0x0 lib/orangescrt.a(wait.o)
 .bss           0x000000000001440c        0x0 lib/orangescrt.a(exec.o)
 .bss           0x000000000001440c        0x0 lib/orangescrt.a(shell.o)
 *(COMMON)
 *fill*         0x000000000001440c       0x14 
 COMMON         0x0000000000014420    0x4e838 kernel/global.o
                0x0000000000014420                idt_ptr
                0x0000000000014440                inode_table
                0x0000000000014f40                task_stack
                0x000000000005cf40                k_reenter
                0x000000000005cf60                gdt
                0x000000000005d360                current_console
                0x000000000005d364                pcaller
                0x000000000005d380                tty_table
                0x000000000005e000                tss
                0x000000000005e080                fs_msg
                0x000000000005e0b0                memory_size
                0x000000000005e0c0                f_desc_table
                0x000000000005e5c0                root_inode
                0x000000000005e5c4                disp_pos
                0x000000000005e5e0                mm_msg
                0x000000000005e620                Working_Directory
                0x000000000005e6a0                key_pressed
                0x000000000005e6a4                gdt_ptr
                0x000000000005e6c0                idt
                0x000000000005eec0                super_block
                0x000000000005f0a0                ticks
                0x000000000005f0c0                console_table
                0x000000000005f100                irq_table
                0x000000000005f140                p_proc_ready
                0x000000000005f160                proc_table
 COMMON         0x0000000000062c58       0x10 kernel/hd.o
                0x0000000000062c58                PARTITION_ENTRY
 *fill*         0x0000000000062c68       0x18 
 COMMON         0x0000000000062c80       0xe5 lib/orangescrt.a(shell.o)
                0x0000000000062c80                tmp_path
                0x0000000000062d68                . = ALIGN ((. != 0x0)?0x4:0x1)
 *fill*         0x0000000000062d65        0x3 
                0x0000000000062d68                . = ALIGN (0x4)
                0x0000000000062d68                . = SEGMENT_START ("ldata-segment", .)
                0x0000000000062d68                . = ALIGN (0x4)
                0x0000000000062d68                _end = .
                [!provide]                        PROVIDE (end, .)
                0x0000000000062d68                . = DATA_SEGMENT_END (.)

.stab
 *(.stab)

.stabstr
 *(.stabstr)

.stab.excl
 *(.stab.excl)

.stab.exclstr
 *(.stab.exclstr)

.stab.index
 *(.stab.index)

.stab.indexstr
 *(.stab.indexstr)

.comment        0x0000000000000000       0x35
 *(.comment)
 .comment       0x0000000000000000       0x35 kernel/start.o
                                         0x36 (size before relaxing)
 .comment       0x0000000000000035       0x36 kernel/main.o
 .comment       0x0000000000000035       0x36 kernel/clock.o
 .comment       0x0000000000000035       0x36 kernel/keyboard.o
 .comment       0x0000000000000035       0x36 kernel/tty.o
 .comment       0x0000000000000035       0x36 kernel/console.o
 .comment       0x0000000000000035       0x36 kernel/i8259.o
 .comment       0x0000000000000035       0x36 kernel/global.o
 .comment       0x0000000000000035       0x36 kernel/protect.o
 .comment       0x0000000000000035       0x36 kernel/proc.o
 .comment       0x0000000000000035       0x36 kernel/systask.o
 .comment       0x0000000000000035       0x36 kernel/hd.o
 .comment       0x0000000000000035       0x36 kernel/klib.o
 .comment       0x0000000000000035       0x36 lib/syslog.o
 .comment       0x0000000000000035       0x36 mm/main.o
 .comment       0x0000000000000035       0x36 mm/forkexit.o
 .comment       0x0000000000000035       0x36 mm/exec.o
 .comment       0x0000000000000035       0x36 fs/main.o
 .comment       0x0000000000000035       0x36 fs/open.o
 .comment       0x0000000000000035       0x36 fs/misc.o
 .comment       0x0000000000000035       0x36 fs/read_write.o
 .comment       0x0000000000000035       0x36 fs/link.o
 .comment       0x0000000000000035       0x36 fs/disklog.o
 .comment       0x0000000000000035       0x36 lib/orangescrt.a(printf.o)
 .comment       0x0000000000000035       0x36 lib/orangescrt.a(vsprintf.o)
 .comment       0x0000000000000035       0x36 lib/orangescrt.a(misc.o)
 .comment       0x0000000000000035       0x36 lib/orangescrt.a(open.o)
 .comment       0x0000000000000035       0x36 lib/orangescrt.a(read.o)
 .comment       0x0000000000000035       0x36 lib/orangescrt.a(write.o)
 .comment       0x0000000000000035       0x36 lib/orangescrt.a(close.o)
 .comment       0x0000000000000035       0x36 lib/orangescrt.a(getpid.o)
 .comment       0x0000000000000035       0x36 lib/orangescrt.a(stat.o)
 .comment       0x0000000000000035       0x36 lib/orangescrt.a(fork.o)
 .comment       0x0000000000000035       0x36 lib/orangescrt.a(wait.o)
 .comment       0x0000000000000035       0x36 lib/orangescrt.a(exec.o)
 .comment       0x0000000000000035       0x36 lib/orangescrt.a(shell.o)

.debug
 *(.debug)

.line
 *(.line)

.debug_srcinfo
 *(.debug_srcinfo)

.debug_sfnames
 *(.debug_sfnames)

.debug_aranges
 *(.debug_aranges)

.debug_pubnames
 *(.debug_pubnames)

.debug_info
 *(.debug_info .gnu.linkonce.wi.*)

.debug_abbrev
 *(.debug_abbrev)

.debug_line
 *(.debug_line .debug_line.* .debug_line_end)

.debug_frame
 *(.debug_frame)

.debug_str
 *(.debug_str)

.debug_loc
 *(.debug_loc)

.debug_macinfo
 *(.debug_macinfo)

.debug_weaknames
 *(.debug_weaknames)

.debug_funcnames
 *(.debug_funcnames)

.debug_typenames
 *(.debug_typenames)

.debug_varnames
 *(.debug_varnames)

.debug_pubtypes
 *(.debug_pubtypes)

.debug_ranges
 *(.debug_ranges)

.debug_macro
 *(.debug_macro)

.gnu.attributes
 *(.gnu.attributes)

/DISCARD/
 *(.note.GNU-stack)
 *(.gnu_debuglink)
 *(.gnu.lto_*)
OUTPUT(kernel.bin elf32-i386)
