Archive member included to satisfy reference by file (symbol)

lib/orangescrt.a(printf.o)    kernel/main.o (printf)
lib/orangescrt.a(vsprintf.o)  kernel/main.o (vsprintf)
lib/orangescrt.a(string.o)    kernel/start.o (memcpy)
lib/orangescrt.a(misc.o)      kernel/main.o (send_recv)
lib/orangescrt.a(open.o)      kernel/main.o (open)
lib/orangescrt.a(read.o)      kernel/main.o (read)
lib/orangescrt.a(write.o)     kernel/main.o (write)
lib/orangescrt.a(close.o)     kernel/main.o (close)
lib/orangescrt.a(getpid.o)    kernel/main.o (getpid)
lib/orangescrt.a(stat.o)      mm/exec.o (stat)
lib/orangescrt.a(fork.o)      kernel/main.o (fork)
lib/orangescrt.a(wait.o)      kernel/main.o (wait)
lib/orangescrt.a(exec.o)      kernel/main.o (execv)
lib/orangescrt.a(shell.o)     kernel/main.o (Init_Shell)
lib/orangescrt.a(syscall.o)   lib/orangescrt.a(misc.o) (sendrec)

Allocating common symbols
Common symbol       size              file

idt_ptr             0x6               kernel/global.o
inode_table         0xb00             kernel/global.o
task_stack          0x48000           kernel/global.o
k_reenter           0x4               kernel/global.o
gdt                 0x400             kernel/global.o
current_console     0x4               kernel/global.o
pcaller             0x4               kernel/global.o
tty_table           0xc6c             kernel/global.o
tss                 0x68              kernel/global.o
fs_msg              0x30              kernel/global.o
tmp_path            0xe5              lib/orangescrt.a(shell.o)
memory_size         0x4               kernel/global.o
f_desc_table        0x500             kernel/global.o
root_inode          0x4               kernel/global.o
disp_pos            0x4               kernel/global.o
mm_msg              0x30              kernel/global.o
Working_Directory   0x80              kernel/global.o
key_pressed         0x4               kernel/global.o
gdt_ptr             0x6               kernel/global.o
idt                 0x800             kernel/global.o
super_block         0x1e0             kernel/global.o
PARTITION_ENTRY     0x10              kernel/hd.o
ticks               0x4               kernel/global.o
console_table       0x3c              kernel/global.o
irq_table           0x40              kernel/global.o
p_proc_ready        0x4               kernel/global.o
proc_table          0x3af8            kernel/global.o

Discarded input sections

 .note.GNU-stack
                0x0000000000000000        0x0 kernel/start.o
 .note.GNU-stack
                0x0000000000000000        0x0 kernel/main.o
 .note.GNU-stack
                0x0000000000000000        0x0 kernel/clock.o
 .note.GNU-stack
                0x0000000000000000        0x0 kernel/keyboard.o
 .note.GNU-stack
                0x0000000000000000        0x0 kernel/tty.o
 .note.GNU-stack
                0x0000000000000000        0x0 kernel/console.o
 .note.GNU-stack
                0x0000000000000000        0x0 kernel/i8259.o
 .note.GNU-stack
                0x0000000000000000        0x0 kernel/global.o
 .note.GNU-stack
                0x0000000000000000        0x0 kernel/protect.o
 .note.GNU-stack
                0x0000000000000000        0x0 kernel/proc.o
 .note.GNU-stack
                0x0000000000000000        0x0 kernel/systask.o
 .note.GNU-stack
                0x0000000000000000        0x0 kernel/hd.o
 .note.GNU-stack
                0x0000000000000000        0x0 kernel/klib.o
 .note.GNU-stack
                0x0000000000000000        0x0 lib/syslog.o
 .note.GNU-stack
                0x0000000000000000        0x0 mm/main.o
 .note.GNU-stack
                0x0000000000000000        0x0 mm/forkexit.o
 .note.GNU-stack
                0x0000000000000000        0x0 mm/exec.o
 .note.GNU-stack
                0x0000000000000000        0x0 fs/main.o
 .note.GNU-stack
                0x0000000000000000        0x0 fs/open.o
 .note.GNU-stack
                0x0000000000000000        0x0 fs/misc.o
 .note.GNU-stack
                0x0000000000000000        0x0 fs/read_write.o
 .note.GNU-stack
                0x0000000000000000        0x0 fs/link.o
 .note.GNU-stack
                0x0000000000000000        0x0 fs/disklog.o
 .note.GNU-stack
                0x0000000000000000        0x0 lib/orangescrt.a(printf.o)
 .note.GNU-stack
                0x0000000000000000        0x0 lib/orangescrt.a(vsprintf.o)
 .note.GNU-stack
                0x0000000000000000        0x0 lib/orangescrt.a(misc.o)
 .note.GNU-stack
                0x0000000000000000        0x0 lib/orangescrt.a(open.o)
 .note.GNU-stack
                0x0000000000000000        0x0 lib/orangescrt.a(read.o)
 .note.GNU-stack
                0x0000000000000000        0x0 lib/orangescrt.a(write.o)
 .note.GNU-stack
                0x0000000000000000        0x0 lib/orangescrt.a(close.o)
 .note.GNU-stack
                0x0000000000000000        0x0 lib/orangescrt.a(getpid.o)
 .note.GNU-stack
                0x0000000000000000        0x0 lib/orangescrt.a(stat.o)
 .note.GNU-stack
                0x0000000000000000        0x0 lib/orangescrt.a(fork.o)
 .note.GNU-stack
                0x0000000000000000        0x0 lib/orangescrt.a(wait.o)
 .note.GNU-stack
                0x0000000000000000        0x0 lib/orangescrt.a(exec.o)
 .note.GNU-stack
                0x0000000000000000        0x0 lib/orangescrt.a(shell.o)

Memory Configuration

Name             Origin             Length             Attributes
*default*        0x0000000000000000 0xffffffffffffffff

Linker script and memory map

Address of section .text set to 0x1000
LOAD kernel/kernel.o
LOAD kernel/start.o
LOAD kernel/main.o
LOAD kernel/clock.o
LOAD kernel/keyboard.o
LOAD kernel/tty.o
LOAD kernel/console.o
LOAD kernel/i8259.o
LOAD kernel/global.o
LOAD kernel/protect.o
LOAD kernel/proc.o
LOAD kernel/systask.o
LOAD kernel/hd.o
LOAD kernel/kliba.o
LOAD kernel/klib.o
LOAD lib/syslog.o
LOAD mm/main.o
LOAD mm/forkexit.o
LOAD mm/exec.o
LOAD fs/main.o
LOAD fs/open.o
LOAD fs/misc.o
LOAD fs/read_write.o
LOAD fs/link.o
LOAD fs/disklog.o
LOAD lib/orangescrt.a
                [!provide]                        PROVIDE (__executable_start, 0x8048000)
                0x0000000008048094                . = (0x8048000 + SIZEOF_HEADERS)

.interp
 *(.interp)

.note.gnu.build-id
 *(.note.gnu.build-id)

.hash
 *(.hash)

.gnu.hash
 *(.gnu.hash)

.dynsym
 *(.dynsym)

.dynstr
 *(.dynstr)

.gnu.version
 *(.gnu.version)

.gnu.version_d
 *(.gnu.version_d)

.gnu.version_r
 *(.gnu.version_r)

.rel.dyn        0x0000000008048094        0x0
 *(.rel.init)
 *(.rel.text .rel.text.* .rel.gnu.linkonce.t.*)
 .rel.text      0x0000000008048094        0x0 kernel/kernel.o
 *(.rel.fini)
 *(.rel.rodata .rel.rodata.* .rel.gnu.linkonce.r.*)
 *(.rel.data.rel.ro .rel.data.rel.ro.* .rel.gnu.linkonce.d.rel.ro.*)
 *(.rel.data .rel.data.* .rel.gnu.linkonce.d.*)
 .rel.data      0x0000000008048094        0x0 kernel/kernel.o
 *(.rel.tdata .rel.tdata.* .rel.gnu.linkonce.td.*)
 *(.rel.tbss .rel.tbss.* .rel.gnu.linkonce.tb.*)
 *(.rel.ctors)
 *(.rel.dtors)
 *(.rel.got)
 *(.rel.bss .rel.bss.* .rel.gnu.linkonce.b.*)
 *(.rel.ifunc)

.rel.plt        0x0000000008048094        0x0
 *(.rel.plt)
                [!provide]                        PROVIDE (__rel_iplt_start, .)
 *(.rel.iplt)
 .rel.iplt      0x0000000008048094        0x0 kernel/kernel.o
                [!provide]                        PROVIDE (__rel_iplt_end, .)

.init
 *(SORT(.init))

.plt            0x00000000080480a0        0x0
 *(.plt)
 *(.iplt)
 .iplt          0x00000000080480a0        0x0 kernel/kernel.o

.plt.got
 *(.plt.got)

.text           0x0000000000001000     0xcac8
 *(.text.unlikely .text.*_unlikely .text.unlikely.*)
 *(.text.exit .text.exit.*)
 *(.text.startup .text.startup.*)
 *(.text.hot .text.hot.*)
 *(.text .stub .text.* .gnu.linkonce.t.*)
 .text          0x0000000000001000      0x410 kernel/kernel.o
                0x0000000000001000                _start
                0x0000000000001040                hwint00
                0x0000000000001070                hwint01
                0x00000000000010a0                hwint02
                0x00000000000010d0                hwint03
                0x0000000000001100                hwint04
                0x0000000000001130                hwint05
                0x0000000000001160                hwint06
                0x0000000000001190                hwint07
                0x00000000000011c0                hwint08
                0x00000000000011f0                hwint09
                0x0000000000001220                hwint10
                0x0000000000001250                hwint11
                0x0000000000001280                hwint12
                0x00000000000012b0                hwint13
                0x00000000000012e0                hwint14
                0x0000000000001310                hwint15
                0x0000000000001334                divide_error
                0x000000000000133a                single_step_exception
                0x0000000000001340                nmi
                0x0000000000001346                breakpoint_exception
                0x000000000000134c                overflow
                0x0000000000001352                bounds_check
                0x0000000000001358                inval_opcode
                0x000000000000135e                copr_not_available
                0x0000000000001364                double_fault
                0x0000000000001368                copr_seg_overrun
                0x000000000000136e                inval_tss
                0x0000000000001372                segment_not_present
                0x0000000000001376                stack_exception
                0x000000000000137a                general_protection
                0x000000000000137e                page_fault
                0x0000000000001382                copr_error
                0x00000000000013cb                sys_call
                0x00000000000013eb                restart
 .text          0x0000000000001410       0x95 kernel/start.o
                0x0000000000001410                cstart
 .text          0x00000000000014a5      0x984 kernel/main.o
                0x00000000000014a5                kernel_main
                0x00000000000017c0                get_ticks
                0x00000000000017f4                untar
                0x00000000000019e9                shabby_shell
                0x0000000000001c64                Init
                0x0000000000001dd1                TestA
                0x0000000000001dd6                TestB
                0x0000000000001ddb                TestC
                0x0000000000001de0                panic
 .text          0x0000000000001e29      0x10d kernel/clock.o
                0x0000000000001e29                clock_handler
                0x0000000000001ea4                milli_delay
                0x0000000000001ede                init_clock
 .text          0x0000000000001f36      0x6da kernel/keyboard.o
                0x0000000000001f36                keyboard_handler
                0x0000000000001fa0                init_keyboard
                0x000000000000204f                keyboard_read
 .text          0x0000000000002610      0xa2c kernel/tty.o
                0x0000000000002610                task_tty
                0x0000000000002801                in_process
                0x0000000000002d3c                sys_printx
                0x0000000000002edb                dump_tty_buf
 .text          0x000000000000303c      0x7d7 kernel/console.o
                0x000000000000303c                init_screen
                0x00000000000031b0                out_char
                0x000000000000348d                is_current_console
                0x0000000000003580                select_console
                0x00000000000035c0                scroll_screen
 .text          0x0000000000003813      0x130 kernel/i8259.o
                0x0000000000003813                init_8259A
                0x00000000000038e8                spurious_irq
                0x000000000000391f                put_irq_handler
 .text          0x0000000000003943        0x0 kernel/global.o
 .text          0x0000000000003943      0x65f kernel/protect.o
                0x0000000000003943                init_prot
                0x0000000000003dab                seg2linear
                0x0000000000003dfa                init_desc
                0x0000000000003e67                exception_handler
 .text          0x0000000000003fa2     0x15ff kernel/proc.o
                0x0000000000003fa2                schedule
                0x000000000000402e                sys_sendrec
                0x0000000000004158                ldt_seg_linear
                0x00000000000041a2                va2la
                0x0000000000004203                reset_msg
                0x0000000000004fe8                inform_int
                0x0000000000005158                dump_proc
                0x0000000000005494                dump_msg
 .text          0x00000000000055a1      0x2bc kernel/systask.o
                0x00000000000055a1                task_sys
 .text          0x000000000000585d      0xe1f kernel/hd.o
                0x000000000000585d                task_hd
                0x0000000000006651                hd_handler
 *fill*         0x000000000000667c        0x4 
 .text          0x0000000000006680      0x19a kernel/kliba.o
                0x0000000000006680                disp_str
                0x00000000000066be                disp_color_str
                0x00000000000066fd                out_byte
                0x0000000000006709                in_byte
                0x0000000000006713                port_read
                0x0000000000006726                port_write
                0x0000000000006739                disable_irq
                0x000000000000676e                enable_irq
                0x000000000000678d                disable_int
                0x000000000000678f                enable_int
                0x0000000000006791                glitter
 .text          0x000000000000681a      0x2af kernel/klib.o
                0x000000000000681a                get_boot_params
                0x00000000000068a0                get_kernel_map
                0x00000000000069b0                itoa
                0x0000000000006a5b                disp_int
                0x0000000000006a82                delay
 .text          0x0000000000006ac9       0x6f lib/syslog.o
                0x0000000000006ac9                syslog
 .text          0x0000000000006b38      0x1dd mm/main.o
                0x0000000000006b38                task_mm
                0x0000000000006c90                alloc_mem
                0x0000000000006d0b                free_mem
 .text          0x0000000000006d15      0x5c0 mm/forkexit.o
                0x0000000000006d15                do_fork
                0x0000000000007056                do_exit
                0x000000000000721f                do_wait
 .text          0x00000000000072d5      0x356 mm/exec.o
                0x00000000000072d5                do_exec
 .text          0x000000000000762b     0x1210 fs/main.o
                0x000000000000762b                task_fs
                0x00000000000080df                rw_sector
                0x0000000000008302                get_super_block
                0x0000000000008348                get_inode
                0x00000000000084ab                get_inode_directly
                0x00000000000084f6                count_surplus_inode_link
                0x0000000000008536                put_inode
                0x0000000000008574                put_inodes_link
                0x00000000000085cf                sync_inode
                0x00000000000086ce                sync_inode_link
 .text          0x000000000000883b      0xe2c fs/open.o
                0x000000000000883b                do_open
                0x0000000000008c7b                do_mkdir
                0x0000000000008f49                do_close
                0x0000000000008fc4                do_lseek
 .text          0x0000000000009667      0x4b9 fs/misc.o
                0x0000000000009667                do_stat
                0x0000000000009897                low_search_entry
                0x0000000000009981                search_file
                0x0000000000009a1e                strip_path
 .text          0x0000000000009b20      0x781 fs/read_write.o
                0x0000000000009b20                do_rdwt
 .text          0x000000000000a2a1      0x85c fs/link.o
                0x000000000000a2a1                do_unlink
 .text          0x000000000000aafd     0x1fe3 fs/disklog.o
                0x000000000000aafd                disklog
                0x000000000000b06a                dump_fd_graph
 .text          0x000000000000cae0       0xad lib/orangescrt.a(printf.o)
                0x000000000000cae0                printf
                0x000000000000cb4b                printl
 .text          0x000000000000cb8d      0x305 lib/orangescrt.a(vsprintf.o)
                0x000000000000cbeb                vsprintf
                0x000000000000ce6c                sprintf
 *fill*         0x000000000000ce92        0xe 
 .text          0x000000000000cea0       0x78 lib/orangescrt.a(string.o)
                0x000000000000cea0                memcpy
                0x000000000000cec9                memset
                0x000000000000ceea                strcpy
                0x000000000000cf02                strlen
 .text          0x000000000000cf18      0x387 lib/orangescrt.a(misc.o)
                0x000000000000cf18                send_recv
                0x000000000000cfd2                memcmp
                0x000000000000d048                strcmp
                0x000000000000d0bb                strcat
                0x000000000000d11a                spin
                0x000000000000d135                strchr
                0x000000000000d162                strtok
                0x000000000000d230                _strcpy
                0x000000000000d266                assertion_failure
 .text          0x000000000000d29f       0xc6 lib/orangescrt.a(open.o)
                0x000000000000d29f                open
                0x000000000000d302                mkdir
 .text          0x000000000000d365       0x37 lib/orangescrt.a(read.o)
                0x000000000000d365                read
 .text          0x000000000000d39c       0x37 lib/orangescrt.a(write.o)
                0x000000000000d39c                write
 .text          0x000000000000d3d3       0x2b lib/orangescrt.a(close.o)
                0x000000000000d3d3                close
 .text          0x000000000000d3fe       0x46 lib/orangescrt.a(getpid.o)
                0x000000000000d3fe                getpid
 .text          0x000000000000d444       0x63 lib/orangescrt.a(stat.o)
                0x000000000000d444                stat
 .text          0x000000000000d4a7       0x66 lib/orangescrt.a(fork.o)
                0x000000000000d4a7                fork
 .text          0x000000000000d50d       0x3c lib/orangescrt.a(wait.o)
                0x000000000000d50d                wait
 .text          0x000000000000d549      0x28b lib/orangescrt.a(exec.o)
                0x000000000000d549                exec
                0x000000000000d5b4                execl
                0x000000000000d5d9                execv
 .text          0x000000000000d7d4      0x2c7 lib/orangescrt.a(shell.o)
                0x000000000000d7d4                Init_Shell
                0x000000000000d7e8                chdir
                0x000000000000d827                getcwd
                0x000000000000d8b6                get_full_path
 *fill*         0x000000000000da9b        0x5 
 .text          0x000000000000daa0       0x28 lib/orangescrt.a(syscall.o)
                0x000000000000daa0                sendrec
                0x000000000000daba                printx
 *(.gnu.warning)

.fini
 *(SORT(.fini))
                [!provide]                        PROVIDE (__etext, .)
                [!provide]                        PROVIDE (_etext, .)
                [!provide]                        PROVIDE (etext, .)

.rodata         0x000000000000dae0     0x276c
 *(.rodata .rodata.* .gnu.linkonce.r.*)
 .rodata        0x000000000000dae0       0x47 kernel/start.o
 *fill*         0x000000000000db27        0x1 
 .rodata        0x000000000000db28      0x1e4 kernel/main.o
 .rodata        0x000000000000dd0c       0x64 kernel/keyboard.o
 .rodata        0x000000000000dd70      0x168 kernel/tty.o
 .rodata        0x000000000000ded8       0x5b kernel/console.o
 .rodata        0x000000000000df33       0x11 kernel/i8259.o
 .rodata        0x000000000000df44       0x10 kernel/global.o
                0x000000000000df44                FSBUF_SIZE
                0x000000000000df48                MMBUF_SIZE
                0x000000000000df4c                LOGBUF_SIZE
                0x000000000000df50                LOGDISKBUF_SIZE
 *fill*         0x000000000000df54        0xc 
 .rodata        0x000000000000df60      0x580 kernel/protect.o
 .rodata        0x000000000000e4e0      0x5da kernel/proc.o
 .rodata        0x000000000000eaba       0x11 kernel/systask.o
 *fill*         0x000000000000eacb        0x1 
 .rodata        0x000000000000eacc      0x1df kernel/hd.o
 *fill*         0x000000000000ecab        0x1 
 .rodata        0x000000000000ecac       0x6a kernel/klib.o
 .rodata        0x000000000000ed16       0x1e lib/syslog.o
 .rodata        0x000000000000ed34       0xd9 mm/main.o
 *fill*         0x000000000000ee0d        0x3 
 .rodata        0x000000000000ee10       0xe7 mm/forkexit.o
 *fill*         0x000000000000eef7        0x1 
 .rodata        0x000000000000eef8       0xa4 mm/exec.o
 .rodata        0x000000000000ef9c      0x2c2 fs/main.o
 *fill*         0x000000000000f25e        0x2 
 .rodata        0x000000000000f260      0x22f fs/open.o
 *fill*         0x000000000000f48f        0x1 
 .rodata        0x000000000000f490       0x84 fs/misc.o
 .rodata        0x000000000000f514      0x164 fs/read_write.o
 .rodata        0x000000000000f678      0x1ad fs/link.o
 *fill*         0x000000000000f825        0x3 
 .rodata        0x000000000000f828      0x806 fs/disklog.o
 .rodata        0x000000000001002e       0x14 lib/orangescrt.a(printf.o)
 *fill*         0x0000000000010042        0x2 
 .rodata        0x0000000000010044       0xad lib/orangescrt.a(misc.o)
 .rodata        0x00000000000100f1       0x23 lib/orangescrt.a(open.o)
 .rodata        0x0000000000010114       0x25 lib/orangescrt.a(getpid.o)
 .rodata        0x0000000000010139       0x23 lib/orangescrt.a(stat.o)
 .rodata        0x000000000001015c       0x33 lib/orangescrt.a(fork.o)
 *fill*         0x000000000001018f        0x1 
 .rodata        0x0000000000010190       0xb5 lib/orangescrt.a(exec.o)
 .rodata        0x0000000000010245        0x7 lib/orangescrt.a(shell.o)

.rodata1
 *(.rodata1)

.eh_frame_hdr
 *(.eh_frame_hdr)
 *(.eh_frame_entry .eh_frame_entry.*)

.eh_frame       0x000000000001024c     0x1484
 *(.eh_frame)
 .eh_frame      0x000000000001024c       0x38 kernel/start.o
 .eh_frame      0x0000000000010284      0x108 kernel/main.o
                                        0x120 (size before relaxing)
 .eh_frame      0x000000000001038c       0x60 kernel/clock.o
                                         0x78 (size before relaxing)
 .eh_frame      0x00000000000103ec       0xe0 kernel/keyboard.o
                                         0xf8 (size before relaxing)
 .eh_frame      0x00000000000104cc      0x13c kernel/tty.o
                                        0x154 (size before relaxing)
 .eh_frame      0x0000000000010608      0x144 kernel/console.o
                                        0x15c (size before relaxing)
 .eh_frame      0x000000000001074c       0x60 kernel/i8259.o
                                         0x78 (size before relaxing)
 .eh_frame      0x00000000000107ac       0xb0 kernel/protect.o
                                         0xc8 (size before relaxing)
 .eh_frame      0x000000000001085c      0x1b8 kernel/proc.o
                                        0x1d0 (size before relaxing)
 .eh_frame      0x0000000000010a14       0x5c kernel/systask.o
                                         0x74 (size before relaxing)
 .eh_frame      0x0000000000010a70      0x1f0 kernel/hd.o
                                        0x208 (size before relaxing)
 .eh_frame      0x0000000000010c60       0xa0 kernel/klib.o
                                         0xb8 (size before relaxing)
 .eh_frame      0x0000000000010d00       0x20 lib/syslog.o
                                         0x38 (size before relaxing)
 .eh_frame      0x0000000000010d20       0x7c mm/main.o
                                         0x94 (size before relaxing)
 .eh_frame      0x0000000000010d9c       0x90 mm/forkexit.o
                                         0xa8 (size before relaxing)
 .eh_frame      0x0000000000010e2c       0x2c mm/exec.o
                                         0x44 (size before relaxing)
 .eh_frame      0x0000000000010e58      0x1f0 fs/main.o
                                        0x208 (size before relaxing)
 .eh_frame      0x0000000000011048      0x188 fs/open.o
                                        0x1a0 (size before relaxing)
 .eh_frame      0x00000000000111d0       0x88 fs/misc.o
                                         0xa0 (size before relaxing)
 .eh_frame      0x0000000000011258       0x30 fs/read_write.o
                                         0x48 (size before relaxing)
 .eh_frame      0x0000000000011288       0x2c fs/link.o
                                         0x44 (size before relaxing)
 .eh_frame      0x00000000000112b4       0x60 fs/disklog.o
                                         0x78 (size before relaxing)
 .eh_frame      0x0000000000011314       0x40 lib/orangescrt.a(printf.o)
                                         0x58 (size before relaxing)
 .eh_frame      0x0000000000011354       0x60 lib/orangescrt.a(vsprintf.o)
                                         0x78 (size before relaxing)
 .eh_frame      0x00000000000113b4      0x11c lib/orangescrt.a(misc.o)
                                        0x134 (size before relaxing)
 .eh_frame      0x00000000000114d0       0x40 lib/orangescrt.a(open.o)
                                         0x58 (size before relaxing)
 .eh_frame      0x0000000000011510       0x20 lib/orangescrt.a(read.o)
                                         0x38 (size before relaxing)
 .eh_frame      0x0000000000011530       0x20 lib/orangescrt.a(write.o)
                                         0x38 (size before relaxing)
 .eh_frame      0x0000000000011550       0x20 lib/orangescrt.a(close.o)
                                         0x38 (size before relaxing)
 .eh_frame      0x0000000000011570       0x20 lib/orangescrt.a(getpid.o)
                                         0x38 (size before relaxing)
 .eh_frame      0x0000000000011590       0x20 lib/orangescrt.a(stat.o)
                                         0x38 (size before relaxing)
 .eh_frame      0x00000000000115b0       0x20 lib/orangescrt.a(fork.o)
                                         0x38 (size before relaxing)
 .eh_frame      0x00000000000115d0       0x20 lib/orangescrt.a(wait.o)
                                         0x38 (size before relaxing)
 .eh_frame      0x00000000000115f0       0x60 lib/orangescrt.a(exec.o)
                                         0x78 (size before relaxing)
 .eh_frame      0x0000000000011650       0x80 lib/orangescrt.a(shell.o)
                                         0x98 (size before relaxing)
 *(.eh_frame.*)

.gcc_except_table
 *(.gcc_except_table .gcc_except_table.*)

.gnu_extab
 *(.gnu_extab*)

.exception_ranges
 *(.exception_ranges .exception_ranges*)
                0x00000000000126d0                . = DATA_SEGMENT_ALIGN (0x1000, 0x1000)

.eh_frame
 *(.eh_frame)
 *(.eh_frame.*)

.gnu_extab
 *(.gnu_extab)

.gcc_except_table
 *(.gcc_except_table .gcc_except_table.*)

.exception_ranges
 *(.exception_ranges .exception_ranges*)

.tdata
 *(.tdata .tdata.* .gnu.linkonce.td.*)

.tbss
 *(.tbss .tbss.* .gnu.linkonce.tb.*)
 *(.tcommon)

.preinit_array  0x00000000000126d0        0x0
                [!provide]                        PROVIDE (__preinit_array_start, .)
 *(.preinit_array)
                [!provide]                        PROVIDE (__preinit_array_end, .)

.init_array     0x00000000000126d0        0x0
                [!provide]                        PROVIDE (__init_array_start, .)
 *(SORT(.init_array.*) SORT(.ctors.*))
 *(.init_array EXCLUDE_FILE(*crtend?.o *crtend.o *crtbegin?.o *crtbegin.o) .ctors)
                [!provide]                        PROVIDE (__init_array_end, .)

.fini_array     0x00000000000126d0        0x0
                [!provide]                        PROVIDE (__fini_array_start, .)
 *(SORT(.fini_array.*) SORT(.dtors.*))
 *(.fini_array EXCLUDE_FILE(*crtend?.o *crtend.o *crtbegin?.o *crtbegin.o) .dtors)
                [!provide]                        PROVIDE (__fini_array_end, .)

.ctors
 *crtbegin.o(.ctors)
 *crtbegin?.o(.ctors)
 *(EXCLUDE_FILE(*crtend?.o *crtend.o) .ctors)
 *(SORT(.ctors.*))
 *(.ctors)

.dtors
 *crtbegin.o(.dtors)
 *crtbegin?.o(.dtors)
 *(EXCLUDE_FILE(*crtend?.o *crtend.o) .dtors)
 *(SORT(.dtors.*))
 *(.dtors)

.jcr
 *(.jcr)

.data.rel.ro
 *(.data.rel.ro.local* .gnu.linkonce.d.rel.ro.local.*)
 *(.data.rel.ro .data.rel.ro.* .gnu.linkonce.d.rel.ro.*)

.dynamic
 *(.dynamic)

.got
 *(.got)
 *(.igot)
                0x00000000000126d0                . = DATA_SEGMENT_RELRO_END (., (SIZEOF (.got.plt) >= 0xc)?0xc:0x0)

.got.plt        0x00000000000126d0        0x0
 *(.got.plt)
 *(.igot.plt)
 .igot.plt      0x00000000000126d0        0x0 kernel/kernel.o

.data           0x00000000000126e0      0x814
 *(.data .data.* .gnu.linkonce.d.*)
 .data          0x00000000000126e0        0x2 kernel/kernel.o
 .data          0x00000000000126e2        0x0 kernel/start.o
 .data          0x00000000000126e2        0x0 kernel/main.o
 .data          0x00000000000126e2        0x0 kernel/clock.o
 *fill*         0x00000000000126e2       0x1e 
 .data          0x0000000000012700      0x600 kernel/keyboard.o
                0x0000000000012700                keymap
 .data          0x0000000000012d00       0x22 kernel/tty.o
 .data          0x0000000000012d22        0x0 kernel/console.o
 .data          0x0000000000012d22        0x0 kernel/i8259.o
 *fill*         0x0000000000012d22       0x1e 
 .data          0x0000000000012d40      0x1b4 kernel/global.o
                0x0000000000012d40                task_table
                0x0000000000012e20                user_proc_table
                0x0000000000012ec0                sys_call_table
                0x0000000000012ecc                dd_map
                0x0000000000012ee4                fsbuf
                0x0000000000012ee8                mmbuf
                0x0000000000012eec                logbuf
                0x0000000000012ef0                logdiskbuf
 .data          0x0000000000012ef4        0x0 kernel/protect.o
 .data          0x0000000000012ef4        0x0 kernel/proc.o
 .data          0x0000000000012ef4        0x0 kernel/systask.o
 .data          0x0000000000012ef4        0x0 kernel/hd.o
 .data          0x0000000000012ef4        0x0 kernel/klib.o
 .data          0x0000000000012ef4        0x0 lib/syslog.o
 .data          0x0000000000012ef4        0x0 mm/main.o
 .data          0x0000000000012ef4        0x0 mm/forkexit.o
 .data          0x0000000000012ef4        0x0 mm/exec.o
 .data          0x0000000000012ef4        0x0 fs/main.o
 .data          0x0000000000012ef4        0x0 fs/open.o
 .data          0x0000000000012ef4        0x0 fs/misc.o
 .data          0x0000000000012ef4        0x0 fs/read_write.o
 .data          0x0000000000012ef4        0x0 fs/link.o
 .data          0x0000000000012ef4        0x0 fs/disklog.o
 .data          0x0000000000012ef4        0x0 lib/orangescrt.a(printf.o)
 .data          0x0000000000012ef4        0x0 lib/orangescrt.a(vsprintf.o)
 .data          0x0000000000012ef4        0x0 lib/orangescrt.a(misc.o)
 .data          0x0000000000012ef4        0x0 lib/orangescrt.a(open.o)
 .data          0x0000000000012ef4        0x0 lib/orangescrt.a(read.o)
 .data          0x0000000000012ef4        0x0 lib/orangescrt.a(write.o)
 .data          0x0000000000012ef4        0x0 lib/orangescrt.a(close.o)
 .data          0x0000000000012ef4        0x0 lib/orangescrt.a(getpid.o)
 .data          0x0000000000012ef4        0x0 lib/orangescrt.a(stat.o)
 .data          0x0000000000012ef4        0x0 lib/orangescrt.a(fork.o)
 .data          0x0000000000012ef4        0x0 lib/orangescrt.a(wait.o)
 .data          0x0000000000012ef4        0x0 lib/orangescrt.a(exec.o)
 .data          0x0000000000012ef4        0x0 lib/orangescrt.a(shell.o)

.data1
 *(.data1)
                0x0000000000012ef4                _edata = .
                [!provide]                        PROVIDE (edata, .)
                0x0000000000012ef4                . = .
                0x0000000000012ef4                __bss_start = .

.bss            0x0000000000012f00    0x4fa28
 *(.dynbss)
 *(.bss .bss.* .gnu.linkonce.b.*)
 .bss           0x0000000000012f00      0x800 kernel/kernel.o
 .bss           0x0000000000013700        0x0 kernel/start.o
 .bss           0x0000000000013700        0x0 kernel/main.o
 .bss           0x0000000000013700        0x0 kernel/clock.o
 .bss           0x0000000000013700       0x58 kernel/keyboard.o
 .bss           0x0000000000013758        0x0 kernel/tty.o
 .bss           0x0000000000013758        0x0 kernel/console.o
 .bss           0x0000000000013758        0x0 kernel/i8259.o
 .bss           0x0000000000013758        0x0 kernel/global.o
 .bss           0x0000000000013758        0x0 kernel/protect.o
 .bss           0x0000000000013758        0x0 kernel/proc.o
 .bss           0x0000000000013758        0x0 kernel/systask.o
 *fill*         0x0000000000013758        0x8 
 .bss           0x0000000000013760      0x64c kernel/hd.o
 .bss           0x0000000000013dac        0x0 kernel/klib.o
 .bss           0x0000000000013dac        0x0 lib/syslog.o
 .bss           0x0000000000013dac        0x0 mm/main.o
 .bss           0x0000000000013dac        0x0 mm/forkexit.o
 .bss           0x0000000000013dac        0x0 mm/exec.o
 .bss           0x0000000000013dac        0x0 fs/main.o
 .bss           0x0000000000013dac        0x0 fs/open.o
 .bss           0x0000000000013dac        0x0 fs/misc.o
 .bss           0x0000000000013dac        0x0 fs/read_write.o
 .bss           0x0000000000013dac        0x0 fs/link.o
 *fill*         0x0000000000013dac       0x14 
 .bss           0x0000000000013dc0      0x208 fs/disklog.o
 .bss           0x0000000000013fc8        0x0 lib/orangescrt.a(printf.o)
 .bss           0x0000000000013fc8        0x0 lib/orangescrt.a(vsprintf.o)
 .bss           0x0000000000013fc8        0x4 lib/orangescrt.a(misc.o)
 .bss           0x0000000000013fcc        0x0 lib/orangescrt.a(open.o)
 .bss           0x0000000000013fcc        0x0 lib/orangescrt.a(read.o)
 .bss           0x0000000000013fcc        0x0 lib/orangescrt.a(write.o)
 .bss           0x0000000000013fcc        0x0 lib/orangescrt.a(close.o)
 .bss           0x0000000000013fcc        0x0 lib/orangescrt.a(getpid.o)
 .bss           0x0000000000013fcc        0x0 lib/orangescrt.a(stat.o)
 .bss           0x0000000000013fcc        0x0 lib/orangescrt.a(fork.o)
 .bss           0x0000000000013fcc        0x0 lib/orangescrt.a(wait.o)
 .bss           0x0000000000013fcc        0x0 lib/orangescrt.a(exec.o)
 .bss           0x0000000000013fcc        0x0 lib/orangescrt.a(shell.o)
 *(COMMON)
 *fill*         0x0000000000013fcc       0x14 
 COMMON         0x0000000000013fe0    0x4e838 kernel/global.o
                0x0000000000013fe0                idt_ptr
                0x0000000000014000                inode_table
                0x0000000000014b00                task_stack
                0x000000000005cb00                k_reenter
                0x000000000005cb20                gdt
                0x000000000005cf20                current_console
                0x000000000005cf24                pcaller
                0x000000000005cf40                tty_table
                0x000000000005dbc0                tss
                0x000000000005dc40                fs_msg
                0x000000000005dc70                memory_size
                0x000000000005dc80                f_desc_table
                0x000000000005e180                root_inode
                0x000000000005e184                disp_pos
                0x000000000005e1a0                mm_msg
                0x000000000005e1e0                Working_Directory
                0x000000000005e260                key_pressed
                0x000000000005e264                gdt_ptr
                0x000000000005e280                idt
                0x000000000005ea80                super_block
                0x000000000005ec60                ticks
                0x000000000005ec80                console_table
                0x000000000005ecc0                irq_table
                0x000000000005ed00                p_proc_ready
                0x000000000005ed20                proc_table
 COMMON         0x0000000000062818       0x10 kernel/hd.o
                0x0000000000062818                PARTITION_ENTRY
 *fill*         0x0000000000062828       0x18 
 COMMON         0x0000000000062840       0xe5 lib/orangescrt.a(shell.o)
                0x0000000000062840                tmp_path
                0x0000000000062928                . = ALIGN ((. != 0x0)?0x4:0x1)
 *fill*         0x0000000000062925        0x3 
                0x0000000000062928                . = ALIGN (0x4)
                0x0000000000062928                . = SEGMENT_START ("ldata-segment", .)
                0x0000000000062928                . = ALIGN (0x4)
                0x0000000000062928                _end = .
                [!provide]                        PROVIDE (end, .)
                0x0000000000062928                . = DATA_SEGMENT_END (.)

.stab
 *(.stab)

.stabstr
 *(.stabstr)

.stab.excl
 *(.stab.excl)

.stab.exclstr
 *(.stab.exclstr)

.stab.index
 *(.stab.index)

.stab.indexstr
 *(.stab.indexstr)

.comment        0x0000000000000000       0x35
 *(.comment)
 .comment       0x0000000000000000       0x35 kernel/start.o
                                         0x36 (size before relaxing)
 .comment       0x0000000000000035       0x36 kernel/main.o
 .comment       0x0000000000000035       0x36 kernel/clock.o
 .comment       0x0000000000000035       0x36 kernel/keyboard.o
 .comment       0x0000000000000035       0x36 kernel/tty.o
 .comment       0x0000000000000035       0x36 kernel/console.o
 .comment       0x0000000000000035       0x36 kernel/i8259.o
 .comment       0x0000000000000035       0x36 kernel/global.o
 .comment       0x0000000000000035       0x36 kernel/protect.o
 .comment       0x0000000000000035       0x36 kernel/proc.o
 .comment       0x0000000000000035       0x36 kernel/systask.o
 .comment       0x0000000000000035       0x36 kernel/hd.o
 .comment       0x0000000000000035       0x36 kernel/klib.o
 .comment       0x0000000000000035       0x36 lib/syslog.o
 .comment       0x0000000000000035       0x36 mm/main.o
 .comment       0x0000000000000035       0x36 mm/forkexit.o
 .comment       0x0000000000000035       0x36 mm/exec.o
 .comment       0x0000000000000035       0x36 fs/main.o
 .comment       0x0000000000000035       0x36 fs/open.o
 .comment       0x0000000000000035       0x36 fs/misc.o
 .comment       0x0000000000000035       0x36 fs/read_write.o
 .comment       0x0000000000000035       0x36 fs/link.o
 .comment       0x0000000000000035       0x36 fs/disklog.o
 .comment       0x0000000000000035       0x36 lib/orangescrt.a(printf.o)
 .comment       0x0000000000000035       0x36 lib/orangescrt.a(vsprintf.o)
 .comment       0x0000000000000035       0x36 lib/orangescrt.a(misc.o)
 .comment       0x0000000000000035       0x36 lib/orangescrt.a(open.o)
 .comment       0x0000000000000035       0x36 lib/orangescrt.a(read.o)
 .comment       0x0000000000000035       0x36 lib/orangescrt.a(write.o)
 .comment       0x0000000000000035       0x36 lib/orangescrt.a(close.o)
 .comment       0x0000000000000035       0x36 lib/orangescrt.a(getpid.o)
 .comment       0x0000000000000035       0x36 lib/orangescrt.a(stat.o)
 .comment       0x0000000000000035       0x36 lib/orangescrt.a(fork.o)
 .comment       0x0000000000000035       0x36 lib/orangescrt.a(wait.o)
 .comment       0x0000000000000035       0x36 lib/orangescrt.a(exec.o)
 .comment       0x0000000000000035       0x36 lib/orangescrt.a(shell.o)

.debug
 *(.debug)

.line
 *(.line)

.debug_srcinfo
 *(.debug_srcinfo)

.debug_sfnames
 *(.debug_sfnames)

.debug_aranges
 *(.debug_aranges)

.debug_pubnames
 *(.debug_pubnames)

.debug_info
 *(.debug_info .gnu.linkonce.wi.*)

.debug_abbrev
 *(.debug_abbrev)

.debug_line
 *(.debug_line .debug_line.* .debug_line_end)

.debug_frame
 *(.debug_frame)

.debug_str
 *(.debug_str)

.debug_loc
 *(.debug_loc)

.debug_macinfo
 *(.debug_macinfo)

.debug_weaknames
 *(.debug_weaknames)

.debug_funcnames
 *(.debug_funcnames)

.debug_typenames
 *(.debug_typenames)

.debug_varnames
 *(.debug_varnames)

.debug_pubtypes
 *(.debug_pubtypes)

.debug_ranges
 *(.debug_ranges)

.debug_macro
 *(.debug_macro)

.gnu.attributes
 *(.gnu.attributes)

/DISCARD/
 *(.note.GNU-stack)
 *(.gnu_debuglink)
 *(.gnu.lto_*)
OUTPUT(kernel.bin elf32-i386)
