Archive member included to satisfy reference by file (symbol)

lib/orangescrt.a(syscall.o)   mm/shell.o (printx)
lib/orangescrt.a(printf.o)    kernel/main.o (printf)
lib/orangescrt.a(vsprintf.o)  kernel/main.o (vsprintf)
lib/orangescrt.a(string.o)    kernel/start.o (memcpy)
lib/orangescrt.a(misc.o)      kernel/main.o (send_recv)
lib/orangescrt.a(open.o)      kernel/main.o (open)
lib/orangescrt.a(read.o)      kernel/main.o (read)
lib/orangescrt.a(write.o)     kernel/main.o (write)
lib/orangescrt.a(close.o)     kernel/main.o (close)
lib/orangescrt.a(getpid.o)    kernel/main.o (getpid)
lib/orangescrt.a(stat.o)      mm/exec.o (stat)
lib/orangescrt.a(fork.o)      kernel/main.o (fork)
lib/orangescrt.a(wait.o)      kernel/main.o (wait)
lib/orangescrt.a(exec.o)      kernel/main.o (execv)
lib/orangescrt.a(logfila.o)   kernel/tty.o (LogFuncEntry)
lib/orangescrt.a(shell.o)     kernel/main.o (Init_Shell)

Allocating common symbols
Common symbol       size              file

idt_ptr             0x6               kernel/global.o
inode_table         0xb00             kernel/global.o
task_stack          0x50000           kernel/global.o
k_reenter           0x4               kernel/global.o
gdt                 0x400             kernel/global.o
current_console     0x4               kernel/global.o
pcaller             0x4               kernel/global.o
tty_table           0xc6c             kernel/global.o
tss                 0x68              kernel/global.o
fs_msg              0x30              kernel/global.o
memory_size         0x4               kernel/global.o
f_desc_table        0x500             kernel/global.o
root_inode          0x4               kernel/global.o
disp_pos            0x4               kernel/global.o
mm_msg              0x30              kernel/global.o
Working_Directory   0x80              kernel/global.o
key_pressed         0x4               kernel/global.o
gdt_ptr             0x6               kernel/global.o
idt                 0x800             kernel/global.o
super_block         0x1e0             kernel/global.o
PARTITION_ENTRY     0x10              kernel/hd.o
ticks               0x4               kernel/global.o
console_table       0x3c              kernel/global.o
irq_table           0x40              kernel/global.o
p_proc_ready        0x4               kernel/global.o
proc_table          0x3c90            kernel/global.o

Discarded input sections

 .note.GNU-stack
                0x0000000000000000        0x0 kernel/start.o
 .note.GNU-stack
                0x0000000000000000        0x0 kernel/main.o
 .note.GNU-stack
                0x0000000000000000        0x0 kernel/clock.o
 .note.GNU-stack
                0x0000000000000000        0x0 kernel/keyboard.o
 .note.GNU-stack
                0x0000000000000000        0x0 kernel/tty.o
 .note.GNU-stack
                0x0000000000000000        0x0 kernel/logtask.o
 .note.GNU-stack
                0x0000000000000000        0x0 kernel/console.o
 .note.GNU-stack
                0x0000000000000000        0x0 kernel/i8259.o
 .note.GNU-stack
                0x0000000000000000        0x0 kernel/global.o
 .note.GNU-stack
                0x0000000000000000        0x0 kernel/protect.o
 .note.GNU-stack
                0x0000000000000000        0x0 kernel/proc.o
 .note.GNU-stack
                0x0000000000000000        0x0 kernel/systask.o
 .note.GNU-stack
                0x0000000000000000        0x0 kernel/hd.o
 .note.GNU-stack
                0x0000000000000000        0x0 kernel/klib.o
 .note.GNU-stack
                0x0000000000000000        0x0 lib/syslog.o
 .note.GNU-stack
                0x0000000000000000        0x0 mm/main.o
 .note.GNU-stack
                0x0000000000000000        0x0 mm/forkexit.o
 .note.GNU-stack
                0x0000000000000000        0x0 mm/exec.o
 .note.GNU-stack
                0x0000000000000000        0x0 mm/shell.o
 .note.GNU-stack
                0x0000000000000000        0x0 fs/main.o
 .note.GNU-stack
                0x0000000000000000        0x0 fs/open.o
 .note.GNU-stack
                0x0000000000000000        0x0 fs/misc.o
 .note.GNU-stack
                0x0000000000000000        0x0 fs/read_write.o
 .note.GNU-stack
                0x0000000000000000        0x0 fs/link.o
 .note.GNU-stack
                0x0000000000000000        0x0 fs/disklog.o
 .note.GNU-stack
                0x0000000000000000        0x0 lib/orangescrt.a(printf.o)
 .note.GNU-stack
                0x0000000000000000        0x0 lib/orangescrt.a(vsprintf.o)
 .note.GNU-stack
                0x0000000000000000        0x0 lib/orangescrt.a(misc.o)
 .note.GNU-stack
                0x0000000000000000        0x0 lib/orangescrt.a(open.o)
 .note.GNU-stack
                0x0000000000000000        0x0 lib/orangescrt.a(read.o)
 .note.GNU-stack
                0x0000000000000000        0x0 lib/orangescrt.a(write.o)
 .note.GNU-stack
                0x0000000000000000        0x0 lib/orangescrt.a(close.o)
 .note.GNU-stack
                0x0000000000000000        0x0 lib/orangescrt.a(getpid.o)
 .note.GNU-stack
                0x0000000000000000        0x0 lib/orangescrt.a(stat.o)
 .note.GNU-stack
                0x0000000000000000        0x0 lib/orangescrt.a(fork.o)
 .note.GNU-stack
                0x0000000000000000        0x0 lib/orangescrt.a(wait.o)
 .note.GNU-stack
                0x0000000000000000        0x0 lib/orangescrt.a(exec.o)
 .note.GNU-stack
                0x0000000000000000        0x0 lib/orangescrt.a(logfila.o)
 .note.GNU-stack
                0x0000000000000000        0x0 lib/orangescrt.a(shell.o)

Memory Configuration

Name             Origin             Length             Attributes
*default*        0x0000000000000000 0xffffffffffffffff

Linker script and memory map

Address of section .text set to 0x1000
LOAD kernel/kernel.o
LOAD kernel/start.o
LOAD kernel/main.o
LOAD kernel/clock.o
LOAD kernel/keyboard.o
LOAD kernel/tty.o
LOAD kernel/logtask.o
LOAD kernel/console.o
LOAD kernel/i8259.o
LOAD kernel/global.o
LOAD kernel/protect.o
LOAD kernel/proc.o
LOAD kernel/systask.o
LOAD kernel/hd.o
LOAD kernel/kliba.o
LOAD kernel/klib.o
LOAD lib/syslog.o
LOAD mm/main.o
LOAD mm/forkexit.o
LOAD mm/exec.o
LOAD mm/shell.o
LOAD fs/main.o
LOAD fs/open.o
LOAD fs/misc.o
LOAD fs/read_write.o
LOAD fs/link.o
LOAD fs/disklog.o
LOAD lib/orangescrt.a
                [!provide]                        PROVIDE (__executable_start, 0x8048000)
                0x0000000008048094                . = (0x8048000 + SIZEOF_HEADERS)

.interp
 *(.interp)

.note.gnu.build-id
 *(.note.gnu.build-id)

.hash
 *(.hash)

.gnu.hash
 *(.gnu.hash)

.dynsym
 *(.dynsym)

.dynstr
 *(.dynstr)

.gnu.version
 *(.gnu.version)

.gnu.version_d
 *(.gnu.version_d)

.gnu.version_r
 *(.gnu.version_r)

.rel.dyn        0x0000000008048094        0x0
 *(.rel.init)
 *(.rel.text .rel.text.* .rel.gnu.linkonce.t.*)
 .rel.text      0x0000000008048094        0x0 kernel/kernel.o
 *(.rel.fini)
 *(.rel.rodata .rel.rodata.* .rel.gnu.linkonce.r.*)
 *(.rel.data.rel.ro .rel.data.rel.ro.* .rel.gnu.linkonce.d.rel.ro.*)
 *(.rel.data .rel.data.* .rel.gnu.linkonce.d.*)
 .rel.data      0x0000000008048094        0x0 kernel/kernel.o
 *(.rel.tdata .rel.tdata.* .rel.gnu.linkonce.td.*)
 *(.rel.tbss .rel.tbss.* .rel.gnu.linkonce.tb.*)
 *(.rel.ctors)
 *(.rel.dtors)
 *(.rel.got)
 *(.rel.bss .rel.bss.* .rel.gnu.linkonce.b.*)
 *(.rel.ifunc)

.rel.plt        0x0000000008048094        0x0
 *(.rel.plt)
                [!provide]                        PROVIDE (__rel_iplt_start, .)
 *(.rel.iplt)
 .rel.iplt      0x0000000008048094        0x0 kernel/kernel.o
                [!provide]                        PROVIDE (__rel_iplt_end, .)

.init
 *(SORT(.init))

.plt            0x00000000080480a0        0x0
 *(.plt)
 *(.iplt)
 .iplt          0x00000000080480a0        0x0 kernel/kernel.o

.plt.got
 *(.plt.got)

.text           0x0000000000001000     0xe330
 *(.text.unlikely .text.*_unlikely .text.unlikely.*)
 *(.text.exit .text.exit.*)
 *(.text.startup .text.startup.*)
 *(.text.hot .text.hot.*)
 *(.text .stub .text.* .gnu.linkonce.t.*)
 .text          0x0000000000001000      0x410 kernel/kernel.o
                0x0000000000001000                _start
                0x0000000000001040                hwint00
                0x0000000000001070                hwint01
                0x00000000000010a0                hwint02
                0x00000000000010d0                hwint03
                0x0000000000001100                hwint04
                0x0000000000001130                hwint05
                0x0000000000001160                hwint06
                0x0000000000001190                hwint07
                0x00000000000011c0                hwint08
                0x00000000000011f0                hwint09
                0x0000000000001220                hwint10
                0x0000000000001250                hwint11
                0x0000000000001280                hwint12
                0x00000000000012b0                hwint13
                0x00000000000012e0                hwint14
                0x0000000000001310                hwint15
                0x0000000000001334                divide_error
                0x000000000000133a                single_step_exception
                0x0000000000001340                nmi
                0x0000000000001346                breakpoint_exception
                0x000000000000134c                overflow
                0x0000000000001352                bounds_check
                0x0000000000001358                inval_opcode
                0x000000000000135e                copr_not_available
                0x0000000000001364                double_fault
                0x0000000000001368                copr_seg_overrun
                0x000000000000136e                inval_tss
                0x0000000000001372                segment_not_present
                0x0000000000001376                stack_exception
                0x000000000000137a                general_protection
                0x000000000000137e                page_fault
                0x0000000000001382                copr_error
                0x00000000000013cb                sys_call
                0x00000000000013eb                restart
 .text          0x0000000000001410       0x95 kernel/start.o
                0x0000000000001410                cstart
 .text          0x00000000000014a5      0xa7c kernel/main.o
                0x00000000000014a5                kernel_main
                0x00000000000017c0                get_ticks
                0x00000000000017f4                untar
                0x0000000000001a17                shabby_shell
                0x0000000000001d4c                Init
                0x0000000000001ec9                TestA
                0x0000000000001ece                TestB
                0x0000000000001ed3                TestC
                0x0000000000001ed8                panic
 .text          0x0000000000001f21      0x10d kernel/clock.o
                0x0000000000001f21                clock_handler
                0x0000000000001f9c                milli_delay
                0x0000000000001fd6                init_clock
 .text          0x000000000000202e      0x77f kernel/keyboard.o
                0x000000000000202e                IsFlag
                0x00000000000020d3                keyboard_handler
                0x000000000000213d                init_keyboard
                0x00000000000021ec                keyboard_read
 .text          0x00000000000027ad     0x103c kernel/tty.o
                0x00000000000027ad                task_tty
                0x0000000000002f73                in_process
                0x00000000000034e9                sys_printx
                0x0000000000003688                dump_tty_buf
 .text          0x00000000000037e9        0xd kernel/logtask.o
                0x00000000000037e9                task_log
 .text          0x00000000000037f6      0x7ee kernel/console.o
                0x00000000000037f6                init_screen
                0x000000000000396a                out_char
                0x0000000000003c47                is_current_console
                0x0000000000003d3a                select_console
                0x0000000000003d7a                scroll_screen
                0x0000000000003f99                flush_cursor
 .text          0x0000000000003fe4      0x130 kernel/i8259.o
                0x0000000000003fe4                init_8259A
                0x00000000000040b9                spurious_irq
                0x00000000000040f0                put_irq_handler
 .text          0x0000000000004114        0x0 kernel/global.o
 .text          0x0000000000004114      0x65f kernel/protect.o
                0x0000000000004114                init_prot
                0x000000000000457c                seg2linear
                0x00000000000045cb                init_desc
                0x0000000000004638                exception_handler
 .text          0x0000000000004773     0x15ff kernel/proc.o
                0x0000000000004773                schedule
                0x00000000000047ff                sys_sendrec
                0x0000000000004929                ldt_seg_linear
                0x0000000000004973                va2la
                0x00000000000049d4                reset_msg
                0x00000000000057b9                inform_int
                0x0000000000005929                dump_proc
                0x0000000000005c65                dump_msg
 .text          0x0000000000005d72      0x332 kernel/systask.o
                0x0000000000005d72                task_sys
 .text          0x00000000000060a4      0xe1f kernel/hd.o
                0x00000000000060a4                task_hd
                0x0000000000006e98                hd_handler
 *fill*         0x0000000000006ec3        0xd 
 .text          0x0000000000006ed0      0x19a kernel/kliba.o
                0x0000000000006ed0                disp_str
                0x0000000000006f0e                disp_color_str
                0x0000000000006f4d                out_byte
                0x0000000000006f59                in_byte
                0x0000000000006f63                port_read
                0x0000000000006f76                port_write
                0x0000000000006f89                disable_irq
                0x0000000000006fbe                enable_irq
                0x0000000000006fdd                disable_int
                0x0000000000006fdf                enable_int
                0x0000000000006fe1                glitter
 .text          0x000000000000706a      0x2af kernel/klib.o
                0x000000000000706a                get_boot_params
                0x00000000000070f0                get_kernel_map
                0x0000000000007200                itoa
                0x00000000000072ab                disp_int
                0x00000000000072d2                delay
 .text          0x0000000000007319       0x6f lib/syslog.o
                0x0000000000007319                syslog
 .text          0x0000000000007388      0x1cf mm/main.o
                0x0000000000007388                task_mm
                0x00000000000074d5                alloc_mem
                0x000000000000754d                free_mem
 .text          0x0000000000007557      0x772 mm/forkexit.o
                0x0000000000007557                do_fork
                0x000000000000789e                do_exit
                0x0000000000007a10                do_kill
                0x0000000000007c13                do_wait
 .text          0x0000000000007cc9      0x356 mm/exec.o
                0x0000000000007cc9                do_exec
 .text          0x000000000000801f      0x26b mm/shell.o
                0x000000000000801f                do_shell
                0x0000000000008192                initShell
                0x00000000000081b2                changeCWD
                0x000000000000826e                getCWD
 .text          0x000000000000828a     0x123b fs/main.o
                0x000000000000828a                task_fs
                0x0000000000008d69                rw_sector
                0x0000000000008f8c                get_super_block
                0x0000000000008fd2                get_inode
                0x0000000000009135                get_inode_directly
                0x0000000000009180                count_surplus_inode_link
                0x00000000000091c0                put_inode
                0x00000000000091fe                put_inodes_link
                0x0000000000009259                sync_inode
                0x0000000000009358                sync_inode_link
 .text          0x00000000000094c5      0xe48 fs/open.o
                0x00000000000094c5                do_open
                0x0000000000009921                do_mkdir
                0x0000000000009c06                do_close
                0x0000000000009ca7                do_lseek
 .text          0x000000000000a30d      0x788 fs/misc.o
                0x000000000000a30d                do_stat
                0x000000000000a528                low_search_entry
                0x000000000000a636                search_file
                0x000000000000a6f4                do_List_Dir
                0x000000000000a965                strip_path
 .text          0x000000000000aa95      0x86e fs/read_write.o
                0x000000000000aa95                do_rdwt
 .text          0x000000000000b303      0x8cc fs/link.o
                0x000000000000b303                do_unlink
                0x000000000000bb5f                getsize
 .text          0x000000000000bbcf     0x1fe3 fs/disklog.o
                0x000000000000bbcf                disklog
                0x000000000000c13c                dump_fd_graph
 *fill*         0x000000000000dbb2        0xe 
 .text          0x000000000000dbc0       0x28 lib/orangescrt.a(syscall.o)
                0x000000000000dbc0                sendrec
                0x000000000000dbda                printx
 .text          0x000000000000dbe8       0xad lib/orangescrt.a(printf.o)
                0x000000000000dbe8                printf
                0x000000000000dc53                printl
 .text          0x000000000000dc95      0x305 lib/orangescrt.a(vsprintf.o)
                0x000000000000dcf3                vsprintf
                0x000000000000df74                sprintf
 *fill*         0x000000000000df9a        0x6 
 .text          0x000000000000dfa0       0x78 lib/orangescrt.a(string.o)
                0x000000000000dfa0                memcpy
                0x000000000000dfc9                memset
                0x000000000000dfea                strcpy
                0x000000000000e002                strlen
 .text          0x000000000000e018      0x800 lib/orangescrt.a(misc.o)
                0x000000000000e018                send_recv
                0x000000000000e0d2                memcmp
                0x000000000000e148                strcmp
                0x000000000000e1bb                strcat
                0x000000000000e21a                spin
                0x000000000000e235                strchr
                0x000000000000e262                strtok
                0x000000000000e330                _strcpy
                0x000000000000e36c                putchar_to_buffer
                0x000000000000e393                puts_to_buffer
                0x000000000000e3c0                putint_to_buffer
                0x000000000000e47e                puthex_to_buffer
                0x000000000000e4ea                _vsprintf
                0x000000000000e5e7                _sprintf
                0x000000000000e61a                _strncpy
                0x000000000000e693                memmove
                0x000000000000e70e                proc_memcpy
                0x000000000000e722                atoi
                0x000000000000e7df                assertion_failure
 .text          0x000000000000e818       0xc6 lib/orangescrt.a(open.o)
                0x000000000000e818                open
                0x000000000000e87b                mkdir
 .text          0x000000000000e8de       0x37 lib/orangescrt.a(read.o)
                0x000000000000e8de                read
 .text          0x000000000000e915       0x37 lib/orangescrt.a(write.o)
                0x000000000000e915                write
 .text          0x000000000000e94c       0x2b lib/orangescrt.a(close.o)
                0x000000000000e94c                close
 .text          0x000000000000e977       0x46 lib/orangescrt.a(getpid.o)
                0x000000000000e977                getpid
 .text          0x000000000000e9bd       0x76 lib/orangescrt.a(stat.o)
                0x000000000000e9bd                stat
 .text          0x000000000000ea33       0x66 lib/orangescrt.a(fork.o)
                0x000000000000ea33                fork
 .text          0x000000000000ea99       0x3c lib/orangescrt.a(wait.o)
                0x000000000000ea99                wait
 .text          0x000000000000ead5      0x276 lib/orangescrt.a(exec.o)
                0x000000000000ead5                exec
                0x000000000000eb40                execl
                0x000000000000eb65                execv
 .text          0x000000000000ed4b      0x18c lib/orangescrt.a(logfila.o)
                0x000000000000ed4b                LogFuncEntry
                0x000000000000ee4c                AddLogWare
                0x000000000000ee74                DefaultLogHandler
                0x000000000000ee96                InitLogWares
 .text          0x000000000000eed7      0x459 lib/orangescrt.a(shell.o)
                0x000000000000eed7                Init_Shell
                0x000000000000ef18                chdir
                0x000000000000ef6f                getcwd
                0x000000000000efa8                extractExecDir
                0x000000000000f054                get_full_path
 *(.gnu.warning)

.fini
 *(SORT(.fini))
                [!provide]                        PROVIDE (__etext, .)
                [!provide]                        PROVIDE (_etext, .)
                [!provide]                        PROVIDE (etext, .)

.rodata         0x000000000000f340     0x29d0
 *(.rodata .rodata.* .gnu.linkonce.r.*)
 .rodata        0x000000000000f340       0x47 kernel/start.o
 *fill*         0x000000000000f387        0x1 
 .rodata        0x000000000000f388      0x21c kernel/main.o
 .rodata        0x000000000000f5a4       0x64 kernel/keyboard.o
 .rodata        0x000000000000f608      0x1bc kernel/tty.o
 .rodata        0x000000000000f7c4       0x5b kernel/console.o
 .rodata        0x000000000000f81f       0x11 kernel/i8259.o
 .rodata        0x000000000000f830       0x10 kernel/global.o
                0x000000000000f830                FSBUF_SIZE
                0x000000000000f834                MMBUF_SIZE
                0x000000000000f838                LOGBUF_SIZE
                0x000000000000f83c                LOGDISKBUF_SIZE
 .rodata        0x000000000000f840      0x580 kernel/protect.o
 .rodata        0x000000000000fdc0      0x5da kernel/proc.o
 .rodata        0x000000000001039a       0x11 kernel/systask.o
 *fill*         0x00000000000103ab        0x1 
 .rodata        0x00000000000103ac      0x1df kernel/hd.o
 *fill*         0x000000000001058b        0x1 
 .rodata        0x000000000001058c       0x6a kernel/klib.o
 .rodata        0x00000000000105f6       0x1e lib/syslog.o
 .rodata        0x0000000000010614       0xc9 mm/main.o
 *fill*         0x00000000000106dd        0x3 
 .rodata        0x00000000000106e0       0xeb mm/forkexit.o
 *fill*         0x00000000000107cb        0x1 
 .rodata        0x00000000000107cc       0xa4 mm/exec.o
 .rodata        0x0000000000010870       0x3d mm/shell.o
 *fill*         0x00000000000108ad        0x3 
 .rodata        0x00000000000108b0      0x2de fs/main.o
 *fill*         0x0000000000010b8e        0x2 
 .rodata        0x0000000000010b90      0x283 fs/open.o
 *fill*         0x0000000000010e13        0x1 
 .rodata        0x0000000000010e14       0xc5 fs/misc.o
 *fill*         0x0000000000010ed9        0x3 
 .rodata        0x0000000000010edc      0x1c8 fs/read_write.o
 .rodata        0x00000000000110a4      0x1ad fs/link.o
 *fill*         0x0000000000011251        0x3 
 .rodata        0x0000000000011254      0x806 fs/disklog.o
 .rodata        0x0000000000011a5a       0x14 lib/orangescrt.a(printf.o)
 *fill*         0x0000000000011a6e        0x2 
 .rodata        0x0000000000011a70       0xbd lib/orangescrt.a(misc.o)
 .rodata        0x0000000000011b2d       0x23 lib/orangescrt.a(open.o)
 .rodata        0x0000000000011b50       0x25 lib/orangescrt.a(getpid.o)
 .rodata        0x0000000000011b75       0x33 lib/orangescrt.a(stat.o)
 .rodata        0x0000000000011ba8       0x33 lib/orangescrt.a(fork.o)
 *fill*         0x0000000000011bdb        0x1 
 .rodata        0x0000000000011bdc       0xa7 lib/orangescrt.a(exec.o)
 .rodata        0x0000000000011c83       0x56 lib/orangescrt.a(logfila.o)
 .rodata        0x0000000000011cd9       0x37 lib/orangescrt.a(shell.o)

.rodata1
 *(.rodata1)

.eh_frame_hdr
 *(.eh_frame_hdr)
 *(.eh_frame_entry .eh_frame_entry.*)

.eh_frame       0x0000000000011d10     0x1844
 *(.eh_frame)
 .eh_frame      0x0000000000011d10       0x38 kernel/start.o
 .eh_frame      0x0000000000011d48      0x10c kernel/main.o
                                        0x124 (size before relaxing)
 .eh_frame      0x0000000000011e54       0x60 kernel/clock.o
                                         0x78 (size before relaxing)
 .eh_frame      0x0000000000011eb4      0x100 kernel/keyboard.o
                                        0x118 (size before relaxing)
 .eh_frame      0x0000000000011fb4      0x1c0 kernel/tty.o
                                        0x1d8 (size before relaxing)
 .eh_frame      0x0000000000012174       0x1c kernel/logtask.o
                                         0x34 (size before relaxing)
 .eh_frame      0x0000000000012190      0x164 kernel/console.o
                                        0x17c (size before relaxing)
 .eh_frame      0x00000000000122f4       0x60 kernel/i8259.o
                                         0x78 (size before relaxing)
 .eh_frame      0x0000000000012354       0xb0 kernel/protect.o
                                         0xc8 (size before relaxing)
 .eh_frame      0x0000000000012404      0x1b8 kernel/proc.o
                                        0x1d0 (size before relaxing)
 .eh_frame      0x00000000000125bc       0x5c kernel/systask.o
                                         0x74 (size before relaxing)
 .eh_frame      0x0000000000012618      0x1f0 kernel/hd.o
                                        0x208 (size before relaxing)
 .eh_frame      0x0000000000012808       0xa0 kernel/klib.o
                                         0xb8 (size before relaxing)
 .eh_frame      0x00000000000128a8       0x20 lib/syslog.o
                                         0x38 (size before relaxing)
 .eh_frame      0x00000000000128c8       0x7c mm/main.o
                                         0x94 (size before relaxing)
 .eh_frame      0x0000000000012944       0xb0 mm/forkexit.o
                                         0xc8 (size before relaxing)
 .eh_frame      0x00000000000129f4       0x2c mm/exec.o
                                         0x44 (size before relaxing)
 .eh_frame      0x0000000000012a20       0x84 mm/shell.o
                                         0x9c (size before relaxing)
 .eh_frame      0x0000000000012aa4      0x1f0 fs/main.o
                                        0x208 (size before relaxing)
 .eh_frame      0x0000000000012c94      0x188 fs/open.o
                                        0x1a0 (size before relaxing)
 .eh_frame      0x0000000000012e1c       0xb4 fs/misc.o
                                         0xcc (size before relaxing)
 .eh_frame      0x0000000000012ed0       0x30 fs/read_write.o
                                         0x48 (size before relaxing)
 .eh_frame      0x0000000000012f00       0x4c fs/link.o
                                         0x64 (size before relaxing)
 .eh_frame      0x0000000000012f4c       0x60 fs/disklog.o
                                         0x78 (size before relaxing)
 .eh_frame      0x0000000000012fac       0x40 lib/orangescrt.a(printf.o)
                                         0x58 (size before relaxing)
 .eh_frame      0x0000000000012fec       0x60 lib/orangescrt.a(vsprintf.o)
                                         0x78 (size before relaxing)
 .eh_frame      0x000000000001304c      0x260 lib/orangescrt.a(misc.o)
                                        0x278 (size before relaxing)
 .eh_frame      0x00000000000132ac       0x40 lib/orangescrt.a(open.o)
                                         0x58 (size before relaxing)
 .eh_frame      0x00000000000132ec       0x20 lib/orangescrt.a(read.o)
                                         0x38 (size before relaxing)
 .eh_frame      0x000000000001330c       0x20 lib/orangescrt.a(write.o)
                                         0x38 (size before relaxing)
 .eh_frame      0x000000000001332c       0x20 lib/orangescrt.a(close.o)
                                         0x38 (size before relaxing)
 .eh_frame      0x000000000001334c       0x20 lib/orangescrt.a(getpid.o)
                                         0x38 (size before relaxing)
 .eh_frame      0x000000000001336c       0x20 lib/orangescrt.a(stat.o)
                                         0x38 (size before relaxing)
 .eh_frame      0x000000000001338c       0x20 lib/orangescrt.a(fork.o)
                                         0x38 (size before relaxing)
 .eh_frame      0x00000000000133ac       0x20 lib/orangescrt.a(wait.o)
                                         0x38 (size before relaxing)
 .eh_frame      0x00000000000133cc       0x60 lib/orangescrt.a(exec.o)
                                         0x78 (size before relaxing)
 .eh_frame      0x000000000001342c       0x84 lib/orangescrt.a(logfila.o)
                                         0x9c (size before relaxing)
 .eh_frame      0x00000000000134b0       0xa4 lib/orangescrt.a(shell.o)
                                         0xbc (size before relaxing)
 *(.eh_frame.*)

.gcc_except_table
 *(.gcc_except_table .gcc_except_table.*)

.gnu_extab
 *(.gnu_extab*)

.exception_ranges
 *(.exception_ranges .exception_ranges*)
                0x0000000000014554                . = DATA_SEGMENT_ALIGN (0x1000, 0x1000)

.eh_frame
 *(.eh_frame)
 *(.eh_frame.*)

.gnu_extab
 *(.gnu_extab)

.gcc_except_table
 *(.gcc_except_table .gcc_except_table.*)

.exception_ranges
 *(.exception_ranges .exception_ranges*)

.tdata
 *(.tdata .tdata.* .gnu.linkonce.td.*)

.tbss
 *(.tbss .tbss.* .gnu.linkonce.tb.*)
 *(.tcommon)

.preinit_array  0x0000000000014554        0x0
                [!provide]                        PROVIDE (__preinit_array_start, .)
 *(.preinit_array)
                [!provide]                        PROVIDE (__preinit_array_end, .)

.init_array     0x0000000000014554        0x0
                [!provide]                        PROVIDE (__init_array_start, .)
 *(SORT(.init_array.*) SORT(.ctors.*))
 *(.init_array EXCLUDE_FILE(*crtend?.o *crtend.o *crtbegin?.o *crtbegin.o) .ctors)
                [!provide]                        PROVIDE (__init_array_end, .)

.fini_array     0x0000000000014554        0x0
                [!provide]                        PROVIDE (__fini_array_start, .)
 *(SORT(.fini_array.*) SORT(.dtors.*))
 *(.fini_array EXCLUDE_FILE(*crtend?.o *crtend.o *crtbegin?.o *crtbegin.o) .dtors)
                [!provide]                        PROVIDE (__fini_array_end, .)

.ctors
 *crtbegin.o(.ctors)
 *crtbegin?.o(.ctors)
 *(EXCLUDE_FILE(*crtend?.o *crtend.o) .ctors)
 *(SORT(.ctors.*))
 *(.ctors)

.dtors
 *crtbegin.o(.dtors)
 *crtbegin?.o(.dtors)
 *(EXCLUDE_FILE(*crtend?.o *crtend.o) .dtors)
 *(SORT(.dtors.*))
 *(.dtors)

.jcr
 *(.jcr)

.data.rel.ro
 *(.data.rel.ro.local* .gnu.linkonce.d.rel.ro.local.*)
 *(.data.rel.ro .data.rel.ro.* .gnu.linkonce.d.rel.ro.*)

.dynamic
 *(.dynamic)

.got
 *(.got)
 *(.igot)
                0x0000000000014554                . = DATA_SEGMENT_RELRO_END (., (SIZEOF (.got.plt) >= 0xc)?0xc:0x0)

.got.plt        0x0000000000014554        0x0
 *(.got.plt)
 *(.igot.plt)
 .igot.plt      0x0000000000014554        0x0 kernel/kernel.o

.data           0x0000000000014560      0x874
 *(.data .data.* .gnu.linkonce.d.*)
 .data          0x0000000000014560        0x2 kernel/kernel.o
 .data          0x0000000000014562        0x0 kernel/start.o
 .data          0x0000000000014562        0x0 kernel/main.o
 .data          0x0000000000014562        0x0 kernel/clock.o
 *fill*         0x0000000000014562       0x1e 
 .data          0x0000000000014580      0x600 kernel/keyboard.o
                0x0000000000014580                keymap
 .data          0x0000000000014b80       0x42 kernel/tty.o
 .data          0x0000000000014bc2        0x0 kernel/logtask.o
 .data          0x0000000000014bc2        0x0 kernel/console.o
 .data          0x0000000000014bc2        0x0 kernel/i8259.o
 *fill*         0x0000000000014bc2       0x1e 
 .data          0x0000000000014be0      0x1d4 kernel/global.o
                0x0000000000014be0                task_table
                0x0000000000014ce0                user_proc_table
                0x0000000000014d80                sys_call_table
                0x0000000000014d8c                dd_map
                0x0000000000014da4                fsbuf
                0x0000000000014da8                mmbuf
                0x0000000000014dac                logbuf
                0x0000000000014db0                logdiskbuf
 .data          0x0000000000014db4        0x0 kernel/protect.o
 .data          0x0000000000014db4        0x0 kernel/proc.o
 .data          0x0000000000014db4        0x0 kernel/systask.o
 .data          0x0000000000014db4        0x0 kernel/hd.o
 .data          0x0000000000014db4        0x0 kernel/klib.o
 .data          0x0000000000014db4        0x0 lib/syslog.o
 .data          0x0000000000014db4        0x0 mm/main.o
 .data          0x0000000000014db4        0x0 mm/forkexit.o
 .data          0x0000000000014db4        0x0 mm/exec.o
 .data          0x0000000000014db4        0x0 mm/shell.o
 .data          0x0000000000014db4        0x0 fs/main.o
 .data          0x0000000000014db4        0x0 fs/open.o
 .data          0x0000000000014db4        0x4 fs/misc.o
                0x0000000000014db4                last_query_dev
 .data          0x0000000000014db8        0x0 fs/read_write.o
 .data          0x0000000000014db8        0x0 fs/link.o
 .data          0x0000000000014db8        0x0 fs/disklog.o
 .data          0x0000000000014db8        0x0 lib/orangescrt.a(printf.o)
 .data          0x0000000000014db8        0x0 lib/orangescrt.a(vsprintf.o)
 .data          0x0000000000014db8        0x0 lib/orangescrt.a(misc.o)
 .data          0x0000000000014db8        0x0 lib/orangescrt.a(open.o)
 .data          0x0000000000014db8        0x0 lib/orangescrt.a(read.o)
 .data          0x0000000000014db8        0x0 lib/orangescrt.a(write.o)
 .data          0x0000000000014db8        0x0 lib/orangescrt.a(close.o)
 .data          0x0000000000014db8        0x0 lib/orangescrt.a(getpid.o)
 .data          0x0000000000014db8        0x0 lib/orangescrt.a(stat.o)
 .data          0x0000000000014db8        0x0 lib/orangescrt.a(fork.o)
 .data          0x0000000000014db8        0x0 lib/orangescrt.a(wait.o)
 .data          0x0000000000014db8        0x0 lib/orangescrt.a(exec.o)
 .data          0x0000000000014db8       0x1c lib/orangescrt.a(logfila.o)
                0x0000000000014db8                LogLevelStrings
 .data          0x0000000000014dd4        0x0 lib/orangescrt.a(shell.o)

.data1
 *(.data1)
                0x0000000000014dd4                _edata = .
                [!provide]                        PROVIDE (edata, .)
                0x0000000000014dd4                . = .
                0x0000000000014dd4                __bss_start = .

.bss            0x0000000000014de0    0x57b00
 *(.dynbss)
 *(.bss .bss.* .gnu.linkonce.b.*)
 .bss           0x0000000000014de0      0x800 kernel/kernel.o
 .bss           0x00000000000155e0        0x0 kernel/start.o
 .bss           0x00000000000155e0        0x0 kernel/main.o
 .bss           0x00000000000155e0        0x0 kernel/clock.o
 .bss           0x00000000000155e0       0x58 kernel/keyboard.o
 .bss           0x0000000000015638        0x4 kernel/tty.o
 .bss           0x000000000001563c        0x0 kernel/logtask.o
 .bss           0x000000000001563c        0x0 kernel/console.o
 .bss           0x000000000001563c        0x0 kernel/i8259.o
 .bss           0x000000000001563c        0x0 kernel/global.o
 .bss           0x000000000001563c        0x0 kernel/protect.o
 .bss           0x000000000001563c        0x0 kernel/proc.o
 .bss           0x000000000001563c        0x0 kernel/systask.o
 *fill*         0x000000000001563c        0x4 
 .bss           0x0000000000015640      0x64c kernel/hd.o
 .bss           0x0000000000015c8c        0x0 kernel/klib.o
 .bss           0x0000000000015c8c        0x0 lib/syslog.o
 .bss           0x0000000000015c8c        0x0 mm/main.o
 .bss           0x0000000000015c8c        0x0 mm/forkexit.o
 .bss           0x0000000000015c8c        0x0 mm/exec.o
 .bss           0x0000000000015c8c        0x0 mm/shell.o
 .bss           0x0000000000015c8c        0x0 fs/main.o
 .bss           0x0000000000015c8c        0x0 fs/open.o
 .bss           0x0000000000015c8c        0x0 fs/misc.o
 .bss           0x0000000000015c8c        0x0 fs/read_write.o
 .bss           0x0000000000015c8c        0x0 fs/link.o
 *fill*         0x0000000000015c8c       0x14 
 .bss           0x0000000000015ca0      0x208 fs/disklog.o
 .bss           0x0000000000015ea8        0x0 lib/orangescrt.a(printf.o)
 .bss           0x0000000000015ea8        0x0 lib/orangescrt.a(vsprintf.o)
 .bss           0x0000000000015ea8        0x4 lib/orangescrt.a(misc.o)
 .bss           0x0000000000015eac        0x0 lib/orangescrt.a(open.o)
 .bss           0x0000000000015eac        0x0 lib/orangescrt.a(read.o)
 .bss           0x0000000000015eac        0x0 lib/orangescrt.a(write.o)
 .bss           0x0000000000015eac        0x0 lib/orangescrt.a(close.o)
 .bss           0x0000000000015eac        0x0 lib/orangescrt.a(getpid.o)
 .bss           0x0000000000015eac        0x0 lib/orangescrt.a(stat.o)
 .bss           0x0000000000015eac        0x0 lib/orangescrt.a(fork.o)
 .bss           0x0000000000015eac        0x0 lib/orangescrt.a(wait.o)
 .bss           0x0000000000015eac        0x0 lib/orangescrt.a(exec.o)
 *fill*         0x0000000000015eac       0x14 
 .bss           0x0000000000015ec0       0x24 lib/orangescrt.a(logfila.o)
 .bss           0x0000000000015ee4        0x0 lib/orangescrt.a(shell.o)
 *(COMMON)
 *fill*         0x0000000000015ee4       0x1c 
 COMMON         0x0000000000015f00    0x569d0 kernel/global.o
                0x0000000000015f00                idt_ptr
                0x0000000000015f20                inode_table
                0x0000000000016a20                task_stack
                0x0000000000066a20                k_reenter
                0x0000000000066a40                gdt
                0x0000000000066e40                current_console
                0x0000000000066e44                pcaller
                0x0000000000066e60                tty_table
                0x0000000000067ae0                tss
                0x0000000000067b60                fs_msg
                0x0000000000067b90                memory_size
                0x0000000000067ba0                f_desc_table
                0x00000000000680a0                root_inode
                0x00000000000680a4                disp_pos
                0x00000000000680c0                mm_msg
                0x0000000000068100                Working_Directory
                0x0000000000068180                key_pressed
                0x0000000000068184                gdt_ptr
                0x00000000000681a0                idt
                0x00000000000689a0                super_block
                0x0000000000068b80                ticks
                0x0000000000068ba0                console_table
                0x0000000000068be0                irq_table
                0x0000000000068c20                p_proc_ready
                0x0000000000068c40                proc_table
 COMMON         0x000000000006c8d0       0x10 kernel/hd.o
                0x000000000006c8d0                PARTITION_ENTRY
                0x000000000006c8e0                . = ALIGN ((. != 0x0)?0x4:0x1)
                0x000000000006c8e0                . = ALIGN (0x4)
                0x000000000006c8e0                . = SEGMENT_START ("ldata-segment", .)
                0x000000000006c8e0                . = ALIGN (0x4)
                0x000000000006c8e0                _end = .
                [!provide]                        PROVIDE (end, .)
                0x000000000006c8e0                . = DATA_SEGMENT_END (.)

.stab
 *(.stab)

.stabstr
 *(.stabstr)

.stab.excl
 *(.stab.excl)

.stab.exclstr
 *(.stab.exclstr)

.stab.index
 *(.stab.index)

.stab.indexstr
 *(.stab.indexstr)

.comment        0x0000000000000000       0x35
 *(.comment)
 .comment       0x0000000000000000       0x35 kernel/start.o
                                         0x36 (size before relaxing)
 .comment       0x0000000000000035       0x36 kernel/main.o
 .comment       0x0000000000000035       0x36 kernel/clock.o
 .comment       0x0000000000000035       0x36 kernel/keyboard.o
 .comment       0x0000000000000035       0x36 kernel/tty.o
 .comment       0x0000000000000035       0x36 kernel/logtask.o
 .comment       0x0000000000000035       0x36 kernel/console.o
 .comment       0x0000000000000035       0x36 kernel/i8259.o
 .comment       0x0000000000000035       0x36 kernel/global.o
 .comment       0x0000000000000035       0x36 kernel/protect.o
 .comment       0x0000000000000035       0x36 kernel/proc.o
 .comment       0x0000000000000035       0x36 kernel/systask.o
 .comment       0x0000000000000035       0x36 kernel/hd.o
 .comment       0x0000000000000035       0x36 kernel/klib.o
 .comment       0x0000000000000035       0x36 lib/syslog.o
 .comment       0x0000000000000035       0x36 mm/main.o
 .comment       0x0000000000000035       0x36 mm/forkexit.o
 .comment       0x0000000000000035       0x36 mm/exec.o
 .comment       0x0000000000000035       0x36 mm/shell.o
 .comment       0x0000000000000035       0x36 fs/main.o
 .comment       0x0000000000000035       0x36 fs/open.o
 .comment       0x0000000000000035       0x36 fs/misc.o
 .comment       0x0000000000000035       0x36 fs/read_write.o
 .comment       0x0000000000000035       0x36 fs/link.o
 .comment       0x0000000000000035       0x36 fs/disklog.o
 .comment       0x0000000000000035       0x36 lib/orangescrt.a(printf.o)
 .comment       0x0000000000000035       0x36 lib/orangescrt.a(vsprintf.o)
 .comment       0x0000000000000035       0x36 lib/orangescrt.a(misc.o)
 .comment       0x0000000000000035       0x36 lib/orangescrt.a(open.o)
 .comment       0x0000000000000035       0x36 lib/orangescrt.a(read.o)
 .comment       0x0000000000000035       0x36 lib/orangescrt.a(write.o)
 .comment       0x0000000000000035       0x36 lib/orangescrt.a(close.o)
 .comment       0x0000000000000035       0x36 lib/orangescrt.a(getpid.o)
 .comment       0x0000000000000035       0x36 lib/orangescrt.a(stat.o)
 .comment       0x0000000000000035       0x36 lib/orangescrt.a(fork.o)
 .comment       0x0000000000000035       0x36 lib/orangescrt.a(wait.o)
 .comment       0x0000000000000035       0x36 lib/orangescrt.a(exec.o)
 .comment       0x0000000000000035       0x36 lib/orangescrt.a(logfila.o)
 .comment       0x0000000000000035       0x36 lib/orangescrt.a(shell.o)

.debug
 *(.debug)

.line
 *(.line)

.debug_srcinfo
 *(.debug_srcinfo)

.debug_sfnames
 *(.debug_sfnames)

.debug_aranges
 *(.debug_aranges)

.debug_pubnames
 *(.debug_pubnames)

.debug_info
 *(.debug_info .gnu.linkonce.wi.*)

.debug_abbrev
 *(.debug_abbrev)

.debug_line
 *(.debug_line .debug_line.* .debug_line_end)

.debug_frame
 *(.debug_frame)

.debug_str
 *(.debug_str)

.debug_loc
 *(.debug_loc)

.debug_macinfo
 *(.debug_macinfo)

.debug_weaknames
 *(.debug_weaknames)

.debug_funcnames
 *(.debug_funcnames)

.debug_typenames
 *(.debug_typenames)

.debug_varnames
 *(.debug_varnames)

.debug_pubtypes
 *(.debug_pubtypes)

.debug_ranges
 *(.debug_ranges)

.debug_macro
 *(.debug_macro)

.gnu.attributes
 *(.gnu.attributes)

/DISCARD/
 *(.note.GNU-stack)
 *(.gnu_debuglink)
 *(.gnu.lto_*)
OUTPUT(kernel.bin elf32-i386)
