Archive member included to satisfy reference by file (symbol)

lib/orangescrt.a(syscall.o)   mm/shell.o (printx)
lib/orangescrt.a(printf.o)    kernel/main.o (printf)
lib/orangescrt.a(vsprintf.o)  kernel/main.o (vsprintf)
lib/orangescrt.a(string.o)    kernel/start.o (memcpy)
lib/orangescrt.a(misc.o)      kernel/main.o (send_recv)
lib/orangescrt.a(open.o)      kernel/main.o (open)
lib/orangescrt.a(read.o)      kernel/main.o (read)
lib/orangescrt.a(write.o)     kernel/main.o (write)
lib/orangescrt.a(close.o)     kernel/main.o (close)
lib/orangescrt.a(getpid.o)    kernel/main.o (getpid)
lib/orangescrt.a(stat.o)      mm/exec.o (stat)
lib/orangescrt.a(fork.o)      kernel/main.o (fork)
lib/orangescrt.a(wait.o)      kernel/main.o (wait)
lib/orangescrt.a(exec.o)      kernel/main.o (execv)
lib/orangescrt.a(shell.o)     kernel/main.o (Init_Shell)

Allocating common symbols
Common symbol       size              file

idt_ptr             0x6               kernel/global.o
inode_table         0xb00             kernel/global.o
task_stack          0x48000           kernel/global.o
k_reenter           0x4               kernel/global.o
gdt                 0x400             kernel/global.o
current_console     0x4               kernel/global.o
pcaller             0x4               kernel/global.o
tty_table           0xc6c             kernel/global.o
tss                 0x68              kernel/global.o
fs_msg              0x30              kernel/global.o
memory_size         0x4               kernel/global.o
f_desc_table        0x500             kernel/global.o
root_inode          0x4               kernel/global.o
disp_pos            0x4               kernel/global.o
mm_msg              0x30              kernel/global.o
Working_Directory   0x80              kernel/global.o
key_pressed         0x4               kernel/global.o
gdt_ptr             0x6               kernel/global.o
idt                 0x800             kernel/global.o
super_block         0x1e0             kernel/global.o
PARTITION_ENTRY     0x10              kernel/hd.o
ticks               0x4               kernel/global.o
console_table       0x3c              kernel/global.o
irq_table           0x40              kernel/global.o
p_proc_ready        0x4               kernel/global.o
proc_table          0x3af8            kernel/global.o

Discarded input sections

 .note.GNU-stack
                0x0000000000000000        0x0 kernel/start.o
 .note.GNU-stack
                0x0000000000000000        0x0 kernel/main.o
 .note.GNU-stack
                0x0000000000000000        0x0 kernel/clock.o
 .note.GNU-stack
                0x0000000000000000        0x0 kernel/keyboard.o
 .note.GNU-stack
                0x0000000000000000        0x0 kernel/tty.o
 .note.GNU-stack
                0x0000000000000000        0x0 kernel/console.o
 .note.GNU-stack
                0x0000000000000000        0x0 kernel/i8259.o
 .note.GNU-stack
                0x0000000000000000        0x0 kernel/global.o
 .note.GNU-stack
                0x0000000000000000        0x0 kernel/protect.o
 .note.GNU-stack
                0x0000000000000000        0x0 kernel/proc.o
 .note.GNU-stack
                0x0000000000000000        0x0 kernel/systask.o
 .note.GNU-stack
                0x0000000000000000        0x0 kernel/hd.o
 .note.GNU-stack
                0x0000000000000000        0x0 kernel/klib.o
 .note.GNU-stack
                0x0000000000000000        0x0 lib/syslog.o
 .note.GNU-stack
                0x0000000000000000        0x0 mm/main.o
 .note.GNU-stack
                0x0000000000000000        0x0 mm/forkexit.o
 .note.GNU-stack
                0x0000000000000000        0x0 mm/exec.o
 .note.GNU-stack
                0x0000000000000000        0x0 mm/shell.o
 .note.GNU-stack
                0x0000000000000000        0x0 fs/main.o
 .note.GNU-stack
                0x0000000000000000        0x0 fs/open.o
 .note.GNU-stack
                0x0000000000000000        0x0 fs/misc.o
 .note.GNU-stack
                0x0000000000000000        0x0 fs/read_write.o
 .note.GNU-stack
                0x0000000000000000        0x0 fs/link.o
 .note.GNU-stack
                0x0000000000000000        0x0 fs/disklog.o
 .note.GNU-stack
                0x0000000000000000        0x0 lib/orangescrt.a(printf.o)
 .note.GNU-stack
                0x0000000000000000        0x0 lib/orangescrt.a(vsprintf.o)
 .note.GNU-stack
                0x0000000000000000        0x0 lib/orangescrt.a(misc.o)
 .note.GNU-stack
                0x0000000000000000        0x0 lib/orangescrt.a(open.o)
 .note.GNU-stack
                0x0000000000000000        0x0 lib/orangescrt.a(read.o)
 .note.GNU-stack
                0x0000000000000000        0x0 lib/orangescrt.a(write.o)
 .note.GNU-stack
                0x0000000000000000        0x0 lib/orangescrt.a(close.o)
 .note.GNU-stack
                0x0000000000000000        0x0 lib/orangescrt.a(getpid.o)
 .note.GNU-stack
                0x0000000000000000        0x0 lib/orangescrt.a(stat.o)
 .note.GNU-stack
                0x0000000000000000        0x0 lib/orangescrt.a(fork.o)
 .note.GNU-stack
                0x0000000000000000        0x0 lib/orangescrt.a(wait.o)
 .note.GNU-stack
                0x0000000000000000        0x0 lib/orangescrt.a(exec.o)
 .note.GNU-stack
                0x0000000000000000        0x0 lib/orangescrt.a(shell.o)

Memory Configuration

Name             Origin             Length             Attributes
*default*        0x0000000000000000 0xffffffffffffffff

Linker script and memory map

Address of section .text set to 0x1000
LOAD kernel/kernel.o
LOAD kernel/start.o
LOAD kernel/main.o
LOAD kernel/clock.o
LOAD kernel/keyboard.o
LOAD kernel/tty.o
LOAD kernel/console.o
LOAD kernel/i8259.o
LOAD kernel/global.o
LOAD kernel/protect.o
LOAD kernel/proc.o
LOAD kernel/systask.o
LOAD kernel/hd.o
LOAD kernel/kliba.o
LOAD kernel/klib.o
LOAD lib/syslog.o
LOAD mm/main.o
LOAD mm/forkexit.o
LOAD mm/exec.o
LOAD mm/shell.o
LOAD fs/main.o
LOAD fs/open.o
LOAD fs/misc.o
LOAD fs/read_write.o
LOAD fs/link.o
LOAD fs/disklog.o
LOAD lib/orangescrt.a
                [!provide]                        PROVIDE (__executable_start, 0x8048000)
                0x0000000008048094                . = (0x8048000 + SIZEOF_HEADERS)

.interp
 *(.interp)

.note.gnu.build-id
 *(.note.gnu.build-id)

.hash
 *(.hash)

.gnu.hash
 *(.gnu.hash)

.dynsym
 *(.dynsym)

.dynstr
 *(.dynstr)

.gnu.version
 *(.gnu.version)

.gnu.version_d
 *(.gnu.version_d)

.gnu.version_r
 *(.gnu.version_r)

.rel.dyn        0x0000000008048094        0x0
 *(.rel.init)
 *(.rel.text .rel.text.* .rel.gnu.linkonce.t.*)
 .rel.text      0x0000000008048094        0x0 kernel/kernel.o
 *(.rel.fini)
 *(.rel.rodata .rel.rodata.* .rel.gnu.linkonce.r.*)
 *(.rel.data.rel.ro .rel.data.rel.ro.* .rel.gnu.linkonce.d.rel.ro.*)
 *(.rel.data .rel.data.* .rel.gnu.linkonce.d.*)
 .rel.data      0x0000000008048094        0x0 kernel/kernel.o
 *(.rel.tdata .rel.tdata.* .rel.gnu.linkonce.td.*)
 *(.rel.tbss .rel.tbss.* .rel.gnu.linkonce.tb.*)
 *(.rel.ctors)
 *(.rel.dtors)
 *(.rel.got)
 *(.rel.bss .rel.bss.* .rel.gnu.linkonce.b.*)
 *(.rel.ifunc)

.rel.plt        0x0000000008048094        0x0
 *(.rel.plt)
                [!provide]                        PROVIDE (__rel_iplt_start, .)
 *(.rel.iplt)
 .rel.iplt      0x0000000008048094        0x0 kernel/kernel.o
                [!provide]                        PROVIDE (__rel_iplt_end, .)

.init
 *(SORT(.init))

.plt            0x00000000080480a0        0x0
 *(.plt)
 *(.iplt)
 .iplt          0x00000000080480a0        0x0 kernel/kernel.o

.plt.got
 *(.plt.got)

.text           0x0000000000001000     0xd986
 *(.text.unlikely .text.*_unlikely .text.unlikely.*)
 *(.text.exit .text.exit.*)
 *(.text.startup .text.startup.*)
 *(.text.hot .text.hot.*)
 *(.text .stub .text.* .gnu.linkonce.t.*)
 .text          0x0000000000001000      0x410 kernel/kernel.o
                0x0000000000001000                _start
                0x0000000000001040                hwint00
                0x0000000000001070                hwint01
                0x00000000000010a0                hwint02
                0x00000000000010d0                hwint03
                0x0000000000001100                hwint04
                0x0000000000001130                hwint05
                0x0000000000001160                hwint06
                0x0000000000001190                hwint07
                0x00000000000011c0                hwint08
                0x00000000000011f0                hwint09
                0x0000000000001220                hwint10
                0x0000000000001250                hwint11
                0x0000000000001280                hwint12
                0x00000000000012b0                hwint13
                0x00000000000012e0                hwint14
                0x0000000000001310                hwint15
                0x0000000000001334                divide_error
                0x000000000000133a                single_step_exception
                0x0000000000001340                nmi
                0x0000000000001346                breakpoint_exception
                0x000000000000134c                overflow
                0x0000000000001352                bounds_check
                0x0000000000001358                inval_opcode
                0x000000000000135e                copr_not_available
                0x0000000000001364                double_fault
                0x0000000000001368                copr_seg_overrun
                0x000000000000136e                inval_tss
                0x0000000000001372                segment_not_present
                0x0000000000001376                stack_exception
                0x000000000000137a                general_protection
                0x000000000000137e                page_fault
                0x0000000000001382                copr_error
                0x00000000000013cb                sys_call
                0x00000000000013eb                restart
 .text          0x0000000000001410       0x95 kernel/start.o
                0x0000000000001410                cstart
 .text          0x00000000000014a5      0xa2a kernel/main.o
                0x00000000000014a5                kernel_main
                0x00000000000017c0                get_ticks
                0x00000000000017f4                untar
                0x0000000000001a17                shabby_shell
                0x0000000000001cfa                Init
                0x0000000000001e77                TestA
                0x0000000000001e7c                TestB
                0x0000000000001e81                TestC
                0x0000000000001e86                panic
 .text          0x0000000000001ecf      0x10d kernel/clock.o
                0x0000000000001ecf                clock_handler
                0x0000000000001f4a                milli_delay
                0x0000000000001f84                init_clock
 .text          0x0000000000001fdc      0x77f kernel/keyboard.o
                0x0000000000001fdc                IsFlag
                0x0000000000002081                keyboard_handler
                0x00000000000020eb                init_keyboard
                0x000000000000219a                keyboard_read
 .text          0x000000000000275b      0xb57 kernel/tty.o
                0x000000000000275b                task_tty
                0x0000000000002a3c                in_process
                0x0000000000002fb2                sys_printx
                0x0000000000003151                dump_tty_buf
 .text          0x00000000000032b2      0x7d7 kernel/console.o
                0x00000000000032b2                init_screen
                0x0000000000003426                out_char
                0x0000000000003703                is_current_console
                0x00000000000037f6                select_console
                0x0000000000003836                scroll_screen
 .text          0x0000000000003a89      0x130 kernel/i8259.o
                0x0000000000003a89                init_8259A
                0x0000000000003b5e                spurious_irq
                0x0000000000003b95                put_irq_handler
 .text          0x0000000000003bb9        0x0 kernel/global.o
 .text          0x0000000000003bb9      0x65f kernel/protect.o
                0x0000000000003bb9                init_prot
                0x0000000000004021                seg2linear
                0x0000000000004070                init_desc
                0x00000000000040dd                exception_handler
 .text          0x0000000000004218     0x15ff kernel/proc.o
                0x0000000000004218                schedule
                0x00000000000042a4                sys_sendrec
                0x00000000000043ce                ldt_seg_linear
                0x0000000000004418                va2la
                0x0000000000004479                reset_msg
                0x000000000000525e                inform_int
                0x00000000000053ce                dump_proc
                0x000000000000570a                dump_msg
 .text          0x0000000000005817      0x332 kernel/systask.o
                0x0000000000005817                task_sys
 .text          0x0000000000005b49      0xe1f kernel/hd.o
                0x0000000000005b49                task_hd
                0x000000000000693d                hd_handler
 *fill*         0x0000000000006968        0x8 
 .text          0x0000000000006970      0x19a kernel/kliba.o
                0x0000000000006970                disp_str
                0x00000000000069ae                disp_color_str
                0x00000000000069ed                out_byte
                0x00000000000069f9                in_byte
                0x0000000000006a03                port_read
                0x0000000000006a16                port_write
                0x0000000000006a29                disable_irq
                0x0000000000006a5e                enable_irq
                0x0000000000006a7d                disable_int
                0x0000000000006a7f                enable_int
                0x0000000000006a81                glitter
 .text          0x0000000000006b0a      0x2af kernel/klib.o
                0x0000000000006b0a                get_boot_params
                0x0000000000006b90                get_kernel_map
                0x0000000000006ca0                itoa
                0x0000000000006d4b                disp_int
                0x0000000000006d72                delay
 .text          0x0000000000006db9       0x6f lib/syslog.o
                0x0000000000006db9                syslog
 .text          0x0000000000006e28      0x1d2 mm/main.o
                0x0000000000006e28                task_mm
                0x0000000000006f75                alloc_mem
                0x0000000000006ff0                free_mem
 .text          0x0000000000006ffa      0x772 mm/forkexit.o
                0x0000000000006ffa                do_fork
                0x0000000000007341                do_exit
                0x00000000000074b3                do_kill
                0x00000000000076b6                do_wait
 .text          0x000000000000776c      0x356 mm/exec.o
                0x000000000000776c                do_exec
 .text          0x0000000000007ac2      0x26b mm/shell.o
                0x0000000000007ac2                do_shell
                0x0000000000007c35                initShell
                0x0000000000007c55                changeCWD
                0x0000000000007d11                getCWD
 .text          0x0000000000007d2d     0x123b fs/main.o
                0x0000000000007d2d                task_fs
                0x000000000000880c                rw_sector
                0x0000000000008a2f                get_super_block
                0x0000000000008a75                get_inode
                0x0000000000008bd8                get_inode_directly
                0x0000000000008c23                count_surplus_inode_link
                0x0000000000008c63                put_inode
                0x0000000000008ca1                put_inodes_link
                0x0000000000008cfc                sync_inode
                0x0000000000008dfb                sync_inode_link
 .text          0x0000000000008f68      0xe43 fs/open.o
                0x0000000000008f68                do_open
                0x00000000000093bf                do_mkdir
                0x00000000000096a4                do_close
                0x0000000000009745                do_lseek
 .text          0x0000000000009dab      0x784 fs/misc.o
                0x0000000000009dab                do_stat
                0x0000000000009fc6                low_search_entry
                0x000000000000a0d0                search_file
                0x000000000000a18e                do_List_Dir
                0x000000000000a3ff                strip_path
 .text          0x000000000000a52f      0x86e fs/read_write.o
                0x000000000000a52f                do_rdwt
 .text          0x000000000000ad9d      0x8cc fs/link.o
                0x000000000000ad9d                do_unlink
                0x000000000000b5f9                getsize
 .text          0x000000000000b669     0x1fe3 fs/disklog.o
                0x000000000000b669                disklog
                0x000000000000bbd6                dump_fd_graph
 *fill*         0x000000000000d64c        0x4 
 .text          0x000000000000d650       0x28 lib/orangescrt.a(syscall.o)
                0x000000000000d650                sendrec
                0x000000000000d66a                printx
 .text          0x000000000000d678       0xad lib/orangescrt.a(printf.o)
                0x000000000000d678                printf
                0x000000000000d6e3                printl
 .text          0x000000000000d725      0x305 lib/orangescrt.a(vsprintf.o)
                0x000000000000d783                vsprintf
                0x000000000000da04                sprintf
 *fill*         0x000000000000da2a        0x6 
 .text          0x000000000000da30       0x78 lib/orangescrt.a(string.o)
                0x000000000000da30                memcpy
                0x000000000000da59                memset
                0x000000000000da7a                strcpy
                0x000000000000da92                strlen
 .text          0x000000000000daa8      0x552 lib/orangescrt.a(misc.o)
                0x000000000000daa8                send_recv
                0x000000000000db62                memcmp
                0x000000000000dbd8                strcmp
                0x000000000000dc4b                strcat
                0x000000000000dcaa                spin
                0x000000000000dcc5                strchr
                0x000000000000dcf2                strtok
                0x000000000000ddc0                _strcpy
                0x000000000000ddfc                _strncpy
                0x000000000000de75                memmove
                0x000000000000def0                proc_memcpy
                0x000000000000df04                atoi
                0x000000000000dfc1                assertion_failure
 .text          0x000000000000dffa       0xc6 lib/orangescrt.a(open.o)
                0x000000000000dffa                open
                0x000000000000e05d                mkdir
 .text          0x000000000000e0c0       0x37 lib/orangescrt.a(read.o)
                0x000000000000e0c0                read
 .text          0x000000000000e0f7       0x37 lib/orangescrt.a(write.o)
                0x000000000000e0f7                write
 .text          0x000000000000e12e       0x2b lib/orangescrt.a(close.o)
                0x000000000000e12e                close
 .text          0x000000000000e159       0x46 lib/orangescrt.a(getpid.o)
                0x000000000000e159                getpid
 .text          0x000000000000e19f       0x76 lib/orangescrt.a(stat.o)
                0x000000000000e19f                stat
 .text          0x000000000000e215       0x66 lib/orangescrt.a(fork.o)
                0x000000000000e215                fork
 .text          0x000000000000e27b       0x3c lib/orangescrt.a(wait.o)
                0x000000000000e27b                wait
 .text          0x000000000000e2b7      0x276 lib/orangescrt.a(exec.o)
                0x000000000000e2b7                exec
                0x000000000000e322                execl
                0x000000000000e347                execv
 .text          0x000000000000e52d      0x459 lib/orangescrt.a(shell.o)
                0x000000000000e52d                Init_Shell
                0x000000000000e56e                chdir
                0x000000000000e5c5                getcwd
                0x000000000000e5fe                extractExecDir
                0x000000000000e6aa                get_full_path
 *(.gnu.warning)

.fini
 *(SORT(.fini))
                [!provide]                        PROVIDE (__etext, .)
                [!provide]                        PROVIDE (_etext, .)
                [!provide]                        PROVIDE (etext, .)

.rodata         0x000000000000e9a0     0x290e
 *(.rodata .rodata.* .gnu.linkonce.r.*)
 .rodata        0x000000000000e9a0       0x47 kernel/start.o
 *fill*         0x000000000000e9e7        0x1 
 .rodata        0x000000000000e9e8      0x200 kernel/main.o
 .rodata        0x000000000000ebe8       0x64 kernel/keyboard.o
 .rodata        0x000000000000ec4c      0x168 kernel/tty.o
 .rodata        0x000000000000edb4       0x5b kernel/console.o
 .rodata        0x000000000000ee0f       0x11 kernel/i8259.o
 .rodata        0x000000000000ee20       0x10 kernel/global.o
                0x000000000000ee20                FSBUF_SIZE
                0x000000000000ee24                MMBUF_SIZE
                0x000000000000ee28                LOGBUF_SIZE
                0x000000000000ee2c                LOGDISKBUF_SIZE
 *fill*         0x000000000000ee30       0x10 
 .rodata        0x000000000000ee40      0x580 kernel/protect.o
 .rodata        0x000000000000f3c0      0x5da kernel/proc.o
 .rodata        0x000000000000f99a       0x11 kernel/systask.o
 *fill*         0x000000000000f9ab        0x1 
 .rodata        0x000000000000f9ac      0x1df kernel/hd.o
 *fill*         0x000000000000fb8b        0x1 
 .rodata        0x000000000000fb8c       0x6a kernel/klib.o
 .rodata        0x000000000000fbf6       0x1e lib/syslog.o
 .rodata        0x000000000000fc14       0xc9 mm/main.o
 *fill*         0x000000000000fcdd        0x3 
 .rodata        0x000000000000fce0       0xeb mm/forkexit.o
 *fill*         0x000000000000fdcb        0x1 
 .rodata        0x000000000000fdcc       0xa4 mm/exec.o
 .rodata        0x000000000000fe70       0x3d mm/shell.o
 *fill*         0x000000000000fead        0x3 
 .rodata        0x000000000000feb0      0x2de fs/main.o
 *fill*         0x000000000001018e        0x2 
 .rodata        0x0000000000010190      0x287 fs/open.o
 *fill*         0x0000000000010417        0x1 
 .rodata        0x0000000000010418       0xc5 fs/misc.o
 *fill*         0x00000000000104dd        0x3 
 .rodata        0x00000000000104e0      0x1c8 fs/read_write.o
 .rodata        0x00000000000106a8      0x1ad fs/link.o
 *fill*         0x0000000000010855        0x3 
 .rodata        0x0000000000010858      0x806 fs/disklog.o
 .rodata        0x000000000001105e       0x14 lib/orangescrt.a(printf.o)
 *fill*         0x0000000000011072        0x2 
 .rodata        0x0000000000011074       0xad lib/orangescrt.a(misc.o)
 .rodata        0x0000000000011121       0x23 lib/orangescrt.a(open.o)
 .rodata        0x0000000000011144       0x25 lib/orangescrt.a(getpid.o)
 .rodata        0x0000000000011169       0x33 lib/orangescrt.a(stat.o)
 .rodata        0x000000000001119c       0x33 lib/orangescrt.a(fork.o)
 *fill*         0x00000000000111cf        0x1 
 .rodata        0x00000000000111d0       0xa7 lib/orangescrt.a(exec.o)
 .rodata        0x0000000000011277       0x37 lib/orangescrt.a(shell.o)

.rodata1
 *(.rodata1)

.eh_frame_hdr
 *(.eh_frame_hdr)
 *(.eh_frame_entry .eh_frame_entry.*)

.eh_frame       0x00000000000112b0     0x169c
 *(.eh_frame)
 .eh_frame      0x00000000000112b0       0x38 kernel/start.o
 .eh_frame      0x00000000000112e8      0x10c kernel/main.o
                                        0x124 (size before relaxing)
 .eh_frame      0x00000000000113f4       0x60 kernel/clock.o
                                         0x78 (size before relaxing)
 .eh_frame      0x0000000000011454      0x100 kernel/keyboard.o
                                        0x118 (size before relaxing)
 .eh_frame      0x0000000000011554      0x19c kernel/tty.o
                                        0x1b4 (size before relaxing)
 .eh_frame      0x00000000000116f0      0x144 kernel/console.o
                                        0x15c (size before relaxing)
 .eh_frame      0x0000000000011834       0x60 kernel/i8259.o
                                         0x78 (size before relaxing)
 .eh_frame      0x0000000000011894       0xb0 kernel/protect.o
                                         0xc8 (size before relaxing)
 .eh_frame      0x0000000000011944      0x1b8 kernel/proc.o
                                        0x1d0 (size before relaxing)
 .eh_frame      0x0000000000011afc       0x5c kernel/systask.o
                                         0x74 (size before relaxing)
 .eh_frame      0x0000000000011b58      0x1f0 kernel/hd.o
                                        0x208 (size before relaxing)
 .eh_frame      0x0000000000011d48       0xa0 kernel/klib.o
                                         0xb8 (size before relaxing)
 .eh_frame      0x0000000000011de8       0x20 lib/syslog.o
                                         0x38 (size before relaxing)
 .eh_frame      0x0000000000011e08       0x7c mm/main.o
                                         0x94 (size before relaxing)
 .eh_frame      0x0000000000011e84       0xb0 mm/forkexit.o
                                         0xc8 (size before relaxing)
 .eh_frame      0x0000000000011f34       0x2c mm/exec.o
                                         0x44 (size before relaxing)
 .eh_frame      0x0000000000011f60       0x84 mm/shell.o
                                         0x9c (size before relaxing)
 .eh_frame      0x0000000000011fe4      0x1f0 fs/main.o
                                        0x208 (size before relaxing)
 .eh_frame      0x00000000000121d4      0x188 fs/open.o
                                        0x1a0 (size before relaxing)
 .eh_frame      0x000000000001235c       0xb4 fs/misc.o
                                         0xcc (size before relaxing)
 .eh_frame      0x0000000000012410       0x30 fs/read_write.o
                                         0x48 (size before relaxing)
 .eh_frame      0x0000000000012440       0x4c fs/link.o
                                         0x64 (size before relaxing)
 .eh_frame      0x000000000001248c       0x60 fs/disklog.o
                                         0x78 (size before relaxing)
 .eh_frame      0x00000000000124ec       0x40 lib/orangescrt.a(printf.o)
                                         0x58 (size before relaxing)
 .eh_frame      0x000000000001252c       0x60 lib/orangescrt.a(vsprintf.o)
                                         0x78 (size before relaxing)
 .eh_frame      0x000000000001258c      0x19c lib/orangescrt.a(misc.o)
                                        0x1b4 (size before relaxing)
 .eh_frame      0x0000000000012728       0x40 lib/orangescrt.a(open.o)
                                         0x58 (size before relaxing)
 .eh_frame      0x0000000000012768       0x20 lib/orangescrt.a(read.o)
                                         0x38 (size before relaxing)
 .eh_frame      0x0000000000012788       0x20 lib/orangescrt.a(write.o)
                                         0x38 (size before relaxing)
 .eh_frame      0x00000000000127a8       0x20 lib/orangescrt.a(close.o)
                                         0x38 (size before relaxing)
 .eh_frame      0x00000000000127c8       0x20 lib/orangescrt.a(getpid.o)
                                         0x38 (size before relaxing)
 .eh_frame      0x00000000000127e8       0x20 lib/orangescrt.a(stat.o)
                                         0x38 (size before relaxing)
 .eh_frame      0x0000000000012808       0x20 lib/orangescrt.a(fork.o)
                                         0x38 (size before relaxing)
 .eh_frame      0x0000000000012828       0x20 lib/orangescrt.a(wait.o)
                                         0x38 (size before relaxing)
 .eh_frame      0x0000000000012848       0x60 lib/orangescrt.a(exec.o)
                                         0x78 (size before relaxing)
 .eh_frame      0x00000000000128a8       0xa4 lib/orangescrt.a(shell.o)
                                         0xbc (size before relaxing)
 *(.eh_frame.*)

.gcc_except_table
 *(.gcc_except_table .gcc_except_table.*)

.gnu_extab
 *(.gnu_extab*)

.exception_ranges
 *(.exception_ranges .exception_ranges*)
                0x000000000001394c                . = DATA_SEGMENT_ALIGN (0x1000, 0x1000)

.eh_frame
 *(.eh_frame)
 *(.eh_frame.*)

.gnu_extab
 *(.gnu_extab)

.gcc_except_table
 *(.gcc_except_table .gcc_except_table.*)

.exception_ranges
 *(.exception_ranges .exception_ranges*)

.tdata
 *(.tdata .tdata.* .gnu.linkonce.td.*)

.tbss
 *(.tbss .tbss.* .gnu.linkonce.tb.*)
 *(.tcommon)

.preinit_array  0x000000000001394c        0x0
                [!provide]                        PROVIDE (__preinit_array_start, .)
 *(.preinit_array)
                [!provide]                        PROVIDE (__preinit_array_end, .)

.init_array     0x000000000001394c        0x0
                [!provide]                        PROVIDE (__init_array_start, .)
 *(SORT(.init_array.*) SORT(.ctors.*))
 *(.init_array EXCLUDE_FILE(*crtend?.o *crtend.o *crtbegin?.o *crtbegin.o) .ctors)
                [!provide]                        PROVIDE (__init_array_end, .)

.fini_array     0x000000000001394c        0x0
                [!provide]                        PROVIDE (__fini_array_start, .)
 *(SORT(.fini_array.*) SORT(.dtors.*))
 *(.fini_array EXCLUDE_FILE(*crtend?.o *crtend.o *crtbegin?.o *crtbegin.o) .dtors)
                [!provide]                        PROVIDE (__fini_array_end, .)

.ctors
 *crtbegin.o(.ctors)
 *crtbegin?.o(.ctors)
 *(EXCLUDE_FILE(*crtend?.o *crtend.o) .ctors)
 *(SORT(.ctors.*))
 *(.ctors)

.dtors
 *crtbegin.o(.dtors)
 *crtbegin?.o(.dtors)
 *(EXCLUDE_FILE(*crtend?.o *crtend.o) .dtors)
 *(SORT(.dtors.*))
 *(.dtors)

.jcr
 *(.jcr)

.data.rel.ro
 *(.data.rel.ro.local* .gnu.linkonce.d.rel.ro.local.*)
 *(.data.rel.ro .data.rel.ro.* .gnu.linkonce.d.rel.ro.*)

.dynamic
 *(.dynamic)

.got
 *(.got)
 *(.igot)
                0x000000000001394c                . = DATA_SEGMENT_RELRO_END (., (SIZEOF (.got.plt) >= 0xc)?0xc:0x0)

.got.plt        0x000000000001394c        0x0
 *(.got.plt)
 *(.igot.plt)
 .igot.plt      0x000000000001394c        0x0 kernel/kernel.o

.data           0x0000000000013960      0x838
 *(.data .data.* .gnu.linkonce.d.*)
 .data          0x0000000000013960        0x2 kernel/kernel.o
 .data          0x0000000000013962        0x0 kernel/start.o
 .data          0x0000000000013962        0x0 kernel/main.o
 .data          0x0000000000013962        0x0 kernel/clock.o
 *fill*         0x0000000000013962       0x1e 
 .data          0x0000000000013980      0x600 kernel/keyboard.o
                0x0000000000013980                keymap
 .data          0x0000000000013f80       0x42 kernel/tty.o
 .data          0x0000000000013fc2        0x0 kernel/console.o
 .data          0x0000000000013fc2        0x0 kernel/i8259.o
 *fill*         0x0000000000013fc2       0x1e 
 .data          0x0000000000013fe0      0x1b4 kernel/global.o
                0x0000000000013fe0                task_table
                0x00000000000140c0                user_proc_table
                0x0000000000014160                sys_call_table
                0x000000000001416c                dd_map
                0x0000000000014184                fsbuf
                0x0000000000014188                mmbuf
                0x000000000001418c                logbuf
                0x0000000000014190                logdiskbuf
 .data          0x0000000000014194        0x0 kernel/protect.o
 .data          0x0000000000014194        0x0 kernel/proc.o
 .data          0x0000000000014194        0x0 kernel/systask.o
 .data          0x0000000000014194        0x0 kernel/hd.o
 .data          0x0000000000014194        0x0 kernel/klib.o
 .data          0x0000000000014194        0x0 lib/syslog.o
 .data          0x0000000000014194        0x0 mm/main.o
 .data          0x0000000000014194        0x0 mm/forkexit.o
 .data          0x0000000000014194        0x0 mm/exec.o
 .data          0x0000000000014194        0x0 mm/shell.o
 .data          0x0000000000014194        0x0 fs/main.o
 .data          0x0000000000014194        0x0 fs/open.o
 .data          0x0000000000014194        0x4 fs/misc.o
                0x0000000000014194                last_query_dev
 .data          0x0000000000014198        0x0 fs/read_write.o
 .data          0x0000000000014198        0x0 fs/link.o
 .data          0x0000000000014198        0x0 fs/disklog.o
 .data          0x0000000000014198        0x0 lib/orangescrt.a(printf.o)
 .data          0x0000000000014198        0x0 lib/orangescrt.a(vsprintf.o)
 .data          0x0000000000014198        0x0 lib/orangescrt.a(misc.o)
 .data          0x0000000000014198        0x0 lib/orangescrt.a(open.o)
 .data          0x0000000000014198        0x0 lib/orangescrt.a(read.o)
 .data          0x0000000000014198        0x0 lib/orangescrt.a(write.o)
 .data          0x0000000000014198        0x0 lib/orangescrt.a(close.o)
 .data          0x0000000000014198        0x0 lib/orangescrt.a(getpid.o)
 .data          0x0000000000014198        0x0 lib/orangescrt.a(stat.o)
 .data          0x0000000000014198        0x0 lib/orangescrt.a(fork.o)
 .data          0x0000000000014198        0x0 lib/orangescrt.a(wait.o)
 .data          0x0000000000014198        0x0 lib/orangescrt.a(exec.o)
 .data          0x0000000000014198        0x0 lib/orangescrt.a(shell.o)

.data1
 *(.data1)
                0x0000000000014198                _edata = .
                [!provide]                        PROVIDE (edata, .)
                0x0000000000014198                . = .
                0x0000000000014198                __bss_start = .

.bss            0x00000000000141a0    0x4f928
 *(.dynbss)
 *(.bss .bss.* .gnu.linkonce.b.*)
 .bss           0x00000000000141a0      0x800 kernel/kernel.o
 .bss           0x00000000000149a0        0x0 kernel/start.o
 .bss           0x00000000000149a0        0x0 kernel/main.o
 .bss           0x00000000000149a0        0x0 kernel/clock.o
 .bss           0x00000000000149a0       0x58 kernel/keyboard.o
 .bss           0x00000000000149f8        0x4 kernel/tty.o
 .bss           0x00000000000149fc        0x0 kernel/console.o
 .bss           0x00000000000149fc        0x0 kernel/i8259.o
 .bss           0x00000000000149fc        0x0 kernel/global.o
 .bss           0x00000000000149fc        0x0 kernel/protect.o
 .bss           0x00000000000149fc        0x0 kernel/proc.o
 .bss           0x00000000000149fc        0x0 kernel/systask.o
 *fill*         0x00000000000149fc        0x4 
 .bss           0x0000000000014a00      0x64c kernel/hd.o
 .bss           0x000000000001504c        0x0 kernel/klib.o
 .bss           0x000000000001504c        0x0 lib/syslog.o
 .bss           0x000000000001504c        0x0 mm/main.o
 .bss           0x000000000001504c        0x0 mm/forkexit.o
 .bss           0x000000000001504c        0x0 mm/exec.o
 .bss           0x000000000001504c        0x0 mm/shell.o
 .bss           0x000000000001504c        0x0 fs/main.o
 .bss           0x000000000001504c        0x0 fs/open.o
 .bss           0x000000000001504c        0x0 fs/misc.o
 .bss           0x000000000001504c        0x0 fs/read_write.o
 .bss           0x000000000001504c        0x0 fs/link.o
 *fill*         0x000000000001504c       0x14 
 .bss           0x0000000000015060      0x208 fs/disklog.o
 .bss           0x0000000000015268        0x0 lib/orangescrt.a(printf.o)
 .bss           0x0000000000015268        0x0 lib/orangescrt.a(vsprintf.o)
 .bss           0x0000000000015268        0x4 lib/orangescrt.a(misc.o)
 .bss           0x000000000001526c        0x0 lib/orangescrt.a(open.o)
 .bss           0x000000000001526c        0x0 lib/orangescrt.a(read.o)
 .bss           0x000000000001526c        0x0 lib/orangescrt.a(write.o)
 .bss           0x000000000001526c        0x0 lib/orangescrt.a(close.o)
 .bss           0x000000000001526c        0x0 lib/orangescrt.a(getpid.o)
 .bss           0x000000000001526c        0x0 lib/orangescrt.a(stat.o)
 .bss           0x000000000001526c        0x0 lib/orangescrt.a(fork.o)
 .bss           0x000000000001526c        0x0 lib/orangescrt.a(wait.o)
 .bss           0x000000000001526c        0x0 lib/orangescrt.a(exec.o)
 .bss           0x000000000001526c        0x0 lib/orangescrt.a(shell.o)
 *(COMMON)
 *fill*         0x000000000001526c       0x14 
 COMMON         0x0000000000015280    0x4e838 kernel/global.o
                0x0000000000015280                idt_ptr
                0x00000000000152a0                inode_table
                0x0000000000015da0                task_stack
                0x000000000005dda0                k_reenter
                0x000000000005ddc0                gdt
                0x000000000005e1c0                current_console
                0x000000000005e1c4                pcaller
                0x000000000005e1e0                tty_table
                0x000000000005ee60                tss
                0x000000000005eee0                fs_msg
                0x000000000005ef10                memory_size
                0x000000000005ef20                f_desc_table
                0x000000000005f420                root_inode
                0x000000000005f424                disp_pos
                0x000000000005f440                mm_msg
                0x000000000005f480                Working_Directory
                0x000000000005f500                key_pressed
                0x000000000005f504                gdt_ptr
                0x000000000005f520                idt
                0x000000000005fd20                super_block
                0x000000000005ff00                ticks
                0x000000000005ff20                console_table
                0x000000000005ff60                irq_table
                0x000000000005ffa0                p_proc_ready
                0x000000000005ffc0                proc_table
 COMMON         0x0000000000063ab8       0x10 kernel/hd.o
                0x0000000000063ab8                PARTITION_ENTRY
                0x0000000000063ac8                . = ALIGN ((. != 0x0)?0x4:0x1)
                0x0000000000063ac8                . = ALIGN (0x4)
                0x0000000000063ac8                . = SEGMENT_START ("ldata-segment", .)
                0x0000000000063ac8                . = ALIGN (0x4)
                0x0000000000063ac8                _end = .
                [!provide]                        PROVIDE (end, .)
                0x0000000000063ac8                . = DATA_SEGMENT_END (.)

.stab
 *(.stab)

.stabstr
 *(.stabstr)

.stab.excl
 *(.stab.excl)

.stab.exclstr
 *(.stab.exclstr)

.stab.index
 *(.stab.index)

.stab.indexstr
 *(.stab.indexstr)

.comment        0x0000000000000000       0x35
 *(.comment)
 .comment       0x0000000000000000       0x35 kernel/start.o
                                         0x36 (size before relaxing)
 .comment       0x0000000000000035       0x36 kernel/main.o
 .comment       0x0000000000000035       0x36 kernel/clock.o
 .comment       0x0000000000000035       0x36 kernel/keyboard.o
 .comment       0x0000000000000035       0x36 kernel/tty.o
 .comment       0x0000000000000035       0x36 kernel/console.o
 .comment       0x0000000000000035       0x36 kernel/i8259.o
 .comment       0x0000000000000035       0x36 kernel/global.o
 .comment       0x0000000000000035       0x36 kernel/protect.o
 .comment       0x0000000000000035       0x36 kernel/proc.o
 .comment       0x0000000000000035       0x36 kernel/systask.o
 .comment       0x0000000000000035       0x36 kernel/hd.o
 .comment       0x0000000000000035       0x36 kernel/klib.o
 .comment       0x0000000000000035       0x36 lib/syslog.o
 .comment       0x0000000000000035       0x36 mm/main.o
 .comment       0x0000000000000035       0x36 mm/forkexit.o
 .comment       0x0000000000000035       0x36 mm/exec.o
 .comment       0x0000000000000035       0x36 mm/shell.o
 .comment       0x0000000000000035       0x36 fs/main.o
 .comment       0x0000000000000035       0x36 fs/open.o
 .comment       0x0000000000000035       0x36 fs/misc.o
 .comment       0x0000000000000035       0x36 fs/read_write.o
 .comment       0x0000000000000035       0x36 fs/link.o
 .comment       0x0000000000000035       0x36 fs/disklog.o
 .comment       0x0000000000000035       0x36 lib/orangescrt.a(printf.o)
 .comment       0x0000000000000035       0x36 lib/orangescrt.a(vsprintf.o)
 .comment       0x0000000000000035       0x36 lib/orangescrt.a(misc.o)
 .comment       0x0000000000000035       0x36 lib/orangescrt.a(open.o)
 .comment       0x0000000000000035       0x36 lib/orangescrt.a(read.o)
 .comment       0x0000000000000035       0x36 lib/orangescrt.a(write.o)
 .comment       0x0000000000000035       0x36 lib/orangescrt.a(close.o)
 .comment       0x0000000000000035       0x36 lib/orangescrt.a(getpid.o)
 .comment       0x0000000000000035       0x36 lib/orangescrt.a(stat.o)
 .comment       0x0000000000000035       0x36 lib/orangescrt.a(fork.o)
 .comment       0x0000000000000035       0x36 lib/orangescrt.a(wait.o)
 .comment       0x0000000000000035       0x36 lib/orangescrt.a(exec.o)
 .comment       0x0000000000000035       0x36 lib/orangescrt.a(shell.o)

.debug
 *(.debug)

.line
 *(.line)

.debug_srcinfo
 *(.debug_srcinfo)

.debug_sfnames
 *(.debug_sfnames)

.debug_aranges
 *(.debug_aranges)

.debug_pubnames
 *(.debug_pubnames)

.debug_info
 *(.debug_info .gnu.linkonce.wi.*)

.debug_abbrev
 *(.debug_abbrev)

.debug_line
 *(.debug_line .debug_line.* .debug_line_end)

.debug_frame
 *(.debug_frame)

.debug_str
 *(.debug_str)

.debug_loc
 *(.debug_loc)

.debug_macinfo
 *(.debug_macinfo)

.debug_weaknames
 *(.debug_weaknames)

.debug_funcnames
 *(.debug_funcnames)

.debug_typenames
 *(.debug_typenames)

.debug_varnames
 *(.debug_varnames)

.debug_pubtypes
 *(.debug_pubtypes)

.debug_ranges
 *(.debug_ranges)

.debug_macro
 *(.debug_macro)

.gnu.attributes
 *(.gnu.attributes)

/DISCARD/
 *(.note.GNU-stack)
 *(.gnu_debuglink)
 *(.gnu.lto_*)
OUTPUT(kernel.bin elf32-i386)
