Archive member included to satisfy reference by file (symbol)

lib/orangescrt.a(syscall.o)   mm/main.o (printx)
lib/orangescrt.a(printf.o)    kernel/main.o (printf)
lib/orangescrt.a(vsprintf.o)  kernel/main.o (vsprintf)
lib/orangescrt.a(string.o)    kernel/start.o (memcpy)
lib/orangescrt.a(misc.o)      kernel/main.o (send_recv)
lib/orangescrt.a(open.o)      kernel/main.o (open)
lib/orangescrt.a(read.o)      kernel/main.o (read)
lib/orangescrt.a(write.o)     kernel/main.o (write)
lib/orangescrt.a(close.o)     kernel/main.o (close)
lib/orangescrt.a(getpid.o)    kernel/main.o (getpid)
lib/orangescrt.a(stat.o)      mm/exec.o (stat)
lib/orangescrt.a(fork.o)      kernel/main.o (fork)
lib/orangescrt.a(wait.o)      kernel/main.o (wait)
lib/orangescrt.a(exec.o)      kernel/main.o (execv)
lib/orangescrt.a(shell.o)     kernel/main.o (Init_Shell)

Allocating common symbols
Common symbol       size              file

idt_ptr             0x6               kernel/global.o
inode_table         0xb00             kernel/global.o
task_stack          0x48000           kernel/global.o
k_reenter           0x4               kernel/global.o
Shell_PID           0x4               kernel/start.o
gdt                 0x400             kernel/global.o
current_console     0x4               kernel/global.o
pcaller             0x4               kernel/global.o
tty_table           0xc6c             kernel/global.o
tss                 0x68              kernel/global.o
fs_msg              0x30              kernel/global.o
memory_size         0x4               kernel/global.o
f_desc_table        0x500             kernel/global.o
root_inode          0x4               kernel/global.o
disp_pos            0x4               kernel/global.o
mm_msg              0x30              kernel/global.o
Working_Directory   0x4               kernel/global.o
key_pressed         0x4               kernel/global.o
gdt_ptr             0x6               kernel/global.o
idt                 0x800             kernel/global.o
super_block         0x1e0             kernel/global.o
PARTITION_ENTRY     0x10              kernel/hd.o
ticks               0x4               kernel/global.o
console_table       0x3c              kernel/global.o
irq_table           0x40              kernel/global.o
p_proc_ready        0x4               kernel/global.o
proc_table          0x3af8            kernel/global.o

Discarded input sections

 .note.GNU-stack
                0x0000000000000000        0x0 kernel/start.o
 .note.GNU-stack
                0x0000000000000000        0x0 kernel/main.o
 .note.GNU-stack
                0x0000000000000000        0x0 kernel/clock.o
 .note.GNU-stack
                0x0000000000000000        0x0 kernel/keyboard.o
 .note.GNU-stack
                0x0000000000000000        0x0 kernel/tty.o
 .note.GNU-stack
                0x0000000000000000        0x0 kernel/console.o
 .note.GNU-stack
                0x0000000000000000        0x0 kernel/i8259.o
 .note.GNU-stack
                0x0000000000000000        0x0 kernel/global.o
 .note.GNU-stack
                0x0000000000000000        0x0 kernel/protect.o
 .note.GNU-stack
                0x0000000000000000        0x0 kernel/proc.o
 .note.GNU-stack
                0x0000000000000000        0x0 kernel/systask.o
 .note.GNU-stack
                0x0000000000000000        0x0 kernel/hd.o
 .note.GNU-stack
                0x0000000000000000        0x0 kernel/klib.o
 .note.GNU-stack
                0x0000000000000000        0x0 lib/syslog.o
 .note.GNU-stack
                0x0000000000000000        0x0 mm/main.o
 .note.GNU-stack
                0x0000000000000000        0x0 mm/forkexit.o
 .note.GNU-stack
                0x0000000000000000        0x0 mm/exec.o
 .note.GNU-stack
                0x0000000000000000        0x0 fs/main.o
 .note.GNU-stack
                0x0000000000000000        0x0 fs/open.o
 .note.GNU-stack
                0x0000000000000000        0x0 fs/misc.o
 .note.GNU-stack
                0x0000000000000000        0x0 fs/read_write.o
 .note.GNU-stack
                0x0000000000000000        0x0 fs/link.o
 .note.GNU-stack
                0x0000000000000000        0x0 fs/disklog.o
 .note.GNU-stack
                0x0000000000000000        0x0 lib/orangescrt.a(printf.o)
 .note.GNU-stack
                0x0000000000000000        0x0 lib/orangescrt.a(vsprintf.o)
 .note.GNU-stack
                0x0000000000000000        0x0 lib/orangescrt.a(misc.o)
 .note.GNU-stack
                0x0000000000000000        0x0 lib/orangescrt.a(open.o)
 .note.GNU-stack
                0x0000000000000000        0x0 lib/orangescrt.a(read.o)
 .note.GNU-stack
                0x0000000000000000        0x0 lib/orangescrt.a(write.o)
 .note.GNU-stack
                0x0000000000000000        0x0 lib/orangescrt.a(close.o)
 .note.GNU-stack
                0x0000000000000000        0x0 lib/orangescrt.a(getpid.o)
 .note.GNU-stack
                0x0000000000000000        0x0 lib/orangescrt.a(stat.o)
 .note.GNU-stack
                0x0000000000000000        0x0 lib/orangescrt.a(fork.o)
 .note.GNU-stack
                0x0000000000000000        0x0 lib/orangescrt.a(wait.o)
 .note.GNU-stack
                0x0000000000000000        0x0 lib/orangescrt.a(exec.o)
 .note.GNU-stack
                0x0000000000000000        0x0 lib/orangescrt.a(shell.o)

Memory Configuration

Name             Origin             Length             Attributes
*default*        0x0000000000000000 0xffffffffffffffff

Linker script and memory map

Address of section .text set to 0x1000
LOAD kernel/kernel.o
LOAD kernel/start.o
LOAD kernel/main.o
LOAD kernel/clock.o
LOAD kernel/keyboard.o
LOAD kernel/tty.o
LOAD kernel/console.o
LOAD kernel/i8259.o
LOAD kernel/global.o
LOAD kernel/protect.o
LOAD kernel/proc.o
LOAD kernel/systask.o
LOAD kernel/hd.o
LOAD kernel/kliba.o
LOAD kernel/klib.o
LOAD lib/syslog.o
LOAD mm/main.o
LOAD mm/forkexit.o
LOAD mm/exec.o
LOAD fs/main.o
LOAD fs/open.o
LOAD fs/misc.o
LOAD fs/read_write.o
LOAD fs/link.o
LOAD fs/disklog.o
LOAD lib/orangescrt.a
                [!provide]                        PROVIDE (__executable_start, 0x8048000)
                0x0000000008048094                . = (0x8048000 + SIZEOF_HEADERS)

.interp
 *(.interp)

.note.gnu.build-id
 *(.note.gnu.build-id)

.hash
 *(.hash)

.gnu.hash
 *(.gnu.hash)

.dynsym
 *(.dynsym)

.dynstr
 *(.dynstr)

.gnu.version
 *(.gnu.version)

.gnu.version_d
 *(.gnu.version_d)

.gnu.version_r
 *(.gnu.version_r)

.rel.dyn        0x0000000008048094        0x0
 *(.rel.init)
 *(.rel.text .rel.text.* .rel.gnu.linkonce.t.*)
 .rel.text      0x0000000008048094        0x0 kernel/kernel.o
 *(.rel.fini)
 *(.rel.rodata .rel.rodata.* .rel.gnu.linkonce.r.*)
 *(.rel.data.rel.ro .rel.data.rel.ro.* .rel.gnu.linkonce.d.rel.ro.*)
 *(.rel.data .rel.data.* .rel.gnu.linkonce.d.*)
 .rel.data      0x0000000008048094        0x0 kernel/kernel.o
 *(.rel.tdata .rel.tdata.* .rel.gnu.linkonce.td.*)
 *(.rel.tbss .rel.tbss.* .rel.gnu.linkonce.tb.*)
 *(.rel.ctors)
 *(.rel.dtors)
 *(.rel.got)
 *(.rel.bss .rel.bss.* .rel.gnu.linkonce.b.*)
 *(.rel.ifunc)

.rel.plt        0x0000000008048094        0x0
 *(.rel.plt)
                [!provide]                        PROVIDE (__rel_iplt_start, .)
 *(.rel.iplt)
 .rel.iplt      0x0000000008048094        0x0 kernel/kernel.o
                [!provide]                        PROVIDE (__rel_iplt_end, .)

.init
 *(SORT(.init))

.plt            0x00000000080480a0        0x0
 *(.plt)
 *(.iplt)
 .iplt          0x00000000080480a0        0x0 kernel/kernel.o

.plt.got
 *(.plt.got)

.text           0x0000000000001000     0xd0d5
 *(.text.unlikely .text.*_unlikely .text.unlikely.*)
 *(.text.exit .text.exit.*)
 *(.text.startup .text.startup.*)
 *(.text.hot .text.hot.*)
 *(.text .stub .text.* .gnu.linkonce.t.*)
 .text          0x0000000000001000      0x410 kernel/kernel.o
                0x0000000000001000                _start
                0x0000000000001040                hwint00
                0x0000000000001070                hwint01
                0x00000000000010a0                hwint02
                0x00000000000010d0                hwint03
                0x0000000000001100                hwint04
                0x0000000000001130                hwint05
                0x0000000000001160                hwint06
                0x0000000000001190                hwint07
                0x00000000000011c0                hwint08
                0x00000000000011f0                hwint09
                0x0000000000001220                hwint10
                0x0000000000001250                hwint11
                0x0000000000001280                hwint12
                0x00000000000012b0                hwint13
                0x00000000000012e0                hwint14
                0x0000000000001310                hwint15
                0x0000000000001334                divide_error
                0x000000000000133a                single_step_exception
                0x0000000000001340                nmi
                0x0000000000001346                breakpoint_exception
                0x000000000000134c                overflow
                0x0000000000001352                bounds_check
                0x0000000000001358                inval_opcode
                0x000000000000135e                copr_not_available
                0x0000000000001364                double_fault
                0x0000000000001368                copr_seg_overrun
                0x000000000000136e                inval_tss
                0x0000000000001372                segment_not_present
                0x0000000000001376                stack_exception
                0x000000000000137a                general_protection
                0x000000000000137e                page_fault
                0x0000000000001382                copr_error
                0x00000000000013cb                sys_call
                0x00000000000013eb                restart
 .text          0x0000000000001410       0x95 kernel/start.o
                0x0000000000001410                cstart
 .text          0x00000000000014a5      0xa42 kernel/main.o
                0x00000000000014a5                kernel_main
                0x00000000000017c0                get_ticks
                0x00000000000017f4                untar
                0x0000000000001a17                shabby_shell
                0x0000000000001ce2                Init
                0x0000000000001e8f                TestA
                0x0000000000001e94                TestB
                0x0000000000001e99                TestC
                0x0000000000001e9e                panic
 .text          0x0000000000001ee7      0x10d kernel/clock.o
                0x0000000000001ee7                clock_handler
                0x0000000000001f62                milli_delay
                0x0000000000001f9c                init_clock
 .text          0x0000000000001ff4      0x6da kernel/keyboard.o
                0x0000000000001ff4                keyboard_handler
                0x000000000000205e                init_keyboard
                0x000000000000210d                keyboard_read
 .text          0x00000000000026ce      0xa2c kernel/tty.o
                0x00000000000026ce                task_tty
                0x00000000000028bf                in_process
                0x0000000000002dfa                sys_printx
                0x0000000000002f99                dump_tty_buf
 .text          0x00000000000030fa      0x7d7 kernel/console.o
                0x00000000000030fa                init_screen
                0x000000000000326e                out_char
                0x000000000000354b                is_current_console
                0x000000000000363e                select_console
                0x000000000000367e                scroll_screen
 .text          0x00000000000038d1      0x130 kernel/i8259.o
                0x00000000000038d1                init_8259A
                0x00000000000039a6                spurious_irq
                0x00000000000039dd                put_irq_handler
 .text          0x0000000000003a01        0x0 kernel/global.o
 .text          0x0000000000003a01      0x65f kernel/protect.o
                0x0000000000003a01                init_prot
                0x0000000000003e69                seg2linear
                0x0000000000003eb8                init_desc
                0x0000000000003f25                exception_handler
 .text          0x0000000000004060     0x15ff kernel/proc.o
                0x0000000000004060                schedule
                0x00000000000040ec                sys_sendrec
                0x0000000000004216                ldt_seg_linear
                0x0000000000004260                va2la
                0x00000000000042c1                reset_msg
                0x00000000000050a6                inform_int
                0x0000000000005216                dump_proc
                0x0000000000005552                dump_msg
 .text          0x000000000000565f      0x2bc kernel/systask.o
                0x000000000000565f                task_sys
 .text          0x000000000000591b      0xe1f kernel/hd.o
                0x000000000000591b                task_hd
                0x000000000000670f                hd_handler
 *fill*         0x000000000000673a        0x6 
 .text          0x0000000000006740      0x19a kernel/kliba.o
                0x0000000000006740                disp_str
                0x000000000000677e                disp_color_str
                0x00000000000067bd                out_byte
                0x00000000000067c9                in_byte
                0x00000000000067d3                port_read
                0x00000000000067e6                port_write
                0x00000000000067f9                disable_irq
                0x000000000000682e                enable_irq
                0x000000000000684d                disable_int
                0x000000000000684f                enable_int
                0x0000000000006851                glitter
 .text          0x00000000000068da      0x2af kernel/klib.o
                0x00000000000068da                get_boot_params
                0x0000000000006960                get_kernel_map
                0x0000000000006a70                itoa
                0x0000000000006b1b                disp_int
                0x0000000000006b42                delay
 .text          0x0000000000006b89       0x6f lib/syslog.o
                0x0000000000006b89                syslog
 .text          0x0000000000006bf8      0x23f mm/main.o
                0x0000000000006bf8                task_mm
                0x0000000000006db2                alloc_mem
                0x0000000000006e2d                free_mem
 .text          0x0000000000006e37      0x5c0 mm/forkexit.o
                0x0000000000006e37                do_fork
                0x0000000000007178                do_exit
                0x0000000000007341                do_wait
 .text          0x00000000000073f7      0x356 mm/exec.o
                0x00000000000073f7                do_exec
 .text          0x000000000000774d     0x123b fs/main.o
                0x000000000000774d                task_fs
                0x000000000000822c                rw_sector
                0x000000000000844f                get_super_block
                0x0000000000008495                get_inode
                0x00000000000085f8                get_inode_directly
                0x0000000000008643                count_surplus_inode_link
                0x0000000000008683                put_inode
                0x00000000000086c1                put_inodes_link
                0x000000000000871c                sync_inode
                0x000000000000881b                sync_inode_link
 .text          0x0000000000008988      0xe43 fs/open.o
                0x0000000000008988                do_open
                0x0000000000008dc8                do_mkdir
                0x00000000000090ad                do_close
                0x0000000000009128                do_lseek
 .text          0x00000000000097cb      0x741 fs/misc.o
                0x00000000000097cb                do_stat
                0x00000000000099e6                low_search_entry
                0x0000000000009adb                search_file
                0x0000000000009b99                do_List_Dir
                0x0000000000009e0a                strip_path
 .text          0x0000000000009f0c      0x781 fs/read_write.o
                0x0000000000009f0c                do_rdwt
 .text          0x000000000000a68d      0x8cc fs/link.o
                0x000000000000a68d                do_unlink
                0x000000000000aee9                getsize
 .text          0x000000000000af59     0x1fe3 fs/disklog.o
                0x000000000000af59                disklog
                0x000000000000b4c6                dump_fd_graph
 *fill*         0x000000000000cf3c        0x4 
 .text          0x000000000000cf40       0x28 lib/orangescrt.a(syscall.o)
                0x000000000000cf40                sendrec
                0x000000000000cf5a                printx
 .text          0x000000000000cf68       0xad lib/orangescrt.a(printf.o)
                0x000000000000cf68                printf
                0x000000000000cfd3                printl
 .text          0x000000000000d015      0x305 lib/orangescrt.a(vsprintf.o)
                0x000000000000d073                vsprintf
                0x000000000000d2f4                sprintf
 *fill*         0x000000000000d31a        0x6 
 .text          0x000000000000d320       0x78 lib/orangescrt.a(string.o)
                0x000000000000d320                memcpy
                0x000000000000d349                memset
                0x000000000000d36a                strcpy
                0x000000000000d382                strlen
 .text          0x000000000000d398      0x3a1 lib/orangescrt.a(misc.o)
                0x000000000000d398                send_recv
                0x000000000000d452                memcmp
                0x000000000000d4c8                strcmp
                0x000000000000d53b                strcat
                0x000000000000d59a                spin
                0x000000000000d5b5                strchr
                0x000000000000d5e2                strtok
                0x000000000000d6b0                _strcpy
                0x000000000000d6ec                proc_memcpy
                0x000000000000d700                assertion_failure
 .text          0x000000000000d739       0xc6 lib/orangescrt.a(open.o)
                0x000000000000d739                open
                0x000000000000d79c                mkdir
 .text          0x000000000000d7ff       0x37 lib/orangescrt.a(read.o)
                0x000000000000d7ff                read
 .text          0x000000000000d836       0x37 lib/orangescrt.a(write.o)
                0x000000000000d836                write
 .text          0x000000000000d86d       0x2b lib/orangescrt.a(close.o)
                0x000000000000d86d                close
 .text          0x000000000000d898       0x46 lib/orangescrt.a(getpid.o)
                0x000000000000d898                getpid
 .text          0x000000000000d8de       0x76 lib/orangescrt.a(stat.o)
                0x000000000000d8de                stat
 .text          0x000000000000d954       0x66 lib/orangescrt.a(fork.o)
                0x000000000000d954                fork
 .text          0x000000000000d9ba       0x3c lib/orangescrt.a(wait.o)
                0x000000000000d9ba                wait
 .text          0x000000000000d9f6      0x276 lib/orangescrt.a(exec.o)
                0x000000000000d9f6                exec
                0x000000000000da61                execl
                0x000000000000da86                execv
 .text          0x000000000000dc6c      0x469 lib/orangescrt.a(shell.o)
                0x000000000000dc6c                Init_Shell
                0x000000000000dc87                chdir
                0x000000000000dcd2                getcwd
                0x000000000000dda2                extractExecDir
                0x000000000000de4e                get_full_path
 *(.gnu.warning)

.fini
 *(SORT(.fini))
                [!provide]                        PROVIDE (__etext, .)
                [!provide]                        PROVIDE (_etext, .)
                [!provide]                        PROVIDE (etext, .)

.rodata         0x000000000000e0e0     0x284a
 *(.rodata .rodata.* .gnu.linkonce.r.*)
 .rodata        0x000000000000e0e0       0x47 kernel/start.o
 *fill*         0x000000000000e127        0x1 
 .rodata        0x000000000000e128      0x1f8 kernel/main.o
 .rodata        0x000000000000e320       0x64 kernel/keyboard.o
 .rodata        0x000000000000e384      0x168 kernel/tty.o
 .rodata        0x000000000000e4ec       0x5b kernel/console.o
 .rodata        0x000000000000e547       0x11 kernel/i8259.o
 .rodata        0x000000000000e558       0x10 kernel/global.o
                0x000000000000e558                FSBUF_SIZE
                0x000000000000e55c                MMBUF_SIZE
                0x000000000000e560                LOGBUF_SIZE
                0x000000000000e564                LOGDISKBUF_SIZE
 *fill*         0x000000000000e568       0x18 
 .rodata        0x000000000000e580      0x580 kernel/protect.o
 .rodata        0x000000000000eb00      0x5da kernel/proc.o
 .rodata        0x000000000000f0da       0x11 kernel/systask.o
 *fill*         0x000000000000f0eb        0x1 
 .rodata        0x000000000000f0ec      0x1df kernel/hd.o
 *fill*         0x000000000000f2cb        0x1 
 .rodata        0x000000000000f2cc       0x6a kernel/klib.o
 .rodata        0x000000000000f336       0x1e lib/syslog.o
 .rodata        0x000000000000f354       0xf5 mm/main.o
 *fill*         0x000000000000f449        0x3 
 .rodata        0x000000000000f44c       0xe7 mm/forkexit.o
 *fill*         0x000000000000f533        0x1 
 .rodata        0x000000000000f534       0xa4 mm/exec.o
 .rodata        0x000000000000f5d8      0x2de fs/main.o
 *fill*         0x000000000000f8b6        0x2 
 .rodata        0x000000000000f8b8      0x25b fs/open.o
 *fill*         0x000000000000fb13        0x1 
 .rodata        0x000000000000fb14       0x7a fs/misc.o
 *fill*         0x000000000000fb8e        0x2 
 .rodata        0x000000000000fb90      0x164 fs/read_write.o
 .rodata        0x000000000000fcf4      0x1ad fs/link.o
 *fill*         0x000000000000fea1        0x3 
 .rodata        0x000000000000fea4      0x806 fs/disklog.o
 .rodata        0x00000000000106aa       0x14 lib/orangescrt.a(printf.o)
 *fill*         0x00000000000106be        0x2 
 .rodata        0x00000000000106c0       0xad lib/orangescrt.a(misc.o)
 .rodata        0x000000000001076d       0x23 lib/orangescrt.a(open.o)
 .rodata        0x0000000000010790       0x25 lib/orangescrt.a(getpid.o)
 .rodata        0x00000000000107b5       0x33 lib/orangescrt.a(stat.o)
 .rodata        0x00000000000107e8       0x33 lib/orangescrt.a(fork.o)
 *fill*         0x000000000001081b        0x1 
 .rodata        0x000000000001081c       0xa7 lib/orangescrt.a(exec.o)
 .rodata        0x00000000000108c3       0x67 lib/orangescrt.a(shell.o)

.rodata1
 *(.rodata1)

.eh_frame_hdr
 *(.eh_frame_hdr)
 *(.eh_frame_entry .eh_frame_entry.*)

.eh_frame       0x000000000001092c     0x1530
 *(.eh_frame)
 .eh_frame      0x000000000001092c       0x38 kernel/start.o
 .eh_frame      0x0000000000010964      0x10c kernel/main.o
                                        0x124 (size before relaxing)
 .eh_frame      0x0000000000010a70       0x60 kernel/clock.o
                                         0x78 (size before relaxing)
 .eh_frame      0x0000000000010ad0       0xe0 kernel/keyboard.o
                                         0xf8 (size before relaxing)
 .eh_frame      0x0000000000010bb0      0x13c kernel/tty.o
                                        0x154 (size before relaxing)
 .eh_frame      0x0000000000010cec      0x144 kernel/console.o
                                        0x15c (size before relaxing)
 .eh_frame      0x0000000000010e30       0x60 kernel/i8259.o
                                         0x78 (size before relaxing)
 .eh_frame      0x0000000000010e90       0xb0 kernel/protect.o
                                         0xc8 (size before relaxing)
 .eh_frame      0x0000000000010f40      0x1b8 kernel/proc.o
                                        0x1d0 (size before relaxing)
 .eh_frame      0x00000000000110f8       0x5c kernel/systask.o
                                         0x74 (size before relaxing)
 .eh_frame      0x0000000000011154      0x1f0 kernel/hd.o
                                        0x208 (size before relaxing)
 .eh_frame      0x0000000000011344       0xa0 kernel/klib.o
                                         0xb8 (size before relaxing)
 .eh_frame      0x00000000000113e4       0x20 lib/syslog.o
                                         0x38 (size before relaxing)
 .eh_frame      0x0000000000011404       0x80 mm/main.o
                                         0x98 (size before relaxing)
 .eh_frame      0x0000000000011484       0x90 mm/forkexit.o
                                         0xa8 (size before relaxing)
 .eh_frame      0x0000000000011514       0x2c mm/exec.o
                                         0x44 (size before relaxing)
 .eh_frame      0x0000000000011540      0x1f0 fs/main.o
                                        0x208 (size before relaxing)
 .eh_frame      0x0000000000011730      0x188 fs/open.o
                                        0x1a0 (size before relaxing)
 .eh_frame      0x00000000000118b8       0xb4 fs/misc.o
                                         0xcc (size before relaxing)
 .eh_frame      0x000000000001196c       0x30 fs/read_write.o
                                         0x48 (size before relaxing)
 .eh_frame      0x000000000001199c       0x4c fs/link.o
                                         0x64 (size before relaxing)
 .eh_frame      0x00000000000119e8       0x60 fs/disklog.o
                                         0x78 (size before relaxing)
 .eh_frame      0x0000000000011a48       0x40 lib/orangescrt.a(printf.o)
                                         0x58 (size before relaxing)
 .eh_frame      0x0000000000011a88       0x60 lib/orangescrt.a(vsprintf.o)
                                         0x78 (size before relaxing)
 .eh_frame      0x0000000000011ae8      0x13c lib/orangescrt.a(misc.o)
                                        0x154 (size before relaxing)
 .eh_frame      0x0000000000011c24       0x40 lib/orangescrt.a(open.o)
                                         0x58 (size before relaxing)
 .eh_frame      0x0000000000011c64       0x20 lib/orangescrt.a(read.o)
                                         0x38 (size before relaxing)
 .eh_frame      0x0000000000011c84       0x20 lib/orangescrt.a(write.o)
                                         0x38 (size before relaxing)
 .eh_frame      0x0000000000011ca4       0x20 lib/orangescrt.a(close.o)
                                         0x38 (size before relaxing)
 .eh_frame      0x0000000000011cc4       0x20 lib/orangescrt.a(getpid.o)
                                         0x38 (size before relaxing)
 .eh_frame      0x0000000000011ce4       0x20 lib/orangescrt.a(stat.o)
                                         0x38 (size before relaxing)
 .eh_frame      0x0000000000011d04       0x20 lib/orangescrt.a(fork.o)
                                         0x38 (size before relaxing)
 .eh_frame      0x0000000000011d24       0x20 lib/orangescrt.a(wait.o)
                                         0x38 (size before relaxing)
 .eh_frame      0x0000000000011d44       0x60 lib/orangescrt.a(exec.o)
                                         0x78 (size before relaxing)
 .eh_frame      0x0000000000011da4       0xb8 lib/orangescrt.a(shell.o)
                                         0xd0 (size before relaxing)
 *(.eh_frame.*)

.gcc_except_table
 *(.gcc_except_table .gcc_except_table.*)

.gnu_extab
 *(.gnu_extab*)

.exception_ranges
 *(.exception_ranges .exception_ranges*)
                0x0000000000012e5c                . = DATA_SEGMENT_ALIGN (0x1000, 0x1000)

.eh_frame
 *(.eh_frame)
 *(.eh_frame.*)

.gnu_extab
 *(.gnu_extab)

.gcc_except_table
 *(.gcc_except_table .gcc_except_table.*)

.exception_ranges
 *(.exception_ranges .exception_ranges*)

.tdata
 *(.tdata .tdata.* .gnu.linkonce.td.*)

.tbss
 *(.tbss .tbss.* .gnu.linkonce.tb.*)
 *(.tcommon)

.preinit_array  0x0000000000012e5c        0x0
                [!provide]                        PROVIDE (__preinit_array_start, .)
 *(.preinit_array)
                [!provide]                        PROVIDE (__preinit_array_end, .)

.init_array     0x0000000000012e5c        0x0
                [!provide]                        PROVIDE (__init_array_start, .)
 *(SORT(.init_array.*) SORT(.ctors.*))
 *(.init_array EXCLUDE_FILE(*crtend?.o *crtend.o *crtbegin?.o *crtbegin.o) .ctors)
                [!provide]                        PROVIDE (__init_array_end, .)

.fini_array     0x0000000000012e5c        0x0
                [!provide]                        PROVIDE (__fini_array_start, .)
 *(SORT(.fini_array.*) SORT(.dtors.*))
 *(.fini_array EXCLUDE_FILE(*crtend?.o *crtend.o *crtbegin?.o *crtbegin.o) .dtors)
                [!provide]                        PROVIDE (__fini_array_end, .)

.ctors
 *crtbegin.o(.ctors)
 *crtbegin?.o(.ctors)
 *(EXCLUDE_FILE(*crtend?.o *crtend.o) .ctors)
 *(SORT(.ctors.*))
 *(.ctors)

.dtors
 *crtbegin.o(.dtors)
 *crtbegin?.o(.dtors)
 *(EXCLUDE_FILE(*crtend?.o *crtend.o) .dtors)
 *(SORT(.dtors.*))
 *(.dtors)

.jcr
 *(.jcr)

.data.rel.ro
 *(.data.rel.ro.local* .gnu.linkonce.d.rel.ro.local.*)
 *(.data.rel.ro .data.rel.ro.* .gnu.linkonce.d.rel.ro.*)

.dynamic
 *(.dynamic)

.got
 *(.got)
 *(.igot)
                0x0000000000012e5c                . = DATA_SEGMENT_RELRO_END (., (SIZEOF (.got.plt) >= 0xc)?0xc:0x0)

.got.plt        0x0000000000012e5c        0x0
 *(.got.plt)
 *(.igot.plt)
 .igot.plt      0x0000000000012e5c        0x0 kernel/kernel.o

.data           0x0000000000012e60      0x818
 *(.data .data.* .gnu.linkonce.d.*)
 .data          0x0000000000012e60        0x2 kernel/kernel.o
 .data          0x0000000000012e62        0x0 kernel/start.o
 .data          0x0000000000012e62        0x0 kernel/main.o
 .data          0x0000000000012e62        0x0 kernel/clock.o
 *fill*         0x0000000000012e62       0x1e 
 .data          0x0000000000012e80      0x600 kernel/keyboard.o
                0x0000000000012e80                keymap
 .data          0x0000000000013480       0x22 kernel/tty.o
 .data          0x00000000000134a2        0x0 kernel/console.o
 .data          0x00000000000134a2        0x0 kernel/i8259.o
 *fill*         0x00000000000134a2       0x1e 
 .data          0x00000000000134c0      0x1b4 kernel/global.o
                0x00000000000134c0                task_table
                0x00000000000135a0                user_proc_table
                0x0000000000013640                sys_call_table
                0x000000000001364c                dd_map
                0x0000000000013664                fsbuf
                0x0000000000013668                mmbuf
                0x000000000001366c                logbuf
                0x0000000000013670                logdiskbuf
 .data          0x0000000000013674        0x0 kernel/protect.o
 .data          0x0000000000013674        0x0 kernel/proc.o
 .data          0x0000000000013674        0x0 kernel/systask.o
 .data          0x0000000000013674        0x0 kernel/hd.o
 .data          0x0000000000013674        0x0 kernel/klib.o
 .data          0x0000000000013674        0x0 lib/syslog.o
 .data          0x0000000000013674        0x0 mm/main.o
 .data          0x0000000000013674        0x0 mm/forkexit.o
 .data          0x0000000000013674        0x0 mm/exec.o
 .data          0x0000000000013674        0x0 fs/main.o
 .data          0x0000000000013674        0x0 fs/open.o
 .data          0x0000000000013674        0x4 fs/misc.o
                0x0000000000013674                last_query_dev
 .data          0x0000000000013678        0x0 fs/read_write.o
 .data          0x0000000000013678        0x0 fs/link.o
 .data          0x0000000000013678        0x0 fs/disklog.o
 .data          0x0000000000013678        0x0 lib/orangescrt.a(printf.o)
 .data          0x0000000000013678        0x0 lib/orangescrt.a(vsprintf.o)
 .data          0x0000000000013678        0x0 lib/orangescrt.a(misc.o)
 .data          0x0000000000013678        0x0 lib/orangescrt.a(open.o)
 .data          0x0000000000013678        0x0 lib/orangescrt.a(read.o)
 .data          0x0000000000013678        0x0 lib/orangescrt.a(write.o)
 .data          0x0000000000013678        0x0 lib/orangescrt.a(close.o)
 .data          0x0000000000013678        0x0 lib/orangescrt.a(getpid.o)
 .data          0x0000000000013678        0x0 lib/orangescrt.a(stat.o)
 .data          0x0000000000013678        0x0 lib/orangescrt.a(fork.o)
 .data          0x0000000000013678        0x0 lib/orangescrt.a(wait.o)
 .data          0x0000000000013678        0x0 lib/orangescrt.a(exec.o)
 .data          0x0000000000013678        0x0 lib/orangescrt.a(shell.o)

.data1
 *(.data1)
                0x0000000000013678                _edata = .
                [!provide]                        PROVIDE (edata, .)
                0x0000000000013678                . = .
                0x0000000000013678                __bss_start = .

.bss            0x0000000000013680    0x4f888
 *(.dynbss)
 *(.bss .bss.* .gnu.linkonce.b.*)
 .bss           0x0000000000013680      0x800 kernel/kernel.o
 .bss           0x0000000000013e80        0x0 kernel/start.o
 .bss           0x0000000000013e80        0x0 kernel/main.o
 .bss           0x0000000000013e80        0x0 kernel/clock.o
 .bss           0x0000000000013e80       0x58 kernel/keyboard.o
 .bss           0x0000000000013ed8        0x0 kernel/tty.o
 .bss           0x0000000000013ed8        0x0 kernel/console.o
 .bss           0x0000000000013ed8        0x0 kernel/i8259.o
 .bss           0x0000000000013ed8        0x0 kernel/global.o
 .bss           0x0000000000013ed8        0x0 kernel/protect.o
 .bss           0x0000000000013ed8        0x0 kernel/proc.o
 .bss           0x0000000000013ed8        0x0 kernel/systask.o
 *fill*         0x0000000000013ed8        0x8 
 .bss           0x0000000000013ee0      0x64c kernel/hd.o
 .bss           0x000000000001452c        0x0 kernel/klib.o
 .bss           0x000000000001452c        0x0 lib/syslog.o
 .bss           0x000000000001452c        0x0 mm/main.o
 .bss           0x000000000001452c        0x0 mm/forkexit.o
 .bss           0x000000000001452c        0x0 mm/exec.o
 .bss           0x000000000001452c        0x0 fs/main.o
 .bss           0x000000000001452c        0x0 fs/open.o
 .bss           0x000000000001452c        0x0 fs/misc.o
 .bss           0x000000000001452c        0x0 fs/read_write.o
 .bss           0x000000000001452c        0x0 fs/link.o
 *fill*         0x000000000001452c       0x14 
 .bss           0x0000000000014540      0x208 fs/disklog.o
 .bss           0x0000000000014748        0x0 lib/orangescrt.a(printf.o)
 .bss           0x0000000000014748        0x0 lib/orangescrt.a(vsprintf.o)
 .bss           0x0000000000014748        0x4 lib/orangescrt.a(misc.o)
 .bss           0x000000000001474c        0x0 lib/orangescrt.a(open.o)
 .bss           0x000000000001474c        0x0 lib/orangescrt.a(read.o)
 .bss           0x000000000001474c        0x0 lib/orangescrt.a(write.o)
 .bss           0x000000000001474c        0x0 lib/orangescrt.a(close.o)
 .bss           0x000000000001474c        0x0 lib/orangescrt.a(getpid.o)
 .bss           0x000000000001474c        0x0 lib/orangescrt.a(stat.o)
 .bss           0x000000000001474c        0x0 lib/orangescrt.a(fork.o)
 .bss           0x000000000001474c        0x0 lib/orangescrt.a(wait.o)
 .bss           0x000000000001474c        0x0 lib/orangescrt.a(exec.o)
 .bss           0x000000000001474c        0x0 lib/orangescrt.a(shell.o)
 *(COMMON)
 COMMON         0x000000000001474c        0x4 kernel/start.o
                0x000000000001474c                Shell_PID
 *fill*         0x0000000000014750       0x10 
 COMMON         0x0000000000014760    0x4e798 kernel/global.o
                0x0000000000014760                idt_ptr
                0x0000000000014780                inode_table
                0x0000000000015280                task_stack
                0x000000000005d280                k_reenter
                0x000000000005d2a0                gdt
                0x000000000005d6a0                current_console
                0x000000000005d6a4                pcaller
                0x000000000005d6c0                tty_table
                0x000000000005e340                tss
                0x000000000005e3c0                fs_msg
                0x000000000005e3f0                memory_size
                0x000000000005e400                f_desc_table
                0x000000000005e900                root_inode
                0x000000000005e904                disp_pos
                0x000000000005e920                mm_msg
                0x000000000005e950                Working_Directory
                0x000000000005e954                key_pressed
                0x000000000005e958                gdt_ptr
                0x000000000005e960                idt
                0x000000000005f160                super_block
                0x000000000005f340                ticks
                0x000000000005f360                console_table
                0x000000000005f3a0                irq_table
                0x000000000005f3e0                p_proc_ready
                0x000000000005f400                proc_table
 COMMON         0x0000000000062ef8       0x10 kernel/hd.o
                0x0000000000062ef8                PARTITION_ENTRY
                0x0000000000062f08                . = ALIGN ((. != 0x0)?0x4:0x1)
                0x0000000000062f08                . = ALIGN (0x4)
                0x0000000000062f08                . = SEGMENT_START ("ldata-segment", .)
                0x0000000000062f08                . = ALIGN (0x4)
                0x0000000000062f08                _end = .
                [!provide]                        PROVIDE (end, .)
                0x0000000000062f08                . = DATA_SEGMENT_END (.)

.stab
 *(.stab)

.stabstr
 *(.stabstr)

.stab.excl
 *(.stab.excl)

.stab.exclstr
 *(.stab.exclstr)

.stab.index
 *(.stab.index)

.stab.indexstr
 *(.stab.indexstr)

.comment        0x0000000000000000       0x35
 *(.comment)
 .comment       0x0000000000000000       0x35 kernel/start.o
                                         0x36 (size before relaxing)
 .comment       0x0000000000000035       0x36 kernel/main.o
 .comment       0x0000000000000035       0x36 kernel/clock.o
 .comment       0x0000000000000035       0x36 kernel/keyboard.o
 .comment       0x0000000000000035       0x36 kernel/tty.o
 .comment       0x0000000000000035       0x36 kernel/console.o
 .comment       0x0000000000000035       0x36 kernel/i8259.o
 .comment       0x0000000000000035       0x36 kernel/global.o
 .comment       0x0000000000000035       0x36 kernel/protect.o
 .comment       0x0000000000000035       0x36 kernel/proc.o
 .comment       0x0000000000000035       0x36 kernel/systask.o
 .comment       0x0000000000000035       0x36 kernel/hd.o
 .comment       0x0000000000000035       0x36 kernel/klib.o
 .comment       0x0000000000000035       0x36 lib/syslog.o
 .comment       0x0000000000000035       0x36 mm/main.o
 .comment       0x0000000000000035       0x36 mm/forkexit.o
 .comment       0x0000000000000035       0x36 mm/exec.o
 .comment       0x0000000000000035       0x36 fs/main.o
 .comment       0x0000000000000035       0x36 fs/open.o
 .comment       0x0000000000000035       0x36 fs/misc.o
 .comment       0x0000000000000035       0x36 fs/read_write.o
 .comment       0x0000000000000035       0x36 fs/link.o
 .comment       0x0000000000000035       0x36 fs/disklog.o
 .comment       0x0000000000000035       0x36 lib/orangescrt.a(printf.o)
 .comment       0x0000000000000035       0x36 lib/orangescrt.a(vsprintf.o)
 .comment       0x0000000000000035       0x36 lib/orangescrt.a(misc.o)
 .comment       0x0000000000000035       0x36 lib/orangescrt.a(open.o)
 .comment       0x0000000000000035       0x36 lib/orangescrt.a(read.o)
 .comment       0x0000000000000035       0x36 lib/orangescrt.a(write.o)
 .comment       0x0000000000000035       0x36 lib/orangescrt.a(close.o)
 .comment       0x0000000000000035       0x36 lib/orangescrt.a(getpid.o)
 .comment       0x0000000000000035       0x36 lib/orangescrt.a(stat.o)
 .comment       0x0000000000000035       0x36 lib/orangescrt.a(fork.o)
 .comment       0x0000000000000035       0x36 lib/orangescrt.a(wait.o)
 .comment       0x0000000000000035       0x36 lib/orangescrt.a(exec.o)
 .comment       0x0000000000000035       0x36 lib/orangescrt.a(shell.o)

.debug
 *(.debug)

.line
 *(.line)

.debug_srcinfo
 *(.debug_srcinfo)

.debug_sfnames
 *(.debug_sfnames)

.debug_aranges
 *(.debug_aranges)

.debug_pubnames
 *(.debug_pubnames)

.debug_info
 *(.debug_info .gnu.linkonce.wi.*)

.debug_abbrev
 *(.debug_abbrev)

.debug_line
 *(.debug_line .debug_line.* .debug_line_end)

.debug_frame
 *(.debug_frame)

.debug_str
 *(.debug_str)

.debug_loc
 *(.debug_loc)

.debug_macinfo
 *(.debug_macinfo)

.debug_weaknames
 *(.debug_weaknames)

.debug_funcnames
 *(.debug_funcnames)

.debug_typenames
 *(.debug_typenames)

.debug_varnames
 *(.debug_varnames)

.debug_pubtypes
 *(.debug_pubtypes)

.debug_ranges
 *(.debug_ranges)

.debug_macro
 *(.debug_macro)

.gnu.attributes
 *(.gnu.attributes)

/DISCARD/
 *(.note.GNU-stack)
 *(.gnu_debuglink)
 *(.gnu.lto_*)
OUTPUT(kernel.bin elf32-i386)
